../Core/Src/LCD_Driver.c:33:6:LCD_GPIO_Init	56	static
../Core/Src/LCD_Driver.c:116:6:LTCD_Layer_Init	72	static
../Core/Src/LCD_Driver.c:143:6:clearScreen	8	static
../Core/Src/LCD_Driver.c:148:6:LTCD__Init	8	static
../Core/Src/LCD_Driver.c:207:6:LCD_Draw_Pixel	16	static
../Core/Src/LCD_Driver.c:217:6:LCD_Draw_Circle_Fill	32	static
../Core/Src/LCD_Driver.c:230:6:LCD_Draw_LShape1_Rotate1_Fill	16	static
../Core/Src/LCD_Driver.c:234:6:LCD_Draw_LShape1_Fill	40	static
../Core/Src/LCD_Driver.c:255:6:LCD_Draw_LShape2_Fill	40	static
../Core/Src/LCD_Driver.c:277:6:LCD_Draw_Rectangle_Fill	40	static
../Core/Src/LCD_Driver.c:295:6:LCD_Draw_Rectangle_Rotate1_Fill	24	static
../Core/Src/LCD_Driver.c:305:6:LCD_Draw_BBox_Fill	32	static
../Core/Src/LCD_Driver.c:317:6:LCD_Draw_TBox_Fill	24	static
../Core/Src/LCD_Driver.c:329:6:LCD_Draw_Box_Fill	32	static
../Core/Src/LCD_Driver.c:341:6:LCD_Draw_ZShape_Fill	40	static
../Core/Src/LCD_Driver.c:366:6:LCD_Draw_SShape_Fill	40	static
../Core/Src/LCD_Driver.c:391:6:LCD_Draw_Platform_Fill	32	static
../Core/Src/LCD_Driver.c:403:6:LCD_Draw_Vertical_Line	32	static
../Core/Src/LCD_Driver.c:410:6:LCD_Clear_Game	24	static
../Core/Src/LCD_Driver.c:417:6:LCD_Clear	24	static
../Core/Src/LCD_Driver.c:428:6:LCD_SetTextColor	16	static
../Core/Src/LCD_Driver.c:434:6:LCD_SetFont	16	static
../Core/Src/LCD_Driver.c:440:6:LCD_Draw_Char	24	static
../Core/Src/LCD_Driver.c:460:6:LCD_DisplayChar	16	static
../Core/Src/LCD_Driver.c:466:6:visualDemo	16	static
../Core/Src/LCD_Driver.c:516:6:LCD_Error_Handler	4	static,ignoring_inline_asm
../Core/Src/LCD_Driver.c:531:6:InitializeLCDTouch	8	static
../Core/Src/LCD_Driver.c:539:18:returnTouchStateAndLocation	16	static
../Core/Src/LCD_Driver.c:544:6:DetermineTouchPosition	16	static
../Core/Src/LCD_Driver.c:549:9:ReadRegisterFromTouchModule	16	static
../Core/Src/LCD_Driver.c:554:6:WriteDataToTouchModule	16	static
