../Core/Src/LCD_Driver.c:23:6:LCD_PrintString	24	static
../Core/Src/LCD_Driver.c:48:6:LCD_GPIO_Init	56	static
../Core/Src/LCD_Driver.c:131:6:LTCD_Layer_Init	72	static
../Core/Src/LCD_Driver.c:158:6:clearScreen	8	static
../Core/Src/LCD_Driver.c:163:6:LTCD__Init	8	static
../Core/Src/LCD_Driver.c:222:6:LCD_Draw_Pixel	16	static
../Core/Src/LCD_Driver.c:232:6:LCD_Draw_Circle_Fill	32	static
../Core/Src/LCD_Driver.c:245:6:LCD_Draw_LShape1_Rotate1_Fill	16	static
../Core/Src/LCD_Driver.c:249:6:LCD_Draw_LShape1_Fill	40	static
../Core/Src/LCD_Driver.c:270:6:LCD_Draw_LShape2_Fill	40	static
../Core/Src/LCD_Driver.c:292:6:LCD_Draw_Rectangle_Fill	40	static
../Core/Src/LCD_Driver.c:310:6:LCD_Draw_Rectangle_Rotate1_Fill	24	static
../Core/Src/LCD_Driver.c:320:6:LCD_Draw_BBox_Fill	32	static
../Core/Src/LCD_Driver.c:332:6:LCD_Draw_TBox_Fill	24	static
../Core/Src/LCD_Driver.c:344:6:LCD_Draw_Box_Fill	32	static
../Core/Src/LCD_Driver.c:356:6:LCD_Draw_ZShape_Fill	40	static
../Core/Src/LCD_Driver.c:381:6:LCD_Draw_SShape_Fill	40	static
../Core/Src/LCD_Driver.c:406:6:LCD_Draw_Platform_Fill	32	static
../Core/Src/LCD_Driver.c:418:6:LCD_Draw_Vertical_Line	32	static
../Core/Src/LCD_Driver.c:425:6:LCD_Clear_Game	24	static
../Core/Src/LCD_Driver.c:432:6:LCD_Clear	24	static
../Core/Src/LCD_Driver.c:443:6:LCD_SetTextColor	16	static
../Core/Src/LCD_Driver.c:449:6:LCD_SetFont	16	static
../Core/Src/LCD_Driver.c:455:6:LCD_Draw_Char	24	static
../Core/Src/LCD_Driver.c:475:6:LCD_DisplayChar	16	static
../Core/Src/LCD_Driver.c:481:6:visualDemo	16	static
../Core/Src/LCD_Driver.c:531:6:LCD_Error_Handler	4	static,ignoring_inline_asm
../Core/Src/LCD_Driver.c:546:6:InitializeLCDTouch	8	static
../Core/Src/LCD_Driver.c:554:18:returnTouchStateAndLocation	16	static
../Core/Src/LCD_Driver.c:559:6:DetermineTouchPosition	16	static
../Core/Src/LCD_Driver.c:564:9:ReadRegisterFromTouchModule	16	static
../Core/Src/LCD_Driver.c:569:6:WriteDataToTouchModule	16	static
