../Core/Src/main.c:87:6:startScreen	8	static
../Core/Src/main.c:131:6:gameScreen	32	static
../Core/Src/main.c:291:6:gameOver	56	static
../Core/Src/main.c:356:10:GenerateRandomNumberTetris	24	static
../Core/Src/main.c:366:5:main	24	static
../Core/Src/main.c:468:13:MX_I2C3_Init	8	static
../Core/Src/main.c:516:13:MX_LTDC_Init	112	static
../Core/Src/main.c:598:13:MX_RNG_Init	8	static
../Core/Src/main.c:624:13:MX_SPI5_Init	8	static
../Core/Src/main.c:662:13:MX_TIM7_Init	16	static
../Core/Src/main.c:700:13:MX_GPIO_Init	64	static
../Core/Src/main.c:867:6:SystemClock_Config	88	static
../Core/Src/main.c:909:6:SystemClockOverride	80	static
../Core/Src/main.c:944:6:Error_Handler	4	static,ignoring_inline_asm
