../Core/Src/main.c:87:6:startScreen	8	static
../Core/Src/main.c:131:6:gameScreen	32	static
../Core/Src/main.c:291:6:gameOver	8	static
../Core/Src/main.c:344:10:GenerateRandomNumberTetris	24	static
../Core/Src/main.c:354:5:main	16	static
../Core/Src/main.c:452:13:MX_I2C3_Init	8	static
../Core/Src/main.c:500:13:MX_LTDC_Init	112	static
../Core/Src/main.c:582:13:MX_RNG_Init	8	static
../Core/Src/main.c:608:13:MX_SPI5_Init	8	static
../Core/Src/main.c:646:13:MX_TIM7_Init	16	static
../Core/Src/main.c:684:13:MX_GPIO_Init	64	static
../Core/Src/main.c:851:6:SystemClock_Config	88	static
../Core/Src/main.c:893:6:SystemClockOverride	80	static
../Core/Src/main.c:928:6:Error_Handler	4	static,ignoring_inline_asm
