Archive member included to satisfy reference by file (symbol)

C:/ST/STM32CubeIDE_1.16.1/STM32CubeIDE/plugins/com.st.stm32cube.ide.mcu.externaltools.gnu-tools-for-stm32.12.3.rel1.win32_1.0.200.202406191623/tools/bin/../lib/gcc/arm-none-eabi/12.3.1/../../../../arm-none-eabi/lib/thumb/v7e-m+fp/hard\libc_nano.a(libc_a-exit.o)
                              C:/ST/STM32CubeIDE_1.16.1/STM32CubeIDE/plugins/com.st.stm32cube.ide.mcu.externaltools.gnu-tools-for-stm32.12.3.rel1.win32_1.0.200.202406191623/tools/bin/../lib/gcc/arm-none-eabi/12.3.1/../../../../arm-none-eabi/lib/thumb/v7e-m+fp/hard/crt0.o (exit)
C:/ST/STM32CubeIDE_1.16.1/STM32CubeIDE/plugins/com.st.stm32cube.ide.mcu.externaltools.gnu-tools-for-stm32.12.3.rel1.win32_1.0.200.202406191623/tools/bin/../lib/gcc/arm-none-eabi/12.3.1/../../../../arm-none-eabi/lib/thumb/v7e-m+fp/hard\libc_nano.a(libc_a-findfp.o)
                              C:/ST/STM32CubeIDE_1.16.1/STM32CubeIDE/plugins/com.st.stm32cube.ide.mcu.externaltools.gnu-tools-for-stm32.12.3.rel1.win32_1.0.200.202406191623/tools/bin/../lib/gcc/arm-none-eabi/12.3.1/../../../../arm-none-eabi/lib/thumb/v7e-m+fp/hard\libc_nano.a(libc_a-exit.o) (__stdio_exit_handler)
C:/ST/STM32CubeIDE_1.16.1/STM32CubeIDE/plugins/com.st.stm32cube.ide.mcu.externaltools.gnu-tools-for-stm32.12.3.rel1.win32_1.0.200.202406191623/tools/bin/../lib/gcc/arm-none-eabi/12.3.1/../../../../arm-none-eabi/lib/thumb/v7e-m+fp/hard\libc_nano.a(libc_a-fwalk.o)
                              C:/ST/STM32CubeIDE_1.16.1/STM32CubeIDE/plugins/com.st.stm32cube.ide.mcu.externaltools.gnu-tools-for-stm32.12.3.rel1.win32_1.0.200.202406191623/tools/bin/../lib/gcc/arm-none-eabi/12.3.1/../../../../arm-none-eabi/lib/thumb/v7e-m+fp/hard\libc_nano.a(libc_a-findfp.o) (_fwalk_sglue)
C:/ST/STM32CubeIDE_1.16.1/STM32CubeIDE/plugins/com.st.stm32cube.ide.mcu.externaltools.gnu-tools-for-stm32.12.3.rel1.win32_1.0.200.202406191623/tools/bin/../lib/gcc/arm-none-eabi/12.3.1/../../../../arm-none-eabi/lib/thumb/v7e-m+fp/hard\libc_nano.a(libc_a-printf.o)
                              ./Core/Src/ApplicationCode.o (printf)
C:/ST/STM32CubeIDE_1.16.1/STM32CubeIDE/plugins/com.st.stm32cube.ide.mcu.externaltools.gnu-tools-for-stm32.12.3.rel1.win32_1.0.200.202406191623/tools/bin/../lib/gcc/arm-none-eabi/12.3.1/../../../../arm-none-eabi/lib/thumb/v7e-m+fp/hard\libc_nano.a(libc_a-puts.o)
                              ./Core/Src/ApplicationCode.o (puts)
C:/ST/STM32CubeIDE_1.16.1/STM32CubeIDE/plugins/com.st.stm32cube.ide.mcu.externaltools.gnu-tools-for-stm32.12.3.rel1.win32_1.0.200.202406191623/tools/bin/../lib/gcc/arm-none-eabi/12.3.1/../../../../arm-none-eabi/lib/thumb/v7e-m+fp/hard\libc_nano.a(libc_a-stdio.o)
                              C:/ST/STM32CubeIDE_1.16.1/STM32CubeIDE/plugins/com.st.stm32cube.ide.mcu.externaltools.gnu-tools-for-stm32.12.3.rel1.win32_1.0.200.202406191623/tools/bin/../lib/gcc/arm-none-eabi/12.3.1/../../../../arm-none-eabi/lib/thumb/v7e-m+fp/hard\libc_nano.a(libc_a-findfp.o) (__sread)
C:/ST/STM32CubeIDE_1.16.1/STM32CubeIDE/plugins/com.st.stm32cube.ide.mcu.externaltools.gnu-tools-for-stm32.12.3.rel1.win32_1.0.200.202406191623/tools/bin/../lib/gcc/arm-none-eabi/12.3.1/../../../../arm-none-eabi/lib/thumb/v7e-m+fp/hard\libc_nano.a(libc_a-wbuf.o)
                              C:/ST/STM32CubeIDE_1.16.1/STM32CubeIDE/plugins/com.st.stm32cube.ide.mcu.externaltools.gnu-tools-for-stm32.12.3.rel1.win32_1.0.200.202406191623/tools/bin/../lib/gcc/arm-none-eabi/12.3.1/../../../../arm-none-eabi/lib/thumb/v7e-m+fp/hard\libc_nano.a(libc_a-puts.o) (__swbuf_r)
C:/ST/STM32CubeIDE_1.16.1/STM32CubeIDE/plugins/com.st.stm32cube.ide.mcu.externaltools.gnu-tools-for-stm32.12.3.rel1.win32_1.0.200.202406191623/tools/bin/../lib/gcc/arm-none-eabi/12.3.1/../../../../arm-none-eabi/lib/thumb/v7e-m+fp/hard\libc_nano.a(libc_a-wsetup.o)
                              C:/ST/STM32CubeIDE_1.16.1/STM32CubeIDE/plugins/com.st.stm32cube.ide.mcu.externaltools.gnu-tools-for-stm32.12.3.rel1.win32_1.0.200.202406191623/tools/bin/../lib/gcc/arm-none-eabi/12.3.1/../../../../arm-none-eabi/lib/thumb/v7e-m+fp/hard\libc_nano.a(libc_a-puts.o) (__swsetup_r)
C:/ST/STM32CubeIDE_1.16.1/STM32CubeIDE/plugins/com.st.stm32cube.ide.mcu.externaltools.gnu-tools-for-stm32.12.3.rel1.win32_1.0.200.202406191623/tools/bin/../lib/gcc/arm-none-eabi/12.3.1/../../../../arm-none-eabi/lib/thumb/v7e-m+fp/hard\libc_nano.a(libc_a-memset.o)
                              C:/ST/STM32CubeIDE_1.16.1/STM32CubeIDE/plugins/com.st.stm32cube.ide.mcu.externaltools.gnu-tools-for-stm32.12.3.rel1.win32_1.0.200.202406191623/tools/bin/../lib/gcc/arm-none-eabi/12.3.1/../../../../arm-none-eabi/lib/thumb/v7e-m+fp/hard/crt0.o (memset)
C:/ST/STM32CubeIDE_1.16.1/STM32CubeIDE/plugins/com.st.stm32cube.ide.mcu.externaltools.gnu-tools-for-stm32.12.3.rel1.win32_1.0.200.202406191623/tools/bin/../lib/gcc/arm-none-eabi/12.3.1/../../../../arm-none-eabi/lib/thumb/v7e-m+fp/hard\libc_nano.a(libc_a-closer.o)
[...]
Memory Configuration

Name             Origin             Length             Attributes
CCMRAM           0x10000000         0x00010000         xrw
RAM              0x20000000         0x00030000         xrw
FLASH            0x08000000         0x00200000         xr
*default*        0x00000000         0xffffffff

Linker script and memory map

LOAD C:/ST/STM32CubeIDE_1.16.1/STM32CubeIDE/plugins/com.st.stm32cube.ide.mcu.externaltools.gnu-tools-for-stm32.12.3.rel1.win32_1.0.200.202406191623/tools/bin/../lib/gcc/arm-none-eabi/12.3.1/thumb/v7e-m+fp/hard/crti.o
LOAD C:/ST/STM32CubeIDE_1.16.1/STM32CubeIDE/plugins/com.st.stm32cube.ide.mcu.externaltools.gnu-tools-for-stm32.12.3.rel1.win32_1.0.200.202406191623/tools/bin/../lib/gcc/arm-none-eabi/12.3.1/thumb/v7e-m+fp/hard/crtbegin.o
LOAD C:/ST/STM32CubeIDE_1.16.1/STM32CubeIDE/plugins/com.st.stm32cube.ide.mcu.externaltools.gnu-tools-for-stm32.12.3.rel1.win32_1.0.200.202406191623/tools/bin/../lib/gcc/arm-none-eabi/12.3.1/../../../../arm-none-eabi/lib/thumb/v7e-m+fp/hard/crt0.o
LOAD ./Core/Src/ApplicationCode.o
LOAD ./Core/Src/LCD_Driver.o
LOAD ./Core/Src/fonts.o
LOAD ./Core/Src/ili9341.o
LOAD ./Core/Src/main.o
LOAD ./Core/Src/stm32f4xx_hal_msp.o
LOAD ./Core/Src/stm32f4xx_it.o
LOAD ./Core/Src/stmpe811.o
LOAD ./Core/Src/syscalls.o
LOAD ./Core/Src/sysmem.o
LOAD ./Core/Src/system_stm32f4xx.o
LOAD ./Core/Startup/startup_stm32f429zitx.o
LOAD ./Drivers/STM32F4xx_HAL_Driver/Src/stm32f4xx_hal.o
LOAD ./Drivers/STM32F4xx_HAL_Driver/Src/stm32f4xx_hal_cortex.o
LOAD ./Drivers/STM32F4xx_HAL_Driver/Src/stm32f4xx_hal_dma.o
LOAD ./Drivers/STM32F4xx_HAL_Driver/Src/stm32f4xx_hal_dma_ex.o
LOAD ./Drivers/STM32F4xx_HAL_Driver/Src/stm32f4xx_hal_dsi.o
LOAD ./Drivers/STM32F4xx_HAL_Driver/Src/stm32f4xx_hal_exti.o
LOAD ./Drivers/STM32F4xx_HAL_Driver/Src/stm32f4xx_hal_flash.o
LOAD ./Drivers/STM32F4xx_HAL_Driver/Src/stm32f4xx_hal_flash_ex.o
LOAD ./Drivers/STM32F4xx_HAL_Driver/Src/stm32f4xx_hal_flash_ramfunc.o
LOAD ./Drivers/STM32F4xx_HAL_Driver/Src/stm32f4xx_hal_gpio.o
LOAD ./Drivers/STM32F4xx_HAL_Driver/Src/stm32f4xx_hal_i2c.o
LOAD ./Drivers/STM32F4xx_HAL_Driver/Src/stm32f4xx_hal_i2c_ex.o
LOAD ./Drivers/STM32F4xx_HAL_Driver/Src/stm32f4xx_hal_ltdc.o
LOAD ./Drivers/STM32F4xx_HAL_Driver/Src/stm32f4xx_hal_ltdc_ex.o
LOAD ./Drivers/STM32F4xx_HAL_Driver/Src/stm32f4xx_hal_pwr.o
LOAD ./Drivers/STM32F4xx_HAL_Driver/Src/stm32f4xx_hal_pwr_ex.o
LOAD ./Drivers/STM32F4xx_HAL_Driver/Src/stm32f4xx_hal_rcc.o
LOAD ./Drivers/STM32F4xx_HAL_Driver/Src/stm32f4xx_hal_rcc_ex.o
LOAD ./Drivers/STM32F4xx_HAL_Driver/Src/stm32f4xx_hal_rng.o
LOAD ./Drivers/STM32F4xx_HAL_Driver/Src/stm32f4xx_hal_spi.o
LOAD ./Drivers/STM32F4xx_HAL_Driver/Src/stm32f4xx_hal_tim.o
LOAD ./Drivers/STM32F4xx_HAL_Driver/Src/stm32f4xx_hal_tim_ex.o
START GROUP
LOAD C:/ST/STM32CubeIDE_1.16.1/STM32CubeIDE/plugins/com.st.stm32cube.ide.mcu.externaltools.gnu-tools-for-stm32.12.3.rel1.win32_1.0.200.202406191623/tools/bin/../lib/gcc/arm-none-eabi/12.3.1/../../../../arm-none-eabi/lib/thumb/v7e-m+fp/hard\libc_nano.a
LOAD C:/ST/STM32CubeIDE_1.16.1/STM32CubeIDE/plugins/com.st.stm32cube.ide.mcu.externaltools.gnu-tools-for-stm32.12.3.rel1.win32_1.0.200.202406191623/tools/bin/../lib/gcc/arm-none-eabi/12.3.1/../../../../arm-none-eabi/lib/thumb/v7e-m+fp/hard\libm.a
END GROUP
START GROUP
LOAD C:/ST/STM32CubeIDE_1.16.1/STM32CubeIDE/plugins/com.st.stm32cube.ide.mcu.externaltools.gnu-tools-for-stm32.12.3.rel1.win32_1.0.200.202406191623/tools/bin/../lib/gcc/arm-none-eabi/12.3.1/thumb/v7e-m+fp/hard\libgcc.a
LOAD C:/ST/STM32CubeIDE_1.16.1/STM32CubeIDE/plugins/com.st.stm32cube.ide.mcu.externaltools.gnu-tools-for-stm32.12.3.rel1.win32_1.0.200.202406191623/tools/bin/../lib/gcc/arm-none-eabi/12.3.1/../../../../arm-none-eabi/lib/thumb/v7e-m+fp/hard\libc_nano.a
END GROUP
START GROUP
LOAD C:/ST/STM32CubeIDE_1.16.1/STM32CubeIDE/plugins/com.st.stm32cube.ide.mcu.externaltools.gnu-tools-for-stm32.12.3.rel1.win32_1.0.200.202406191623/tools/bin/../lib/gcc/arm-none-eabi/12.3.1/thumb/v7e-m+fp/hard\libgcc.a
LOAD C:/ST/STM32CubeIDE_1.16.1/STM32CubeIDE/plugins/com.st.stm32cube.ide.mcu.externaltools.gnu-tools-for-stm32.12.3.rel1.win32_1.0.200.202406191623/tools/bin/../lib/gcc/arm-none-eabi/12.3.1/../../../../arm-none-eabi/lib/thumb/v7e-m+fp/hard\libc_nano.a
LOAD C:/ST/STM32CubeIDE_1.16.1/STM32CubeIDE/plugins/com.st.stm32cube.ide.mcu.externaltools.gnu-tools-for-stm32.12.3.rel1.win32_1.0.200.202406191623/tools/bin/../lib/gcc/arm-none-eabi/12.3.1/../../../../arm-none-eabi/lib/thumb/v7e-m+fp/hard\libnosys.a
END GROUP
START GROUP
LOAD C:/ST/STM32CubeIDE_1.16.1/STM32CubeIDE/plugins/com.st.stm32cube.ide.mcu.externaltools.gnu-tools-for-stm32.12.3.rel1.win32_1.0.200.202406191623/tools/bin/../lib/gcc/arm-none-eabi/12.3.1/thumb/v7e-m+fp/hard\libgcc.a
LOAD C:/ST/STM32CubeIDE_1.16.1/STM32CubeIDE/plugins/com.st.stm32cube.ide.mcu.externaltools.gnu-tools-for-stm32.12.3.rel1.win32_1.0.200.202406191623/tools/bin/../lib/gcc/arm-none-eabi/12.3.1/../../../../arm-none-eabi/lib/thumb/v7e-m+fp/hard\libc_nano.a
LOAD C:/ST/STM32CubeIDE_1.16.1/STM32CubeIDE/plugins/com.st.stm32cube.ide.mcu.externaltools.gnu-tools-for-stm32.12.3.rel1.win32_1.0.200.202406191623/tools/bin/../lib/gcc/arm-none-eabi/12.3.1/../../../../arm-none-eabi/lib/thumb/v7e-m+fp/hard\libnosys.a
END GROUP
LOAD C:/ST/STM32CubeIDE_1.16.1/STM32CubeIDE/plugins/com.st.stm32cube.ide.mcu.externaltools.gnu-tools-for-stm32.12.3.rel1.win32_1.0.200.202406191623/tools/bin/../lib/gcc/arm-none-eabi/12.3.1/thumb/v7e-m+fp/hard/crtend.o
LOAD C:/ST/STM32CubeIDE_1.16.1/STM32CubeIDE/plugins/com.st.stm32cube.ide.mcu.externaltools.gnu-tools-for-stm32.12.3.rel1.win32_1.0.200.202406191623/tools/bin/../lib/gcc/arm-none-eabi/12.3.1/thumb/v7e-m+fp/hard/crtn.o
                0x20030000                        _estack = (ORIGIN (RAM) + LENGTH (RAM))
                0x00000200                        _Min_Heap_Size = 0x200
                0x00000400                        _Min_Stack_Size = 0x400

.isr_vector     0x08000000      0x1ac
                0x08000000                        . = ALIGN (0x4)
 *(.isr_vector)
 .isr_vector    0x08000000      0x1ac ./Core/Startup/startup_stm32f429zitx.o
                0x08000000                g_pfnVectors
                0x080001ac                        . = ALIGN (0x4)

.text           0x080001b0     0x6fc8
                0x080001b0                        . = ALIGN (0x4)
 *(.text)
 .text          0x080001b0       0x40 C:/ST/STM32CubeIDE_1.16.1/STM32CubeIDE/plugins/com.st.stm32cube.ide.mcu.externaltools.gnu-tools-for-stm32.12.3.rel1.win32_1.0.200.202406191623/tools/bin/../lib/gcc/arm-none-eabi/12.3.1/thumb/v7e-m+fp/hard/crtbegin.o
 .text          0x080001f0       0xa0 C:/ST/STM32CubeIDE_1.16.1/STM32CubeIDE/plugins/com.st.stm32cube.ide.mcu.externaltools.gnu-tools-for-stm32.12.3.rel1.win32_1.0.200.202406191623/tools/bin/../lib/gcc/arm-none-eabi/12.3.1/../../../../arm-none-eabi/lib/thumb/v7e-m+fp/hard\libc_nano.a(libc_a-memchr.o)
                0x080001f0                memchr
 .text          0x08000290       0x30 C:/ST/STM32CubeIDE_1.16.1/STM32CubeIDE/plugins/com.st.stm32cube.ide.mcu.externaltools.gnu-tools-for-stm32.12.3.rel1.win32_1.0.200.202406191623/tools/bin/../lib/gcc/arm-none-eabi/12.3.1/thumb/v7e-m+fp/hard\libgcc.a(_aeabi_uldivmod.o)
                0x08000290                __aeabi_uldivmod
 .text          0x080002c0      0x2bc C:/ST/STM32CubeIDE_1.16.1/STM32CubeIDE/plugins/com.st.stm32cube.ide.mcu.externaltools.gnu-tools-for-stm32.12.3.rel1.win32_1.0.200.202406191623/tools/bin/../lib/gcc/arm-none-eabi/12.3.1/thumb/v7e-m+fp/hard\libgcc.a(_udivmoddi4.o)
                0x080002c0                __udivmoddi4
 .text          0x0800057c        0x4 C:/ST/STM32CubeIDE_1.16.1/STM32CubeIDE/plugins/com.st.stm32cube.ide.mcu.externaltools.gnu-tools-for-stm32.12.3.rel1.win32_1.0.200.202406191623/tools/bin/../lib/gcc/arm-none-eabi/12.3.1/thumb/v7e-m+fp/hard\libgcc.a(_dvmd_tls.o)
                0x0800057c                __aeabi_idiv0
                0x0800057c                __aeabi_ldiv0
 *(.text*)
 .text.ApplicationInit
                0x08000580       0x34 ./Core/Src/ApplicationCode.o
                0x08000580                ApplicationInit
 .text.LCDTouchScreenInterruptGPIOInit
                0x080005b4       0x74 ./Core/Src/ApplicationCode.o
                0x080005b4                LCDTouchScreenInterruptGPIOInit
 .text.EXTI15_10_IRQHandler
                0x08000628      0x114 ./Core/Src/ApplicationCode.o
                0x08000628                EXTI15_10_IRQHandler
 .text.LCD_GPIO_Init
                0x0800073c      0x190 ./Core/Src/LCD_Driver.o
                0x0800073c                LCD_GPIO_Init
 .text.LTCD_Layer_Init
                0x080008cc       0x80 ./Core/Src/LCD_Driver.o
                0x080008cc                LTCD_Layer_Init
 .text.LTCD__Init
                0x0800094c       0xbc ./Core/Src/LCD_Driver.o
                0x0800094c                LTCD__Init
 .text.LCD_Draw_Pixel
                0x08000a08       0x3c ./Core/Src/LCD_Driver.o
                0x08000a08                LCD_Draw_Pixel
 .text.LCD_Draw_Circle_Fill
                0x08000a44       0xa6 ./Core/Src/LCD_Driver.o
                0x08000a44                LCD_Draw_Circle_Fill
 .text.LCD_Draw_LShape1_Fill
                0x08000aea       0x6c ./Core/Src/LCD_Driver.o
                0x08000aea                LCD_Draw_LShape1_Fill
 .text.LCD_Draw_LShape2_Fill
                0x08000b56       0x6c ./Core/Src/LCD_Driver.o
                0x08000b56                LCD_Draw_LShape2_Fill
 .text.LCD_Draw_Rectangle_Fill
                0x08000bc2       0x56 ./Core/Src/LCD_Driver.o
                0x08000bc2                LCD_Draw_Rectangle_Fill
 .text.LCD_Draw_BBox_Fill
                0x08000c18       0x56 ./Core/Src/LCD_Driver.o
                0x08000c18                LCD_Draw_BBox_Fill
 .text.LCD_Draw_TBox_Fill
                0x08000c6e       0x3a ./Core/Src/LCD_Driver.o
                0x08000c6e                LCD_Draw_TBox_Fill
 .text.LCD_Draw_Box_Fill
                0x08000ca8       0x56 ./Core/Src/LCD_Driver.o
                0x08000ca8                LCD_Draw_Box_Fill
 .text.LCD_Draw_ZShape_Fill
                0x08000cfe       0x6a ./Core/Src/LCD_Driver.o
                0x08000cfe                LCD_Draw_ZShape_Fill
 .text.LCD_Draw_SShape_Fill
                0x08000d68       0x6a ./Core/Src/LCD_Driver.o
                0x08000d68                LCD_Draw_SShape_Fill
 .text.LCD_Draw_Platform_Fill
                0x08000dd2       0x56 ./Core/Src/LCD_Driver.o
                0x08000dd2                LCD_Draw_Platform_Fill
 .text.LCD_Draw_Vertical_Line
                0x08000e28       0x4e ./Core/Src/LCD_Driver.o
                0x08000e28                LCD_Draw_Vertical_Line
 *fill*         0x08000e76        0x2 
 .text.LCD_Clear
                0x08000e78       0x44 ./Core/Src/LCD_Driver.o
                0x08000e78                LCD_Clear
 .text.LCD_SetTextColor
                0x08000ebc       0x20 ./Core/Src/LCD_Driver.o
                0x08000ebc                LCD_SetTextColor
 .text.LCD_SetFont
                0x08000edc       0x20 ./Core/Src/LCD_Driver.o
                0x08000edc                LCD_SetFont
 .text.LCD_Draw_Char
                0x08000efc       0xdc ./Core/Src/LCD_Driver.o
                0x08000efc                LCD_Draw_Char
 .text.LCD_DisplayChar
                0x08000fd8       0x44 ./Core/Src/LCD_Driver.o
                0x08000fd8                LCD_DisplayChar
 .text.LCD_Error_Handler
                0x0800101c        0xc ./Core/Src/LCD_Driver.o
                0x0800101c                LCD_Error_Handler
 .text.InitializeLCDTouch
                0x08001028       0x16 ./Core/Src/LCD_Driver.o
                0x08001028                InitializeLCDTouch
 .text.DetermineTouchPosition
                0x0800103e       0x16 ./Core/Src/LCD_Driver.o
                0x0800103e                DetermineTouchPosition
 .text.ReadRegisterFromTouchModule
                0x08001054       0x1c ./Core/Src/LCD_Driver.o
                0x08001054                ReadRegisterFromTouchModule
 .text.WriteDataToTouchModule
                0x08001070       0x24 ./Core/Src/LCD_Driver.o
                0x08001070                WriteDataToTouchModule
 .text.ili9341_Init
                0x08001094      0x294 ./Core/Src/ili9341.o
                0x08001094                ili9341_Init
 .text.ili9341_Write_Reg
                0x08001328       0x1a ./Core/Src/ili9341.o
                0x08001328                ili9341_Write_Reg
 .text.ili9341_Send_Data
                0x08001342       0x1a ./Core/Src/ili9341.o
                0x08001342                ili9341_Send_Data
 .text.SPI_Init
                0x0800135c       0x74 ./Core/Src/ili9341.o
 .text.SPI_Write
                0x080013d0       0x3c ./Core/Src/ili9341.o
 .text.SPI_Error
                0x0800140c       0x18 ./Core/Src/ili9341.o
 .text.SPI_MspInit
                0x08001424       0x74 ./Core/Src/ili9341.o
 .text.LCD_IO_Init
                0x08001498       0xf0 ./Core/Src/ili9341.o
                0x08001498                LCD_IO_Init
 .text.LCD_IO_WriteData
                0x08001588       0x44 ./Core/Src/ili9341.o
                0x08001588                LCD_IO_WriteData
 .text.LCD_IO_WriteReg
                0x080015cc       0x44 ./Core/Src/ili9341.o
                0x080015cc                LCD_IO_WriteReg
 .text.LCD_Delay
                0x08001610       0x16 ./Core/Src/ili9341.o
                0x08001610                LCD_Delay
 *fill*         0x08001626        0x2 
 .text.startScreen
                0x08001628       0xd8 ./Core/Src/main.o
                0x08001628                startScreen
 .text.main     0x08001700       0xa0 ./Core/Src/main.o
                0x08001700                main
 .text.MX_I2C3_Init
                0x080017a0       0x80 ./Core/Src/main.o
 .text.MX_LTDC_Init
                0x08001820      0x164 ./Core/Src/main.o
 .text.MX_RNG_Init
                0x08001984       0x28 ./Core/Src/main.o
 .text.MX_SPI5_Init
                0x080019ac       0x6c ./Core/Src/main.o
 .text.MX_TIM7_Init
                0x08001a18       0x6c ./Core/Src/main.o
 .text.MX_GPIO_Init
                0x08001a84      0x35c ./Core/Src/main.o
 .text.SystemClockOverride
                0x08001de0       0x80 ./Core/Src/main.o
                0x08001de0                SystemClockOverride
 .text.Error_Handler
                0x08001e60        0xc ./Core/Src/main.o
                0x08001e60                Error_Handler
 .text.HAL_MspInit
                0x08001e6c       0x50 ./Core/Src/stm32f4xx_hal_msp.o
                0x08001e6c                HAL_MspInit
 .text.HAL_I2C_MspInit
                0x08001ebc       0xd4 ./Core/Src/stm32f4xx_hal_msp.o
                0x08001ebc                HAL_I2C_MspInit
 .text.HAL_LTDC_MspInit
                0x08001f90      0x250 ./Core/Src/stm32f4xx_hal_msp.o
                0x08001f90                HAL_LTDC_MspInit
 .text.HAL_RNG_MspInit
                0x080021e0       0x44 ./Core/Src/stm32f4xx_hal_msp.o
                0x080021e0                HAL_RNG_MspInit
 .text.HAL_SPI_MspInit
                0x08002224       0x90 ./Core/Src/stm32f4xx_hal_msp.o
                0x08002224                HAL_SPI_MspInit
 .text.HAL_SPI_MspDeInit
                0x080022b4       0x3c ./Core/Src/stm32f4xx_hal_msp.o
                0x080022b4                HAL_SPI_MspDeInit
 .text.HAL_TIM_Base_MspInit
                0x080022f0       0x44 ./Core/Src/stm32f4xx_hal_msp.o
                0x080022f0                HAL_TIM_Base_MspInit
 .text.NMI_Handler
                0x08002334        0x8 ./Core/Src/stm32f4xx_it.o
                0x08002334                NMI_Handler
 .text.HardFault_Handler
                0x0800233c        0x8 ./Core/Src/stm32f4xx_it.o
                0x0800233c                HardFault_Handler
 .text.MemManage_Handler
                0x08002344        0x8 ./Core/Src/stm32f4xx_it.o
                0x08002344                MemManage_Handler
 .text.BusFault_Handler
                0x0800234c        0x8 ./Core/Src/stm32f4xx_it.o
                0x0800234c                BusFault_Handler
 .text.UsageFault_Handler
                0x08002354        0x8 ./Core/Src/stm32f4xx_it.o
                0x08002354                UsageFault_Handler
 .text.SVC_Handler
                0x0800235c        0xe ./Core/Src/stm32f4xx_it.o
                0x0800235c                SVC_Handler
 .text.DebugMon_Handler
                0x0800236a        0xe ./Core/Src/stm32f4xx_it.o
                0x0800236a                DebugMon_Handler
 .text.PendSV_Handler
                0x08002378        0xe ./Core/Src/stm32f4xx_it.o
                0x08002378                PendSV_Handler
 .text.SysTick_Handler
                0x08002386        0xc ./Core/Src/stm32f4xx_it.o
                0x08002386                SysTick_Handler
 *fill*         0x08002392        0x2 
 .text.__NVIC_EnableIRQ
                0x08002394       0x3c ./Core/Src/stmpe811.o
 .text.STMPE811_Init
                0x080023d0      0x18e ./Core/Src/stmpe811.o
                0x080023d0                STMPE811_Init
 .text.STMPE811_Read
                0x0800255e       0x22 ./Core/Src/stmpe811.o
                0x0800255e                STMPE811_Read
 .text.STMPE811_Write
                0x08002580       0x24 ./Core/Src/stmpe811.o
                0x08002580                STMPE811_Write
 .text.STMPE811_DetermineTouchPosition
                0x080025a4       0xee ./Core/Src/stmpe811.o
                0x080025a4                STMPE811_DetermineTouchPosition
 *fill*         0x08002692        0x2 
 .text.enableInterruptSupportForTouch
                0x08002694       0x64 ./Core/Src/stmpe811.o
                0x08002694                enableInterruptSupportForTouch
 .text.verifyHAL_I2C_IS_OKAY
                0x080026f8       0x20 ./Core/Src/stmpe811.o
                0x080026f8                verifyHAL_I2C_IS_OKAY
 .text.I2C3_Init
                0x08002718       0x7c ./Core/Src/stmpe811.o
 .text.I2C3_MspInit
                0x08002794       0xa8 ./Core/Src/stmpe811.o
 .text.I2C3_Write
                0x0800283c       0x54 ./Core/Src/stmpe811.o
                0x0800283c                I2C3_Write
 .text.I2C3_Read
                0x08002890       0x4c ./Core/Src/stmpe811.o
                0x08002890                I2C3_Read
 .text.I2C3_MulitByteRead
                0x080028dc       0x44 ./Core/Src/stmpe811.o
                0x080028dc                I2C3_MulitByteRead
 .text.TM_STMPE811_ReadX
                0x08002920       0xbc ./Core/Src/stmpe811.o
                0x08002920                TM_STMPE811_ReadX
 .text.TM_STMPE811_ReadY
                0x080029dc       0xa4 ./Core/Src/stmpe811.o
                0x080029dc                TM_STMPE811_ReadY
 .text.initialise_monitor_handles
                0x08002a80        0xe ./Core/Src/syscalls.o
                0x08002a80                initialise_monitor_handles
 .text._read    0x08002a8e       0x3a ./Core/Src/syscalls.o
                0x08002a8e                _read
 .text._write   0x08002ac8       0x38 ./Core/Src/syscalls.o
                0x08002ac8                _write
 .text._close   0x08002b00       0x18 ./Core/Src/syscalls.o
                0x08002b00                _close
 .text._fstat   0x08002b18       0x20 ./Core/Src/syscalls.o
                0x08002b18                _fstat
 .text._isatty  0x08002b38       0x16 ./Core/Src/syscalls.o
                0x08002b38                _isatty
 .text._lseek   0x08002b4e       0x1a ./Core/Src/syscalls.o
                0x08002b4e                _lseek
 .text._sbrk    0x08002b68       0x6c ./Core/Src/sysmem.o
                0x08002b68                _sbrk
 .text.SystemInit
                0x08002bd4       0x24 ./Core/Src/system_stm32f4xx.o
                0x08002bd4                SystemInit
 .text.Reset_Handler
                0x08002bf8       0x50 ./Core/Startup/startup_stm32f429zitx.o
                0x08002bf8                Reset_Handler
 .text.Default_Handler
                0x08002c48        0x2 ./Core/Startup/startup_stm32f429zitx.o
                0x08002c48                RTC_Alarm_IRQHandler
                0x08002c48                HASH_RNG_IRQHandler
                0x08002c48                EXTI2_IRQHandler
                0x08002c48                TIM8_CC_IRQHandler
                0x08002c48                UART8_IRQHandler
                0x08002c48                SPI4_IRQHandler
                0x08002c48                TIM1_CC_IRQHandler
                0x08002c48                DMA2_Stream5_IRQHandler
                0x08002c48                DMA1_Stream5_IRQHandler
                0x08002c48                PVD_IRQHandler
                0x08002c48                SDIO_IRQHandler
                0x08002c48                TAMP_STAMP_IRQHandler
                0x08002c48                CAN2_RX1_IRQHandler
                0x08002c48                EXTI3_IRQHandler
                0x08002c48                TIM8_TRG_COM_TIM14_IRQHandler
                0x08002c48                TIM1_UP_TIM10_IRQHandler
                0x08002c48                TIM8_UP_TIM13_IRQHandler
                0x08002c48                I2C3_ER_IRQHandler
                0x08002c48                EXTI0_IRQHandler
                0x08002c48                I2C2_EV_IRQHandler
                0x08002c48                DMA1_Stream2_IRQHandler
                0x08002c48                CAN1_RX0_IRQHandler
                0x08002c48                FPU_IRQHandler
                0x08002c48                OTG_HS_WKUP_IRQHandler
                0x08002c48                LTDC_ER_IRQHandler
                0x08002c48                CAN2_SCE_IRQHandler
                0x08002c48                DMA2_Stream2_IRQHandler
                0x08002c48                SPI1_IRQHandler
                0x08002c48                TIM6_DAC_IRQHandler
                0x08002c48                TIM1_BRK_TIM9_IRQHandler
                0x08002c48                DCMI_IRQHandler
                0x08002c48                CAN2_RX0_IRQHandler
                0x08002c48                DMA2_Stream3_IRQHandler
                0x08002c48                USART6_IRQHandler
                0x08002c48                USART3_IRQHandler
                0x08002c48                CAN1_RX1_IRQHandler
                0x08002c48                UART5_IRQHandler
                0x08002c48                DMA2_Stream0_IRQHandler
                0x08002c48                TIM4_IRQHandler
                0x08002c48                I2C1_EV_IRQHandler
                0x08002c48                DMA1_Stream6_IRQHandler
                0x08002c48                DMA1_Stream1_IRQHandler
                0x08002c48                UART4_IRQHandler
                0x08002c48                TIM3_IRQHandler
                0x08002c48                RCC_IRQHandler
                0x08002c48                TIM8_BRK_TIM12_IRQHandler
                0x08002c48                Default_Handler
                0x08002c48                ADC_IRQHandler
                0x08002c48                DMA1_Stream7_IRQHandler
                0x08002c48                SPI5_IRQHandler
                0x08002c48                TIM7_IRQHandler
                0x08002c48                CAN2_TX_IRQHandler
                0x08002c48                TIM5_IRQHandler
                0x08002c48                DMA2_Stream7_IRQHandler
                0x08002c48                I2C3_EV_IRQHandler
                0x08002c48                EXTI9_5_IRQHandler
                0x08002c48                RTC_WKUP_IRQHandler
                0x08002c48                LTDC_IRQHandler
                0x08002c48                ETH_WKUP_IRQHandler
                0x08002c48                SPI2_IRQHandler
                0x08002c48                OTG_HS_EP1_IN_IRQHandler
                0x08002c48                DMA1_Stream0_IRQHandler
                0x08002c48                CAN1_TX_IRQHandler
                0x08002c48                EXTI4_IRQHandler
                0x08002c48                ETH_IRQHandler
                0x08002c48                OTG_HS_EP1_OUT_IRQHandler
                0x08002c48                WWDG_IRQHandler
                0x08002c48                SPI6_IRQHandler
                0x08002c48                TIM2_IRQHandler
                0x08002c48                OTG_FS_WKUP_IRQHandler
                0x08002c48                TIM1_TRG_COM_TIM11_IRQHandler
                0x08002c48                OTG_HS_IRQHandler
                0x08002c48                DMA2D_IRQHandler
                0x08002c48                EXTI1_IRQHandler
                0x08002c48                UART7_IRQHandler
                0x08002c48                USART2_IRQHandler
                0x08002c48                I2C2_ER_IRQHandler
                0x08002c48                DMA2_Stream1_IRQHandler
                0x08002c48                CAN1_SCE_IRQHandler
                0x08002c48                FLASH_IRQHandler
                0x08002c48                DMA2_Stream4_IRQHandler
                0x08002c48                USART1_IRQHandler
                0x08002c48                OTG_FS_IRQHandler
                0x08002c48                SPI3_IRQHandler
                0x08002c48                DMA1_Stream4_IRQHandler
                0x08002c48                I2C1_ER_IRQHandler
                0x08002c48                FMC_IRQHandler
                0x08002c48                DMA2_Stream6_IRQHandler
                0x08002c48                SAI1_IRQHandler
                0x08002c48                DMA1_Stream3_IRQHandler
 *fill*         0x08002c4a        0x2 
 .text.HAL_Init
                0x08002c4c       0x44 ./Drivers/STM32F4xx_HAL_Driver/Src/stm32f4xx_hal.o
                0x08002c4c                HAL_Init
 .text.HAL_InitTick
                0x08002c90       0x60 ./Drivers/STM32F4xx_HAL_Driver/Src/stm32f4xx_hal.o
                0x08002c90                HAL_InitTick
 .text.HAL_IncTick
                0x08002cf0       0x28 ./Drivers/STM32F4xx_HAL_Driver/Src/stm32f4xx_hal.o
                0x08002cf0                HAL_IncTick
 .text.HAL_GetTick
                0x08002d18       0x18 ./Drivers/STM32F4xx_HAL_Driver/Src/stm32f4xx_hal.o
                0x08002d18                HAL_GetTick
 .text.HAL_Delay
                0x08002d30       0x48 ./Drivers/STM32F4xx_HAL_Driver/Src/stm32f4xx_hal.o
                0x08002d30                HAL_Delay
 .text.__NVIC_SetPriorityGrouping
                0x08002d78       0x48 ./Drivers/STM32F4xx_HAL_Driver/Src/stm32f4xx_hal_cortex.o
 .text.__NVIC_GetPriorityGrouping
                0x08002dc0       0x1c ./Drivers/STM32F4xx_HAL_Driver/Src/stm32f4xx_hal_cortex.o
 .text.__NVIC_EnableIRQ
                0x08002ddc       0x3c ./Drivers/STM32F4xx_HAL_Driver/Src/stm32f4xx_hal_cortex.o
 .text.__NVIC_DisableIRQ
                0x08002e18       0x48 ./Drivers/STM32F4xx_HAL_Driver/Src/stm32f4xx_hal_cortex.o
 .text.__NVIC_ClearPendingIRQ
                0x08002e60       0x3c ./Drivers/STM32F4xx_HAL_Driver/Src/stm32f4xx_hal_cortex.o
 .text.__NVIC_SetPriority
                0x08002e9c       0x54 ./Drivers/STM32F4xx_HAL_Driver/Src/stm32f4xx_hal_cortex.o
 .text.NVIC_EncodePriority
                0x08002ef0       0x66 ./Drivers/STM32F4xx_HAL_Driver/Src/stm32f4xx_hal_cortex.o
 *fill*         0x08002f56        0x2 
 .text.SysTick_Config
                0x08002f58       0x44 ./Drivers/STM32F4xx_HAL_Driver/Src/stm32f4xx_hal_cortex.o
 .text.HAL_NVIC_SetPriorityGrouping
                0x08002f9c       0x16 ./Drivers/STM32F4xx_HAL_Driver/Src/stm32f4xx_hal_cortex.o
                0x08002f9c                HAL_NVIC_SetPriorityGrouping
 .text.HAL_NVIC_SetPriority
                0x08002fb2       0x38 ./Drivers/STM32F4xx_HAL_Driver/Src/stm32f4xx_hal_cortex.o
                0x08002fb2                HAL_NVIC_SetPriority
 .text.HAL_NVIC_EnableIRQ
                0x08002fea       0x1c ./Drivers/STM32F4xx_HAL_Driver/Src/stm32f4xx_hal_cortex.o
                0x08002fea                HAL_NVIC_EnableIRQ
 .text.HAL_NVIC_DisableIRQ
                0x08003006       0x1c ./Drivers/STM32F4xx_HAL_Driver/Src/stm32f4xx_hal_cortex.o
                0x08003006                HAL_NVIC_DisableIRQ
 .text.HAL_SYSTICK_Config
                0x08003022       0x18 ./Drivers/STM32F4xx_HAL_Driver/Src/stm32f4xx_hal_cortex.o
                0x08003022                HAL_SYSTICK_Config
 .text.HAL_NVIC_ClearPendingIRQ
                0x0800303a       0x1c ./Drivers/STM32F4xx_HAL_Driver/Src/stm32f4xx_hal_cortex.o
                0x0800303a                HAL_NVIC_ClearPendingIRQ
 *fill*         0x08003056        0x2 
 .text.HAL_EXTI_ClearPending
                0x08003058       0x30 ./Drivers/STM32F4xx_HAL_Driver/Src/stm32f4xx_hal_exti.o
                0x08003058                HAL_EXTI_ClearPending
 .text.HAL_GPIO_Init
                0x08003088      0x358 ./Drivers/STM32F4xx_HAL_Driver/Src/stm32f4xx_hal_gpio.o
                0x08003088                HAL_GPIO_Init
 .text.HAL_GPIO_DeInit
                0x080033e0      0x218 ./Drivers/STM32F4xx_HAL_Driver/Src/stm32f4xx_hal_gpio.o
                0x080033e0                HAL_GPIO_DeInit
 .text.HAL_GPIO_WritePin
                0x080035f8       0x32 ./Drivers/STM32F4xx_HAL_Driver/Src/stm32f4xx_hal_gpio.o
                0x080035f8                HAL_GPIO_WritePin
 *fill*         0x0800362a        0x2 
 .text.HAL_I2C_Init
                0x0800362c      0x288 ./Drivers/STM32F4xx_HAL_Driver/Src/stm32f4xx_hal_i2c.o
                0x0800362c                HAL_I2C_Init
 .text.HAL_I2C_Mem_Write
                0x080038b4      0x1f4 ./Drivers/STM32F4xx_HAL_Driver/Src/stm32f4xx_hal_i2c.o
                0x080038b4                HAL_I2C_Mem_Write
 .text.HAL_I2C_Mem_Read
                0x08003aa8      0x464 ./Drivers/STM32F4xx_HAL_Driver/Src/stm32f4xx_hal_i2c.o
                0x08003aa8                HAL_I2C_Mem_Read
 .text.I2C_RequestMemoryWrite
                0x08003f0c      0x12c ./Drivers/STM32F4xx_HAL_Driver/Src/stm32f4xx_hal_i2c.o
 .text.I2C_RequestMemoryRead
                0x08004038      0x1d0 ./Drivers/STM32F4xx_HAL_Driver/Src/stm32f4xx_hal_i2c.o
 .text.I2C_WaitOnFlagUntilTimeout
                0x08004208       0xf4 ./Drivers/STM32F4xx_HAL_Driver/Src/stm32f4xx_hal_i2c.o
 .text.I2C_WaitOnMasterAddressFlagUntilTimeout
                0x080042fc      0x140 ./Drivers/STM32F4xx_HAL_Driver/Src/stm32f4xx_hal_i2c.o
 .text.I2C_WaitOnTXEFlagUntilTimeout
                0x0800443c       0x90 ./Drivers/STM32F4xx_HAL_Driver/Src/stm32f4xx_hal_i2c.o
 .text.I2C_WaitOnBTFFlagUntilTimeout
                0x080044cc       0x90 ./Drivers/STM32F4xx_HAL_Driver/Src/stm32f4xx_hal_i2c.o
 .text.I2C_WaitOnRXNEFlagUntilTimeout
                0x0800455c       0xba ./Drivers/STM32F4xx_HAL_Driver/Src/stm32f4xx_hal_i2c.o
 .text.I2C_IsAcknowledgeFailed
                0x08004616       0x5e ./Drivers/STM32F4xx_HAL_Driver/Src/stm32f4xx_hal_i2c.o
 .text.HAL_I2CEx_ConfigAnalogFilter
                0x08004674       0x78 ./Drivers/STM32F4xx_HAL_Driver/Src/stm32f4xx_hal_i2c_ex.o
                0x08004674                HAL_I2CEx_ConfigAnalogFilter
 .text.HAL_I2CEx_ConfigDigitalFilter
                0x080046ec       0x7e ./Drivers/STM32F4xx_HAL_Driver/Src/stm32f4xx_hal_i2c_ex.o
                0x080046ec                HAL_I2CEx_ConfigDigitalFilter
 *fill*         0x0800476a        0x2 
 .text.HAL_LTDC_Init
                0x0800476c      0x1a0 ./Drivers/STM32F4xx_HAL_Driver/Src/stm32f4xx_hal_ltdc.o
                0x0800476c                HAL_LTDC_Init
 .text.HAL_LTDC_ConfigLayer
                0x0800490c       0x7c ./Drivers/STM32F4xx_HAL_Driver/Src/stm32f4xx_hal_ltdc.o
                0x0800490c                HAL_LTDC_ConfigLayer
 .text.LTDC_SetConfig
                0x08004988      0x32e ./Drivers/STM32F4xx_HAL_Driver/Src/stm32f4xx_hal_ltdc.o
 *fill*         0x08004cb6        0x2 
 .text.HAL_RCC_OscConfig
                0x08004cb8      0x4f0 ./Drivers/STM32F4xx_HAL_Driver/Src/stm32f4xx_hal_rcc.o
                0x08004cb8                HAL_RCC_OscConfig
 .text.HAL_RCC_ClockConfig
                0x080051a8      0x1cc ./Drivers/STM32F4xx_HAL_Driver/Src/stm32f4xx_hal_rcc.o
                0x080051a8                HAL_RCC_ClockConfig
 .text.HAL_RCC_GetSysClockFreq
                0x08005374      0x20c ./Drivers/STM32F4xx_HAL_Driver/Src/stm32f4xx_hal_rcc.o
                0x08005374                HAL_RCC_GetSysClockFreq
 .text.HAL_RCC_GetHCLKFreq
                0x08005580       0x18 ./Drivers/STM32F4xx_HAL_Driver/Src/stm32f4xx_hal_rcc.o
                0x08005580                HAL_RCC_GetHCLKFreq
 .text.HAL_RCC_GetPCLK1Freq
                0x08005598       0x28 ./Drivers/STM32F4xx_HAL_Driver/Src/stm32f4xx_hal_rcc.o
                0x08005598                HAL_RCC_GetPCLK1Freq
 .text.HAL_RCCEx_PeriphCLKConfig
                0x080055c0      0x380 ./Drivers/STM32F4xx_HAL_Driver/Src/stm32f4xx_hal_rcc_ex.o
                0x080055c0                HAL_RCCEx_PeriphCLKConfig
 .text.HAL_RNG_Init
                0x08005940       0x54 ./Drivers/STM32F4xx_HAL_Driver/Src/stm32f4xx_hal_rng.o
                0x08005940                HAL_RNG_Init
 .text.HAL_SPI_Init
                0x08005994      0x112 ./Drivers/STM32F4xx_HAL_Driver/Src/stm32f4xx_hal_spi.o
                0x08005994                HAL_SPI_Init
 .text.HAL_SPI_DeInit
                0x08005aa6       0x50 ./Drivers/STM32F4xx_HAL_Driver/Src/stm32f4xx_hal_spi.o
                0x08005aa6                HAL_SPI_DeInit
 .text.HAL_SPI_Transmit
                0x08005af6      0x288 ./Drivers/STM32F4xx_HAL_Driver/Src/stm32f4xx_hal_spi.o
                0x08005af6                HAL_SPI_Transmit
 .text.HAL_SPI_GetState
                0x08005d7e       0x1c ./Drivers/STM32F4xx_HAL_Driver/Src/stm32f4xx_hal_spi.o
                0x08005d7e                HAL_SPI_GetState
 *fill*         0x08005d9a        0x2 
 .text.SPI_WaitFlagStateUntilTimeout
                0x08005d9c      0x110 ./Drivers/STM32F4xx_HAL_Driver/Src/stm32f4xx_hal_spi.o
 .text.SPI_EndRxTxTransaction
                0x08005eac       0xa8 ./Drivers/STM32F4xx_HAL_Driver/Src/stm32f4xx_hal_spi.o
 .text.HAL_TIM_Base_Init
                0x08005f54       0x9e ./Drivers/STM32F4xx_HAL_Driver/Src/stm32f4xx_hal_tim.o
                0x08005f54                HAL_TIM_Base_Init
 *fill*         0x08005ff2        0x2 
 .text.TIM_Base_SetConfig
                0x08005ff4      0x158 ./Drivers/STM32F4xx_HAL_Driver/Src/stm32f4xx_hal_tim.o
                0x08005ff4                TIM_Base_SetConfig
 .text.HAL_TIMEx_MasterConfigSynchronization
                0x0800614c       0xf8 ./Drivers/STM32F4xx_HAL_Driver/Src/stm32f4xx_hal_tim_ex.o
                0x0800614c                HAL_TIMEx_MasterConfigSynchronization
 .text.std      0x08006244       0x6c C:/ST/STM32CubeIDE_1.16.1/STM32CubeIDE/plugins/com.st.stm32cube.ide.mcu.externaltools.gnu-tools-for-stm32.12.3.rel1.win32_1.0.200.202406191623/tools/bin/../lib/gcc/arm-none-eabi/12.3.1/../../../../arm-none-eabi/lib/thumb/v7e-m+fp/hard\libc_nano.a(libc_a-findfp.o)
 .text.stdio_exit_handler
                0x080062b0       0x18 C:/ST/STM32CubeIDE_1.16.1/STM32CubeIDE/plugins/com.st.stm32cube.ide.mcu.externaltools.gnu-tools-for-stm32.12.3.rel1.win32_1.0.200.202406191623/tools/bin/../lib/gcc/arm-none-eabi/12.3.1/../../../../arm-none-eabi/lib/thumb/v7e-m+fp/hard\libc_nano.a(libc_a-findfp.o)
 .text.cleanup_stdio
                0x080062c8       0x40 C:/ST/STM32CubeIDE_1.16.1/STM32CubeIDE/plugins/com.st.stm32cube.ide.mcu.externaltools.gnu-tools-for-stm32.12.3.rel1.win32_1.0.200.202406191623/tools/bin/../lib/gcc/arm-none-eabi/12.3.1/../../../../arm-none-eabi/lib/thumb/v7e-m+fp/hard\libc_nano.a(libc_a-findfp.o)
 .text.global_stdio_init.part.0
                0x08006308       0x3c C:/ST/STM32CubeIDE_1.16.1/STM32CubeIDE/plugins/com.st.stm32cube.ide.mcu.externaltools.gnu-tools-for-stm32.12.3.rel1.win32_1.0.200.202406191623/tools/bin/../lib/gcc/arm-none-eabi/12.3.1/../../../../arm-none-eabi/lib/thumb/v7e-m+fp/hard\libc_nano.a(libc_a-findfp.o)
 .text.__sfp_lock_acquire
                0x08006344        0xc C:/ST/STM32CubeIDE_1.16.1/STM32CubeIDE/plugins/com.st.stm32cube.ide.mcu.externaltools.gnu-tools-for-stm32.12.3.rel1.win32_1.0.200.202406191623/tools/bin/../lib/gcc/arm-none-eabi/12.3.1/../../../../arm-none-eabi/lib/thumb/v7e-m+fp/hard\libc_nano.a(libc_a-findfp.o)
                0x08006344                __sfp_lock_acquire
 .text.__sfp_lock_release
                0x08006350        0xc C:/ST/STM32CubeIDE_1.16.1/STM32CubeIDE/plugins/com.st.stm32cube.ide.mcu.externaltools.gnu-tools-for-stm32.12.3.rel1.win32_1.0.200.202406191623/tools/bin/../lib/gcc/arm-none-eabi/12.3.1/../../../../arm-none-eabi/lib/thumb/v7e-m+fp/hard\libc_nano.a(libc_a-findfp.o)
                0x08006350                __sfp_lock_release
 .text.__sinit  0x0800635c       0x30 C:/ST/STM32CubeIDE_1.16.1/STM32CubeIDE/plugins/com.st.stm32cube.ide.mcu.externaltools.gnu-tools-for-stm32.12.3.rel1.win32_1.0.200.202406191623/tools/bin/../lib/gcc/arm-none-eabi/12.3.1/../../../../arm-none-eabi/lib/thumb/v7e-m+fp/hard\libc_nano.a(libc_a-findfp.o)
                0x0800635c                __sinit
 .text._fwalk_sglue
                0x0800638c       0x3c C:/ST/STM32CubeIDE_1.16.1/STM32CubeIDE/plugins/com.st.stm32cube.ide.mcu.externaltools.gnu-tools-for-stm32.12.3.rel1.win32_1.0.200.202406191623/tools/bin/../lib/gcc/arm-none-eabi/12.3.1/../../../../arm-none-eabi/lib/thumb/v7e-m+fp/hard\libc_nano.a(libc_a-fwalk.o)
                0x0800638c                _fwalk_sglue
 .text.printf   0x080063c8       0x24 C:/ST/STM32CubeIDE_1.16.1/STM32CubeIDE/plugins/com.st.stm32cube.ide.mcu.externaltools.gnu-tools-for-stm32.12.3.rel1.win32_1.0.200.202406191623/tools/bin/../lib/gcc/arm-none-eabi/12.3.1/../../../../arm-none-eabi/lib/thumb/v7e-m+fp/hard\libc_nano.a(libc_a-printf.o)
                0x080063c8                iprintf
                0x080063c8                printf
 .text._puts_r  0x080063ec       0xaa C:/ST/STM32CubeIDE_1.16.1/STM32CubeIDE/plugins/com.st.stm32cube.ide.mcu.externaltools.gnu-tools-for-stm32.12.3.rel1.win32_1.0.200.202406191623/tools/bin/../lib/gcc/arm-none-eabi/12.3.1/../../../../arm-none-eabi/lib/thumb/v7e-m+fp/hard\libc_nano.a(libc_a-puts.o)
                0x080063ec                _puts_r
 *fill*         0x08006496        0x2 
 .text.puts     0x08006498       0x10 C:/ST/STM32CubeIDE_1.16.1/STM32CubeIDE/plugins/com.st.stm32cube.ide.mcu.externaltools.gnu-tools-for-stm32.12.3.rel1.win32_1.0.200.202406191623/tools/bin/../lib/gcc/arm-none-eabi/12.3.1/../../../../arm-none-eabi/lib/thumb/v7e-m+fp/hard\libc_nano.a(libc_a-puts.o)
                0x08006498                puts
 .text.__sread  0x080064a8       0x22 C:/ST/STM32CubeIDE_1.16.1/STM32CubeIDE/plugins/com.st.stm32cube.ide.mcu.externaltools.gnu-tools-for-stm32.12.3.rel1.win32_1.0.200.202406191623/tools/bin/../lib/gcc/arm-none-eabi/12.3.1/../../../../arm-none-eabi/lib/thumb/v7e-m+fp/hard\libc_nano.a(libc_a-stdio.o)
                0x080064a8                __sread
 .text.__swrite
                0x080064ca       0x38 C:/ST/STM32CubeIDE_1.16.1/STM32CubeIDE/plugins/com.st.stm32cube.ide.mcu.externaltools.gnu-tools-for-stm32.12.3.rel1.win32_1.0.200.202406191623/tools/bin/../lib/gcc/arm-none-eabi/12.3.1/../../../../arm-none-eabi/lib/thumb/v7e-m+fp/hard\libc_nano.a(libc_a-stdio.o)
                0x080064ca                __swrite
 .text.__sseek  0x08006502       0x24 C:/ST/STM32CubeIDE_1.16.1/STM32CubeIDE/plugins/com.st.stm32cube.ide.mcu.externaltools.gnu-tools-for-stm32.12.3.rel1.win32_1.0.200.202406191623/tools/bin/../lib/gcc/arm-none-eabi/12.3.1/../../../../arm-none-eabi/lib/thumb/v7e-m+fp/hard\libc_nano.a(libc_a-stdio.o)
                0x08006502                __sseek
 .text.__sclose
                0x08006526        0x8 C:/ST/STM32CubeIDE_1.16.1/STM32CubeIDE/plugins/com.st.stm32cube.ide.mcu.externaltools.gnu-tools-for-stm32.12.3.rel1.win32_1.0.200.202406191623/tools/bin/../lib/gcc/arm-none-eabi/12.3.1/../../../../arm-none-eabi/lib/thumb/v7e-m+fp/hard\libc_nano.a(libc_a-stdio.o)
                0x08006526                __sclose
 .text.__swbuf_r
                0x0800652e       0x7c C:/ST/STM32CubeIDE_1.16.1/STM32CubeIDE/plugins/com.st.stm32cube.ide.mcu.externaltools.gnu-tools-for-stm32.12.3.rel1.win32_1.0.200.202406191623/tools/bin/../lib/gcc/arm-none-eabi/12.3.1/../../../../arm-none-eabi/lib/thumb/v7e-m+fp/hard\libc_nano.a(libc_a-wbuf.o)
                0x0800652e                __swbuf_r
 *fill*         0x080065aa        0x2 
 .text.__swsetup_r
                0x080065ac       0xac C:/ST/STM32CubeIDE_1.16.1/STM32CubeIDE/plugins/com.st.stm32cube.ide.mcu.externaltools.gnu-tools-for-stm32.12.3.rel1.win32_1.0.200.202406191623/tools/bin/../lib/gcc/arm-none-eabi/12.3.1/../../../../arm-none-eabi/lib/thumb/v7e-m+fp/hard\libc_nano.a(libc_a-wsetup.o)
                0x080065ac                __swsetup_r
 .text.memset   0x08006658       0x10 C:/ST/STM32CubeIDE_1.16.1/STM32CubeIDE/plugins/com.st.stm32cube.ide.mcu.externaltools.gnu-tools-for-stm32.12.3.rel1.win32_1.0.200.202406191623/tools/bin/../lib/gcc/arm-none-eabi/12.3.1/../../../../arm-none-eabi/lib/thumb/v7e-m+fp/hard\libc_nano.a(libc_a-memset.o)
                0x08006658                memset
 .text._close_r
                0x08006668       0x20 C:/ST/STM32CubeIDE_1.16.1/STM32CubeIDE/plugins/com.st.stm32cube.ide.mcu.externaltools.gnu-tools-for-stm32.12.3.rel1.win32_1.0.200.202406191623/tools/bin/../lib/gcc/arm-none-eabi/12.3.1/../../../../arm-none-eabi/lib/thumb/v7e-m+fp/hard\libc_nano.a(libc_a-closer.o)
                0x08006668                _close_r
 .text._lseek_r
                0x08006688       0x24 C:/ST/STM32CubeIDE_1.16.1/STM32CubeIDE/plugins/com.st.stm32cube.ide.mcu.externaltools.gnu-tools-for-stm32.12.3.rel1.win32_1.0.200.202406191623/tools/bin/../lib/gcc/arm-none-eabi/12.3.1/../../../../arm-none-eabi/lib/thumb/v7e-m+fp/hard\libc_nano.a(libc_a-lseekr.o)
                0x08006688                _lseek_r
 .text._read_r  0x080066ac       0x24 C:/ST/STM32CubeIDE_1.16.1/STM32CubeIDE/plugins/com.st.stm32cube.ide.mcu.externaltools.gnu-tools-for-stm32.12.3.rel1.win32_1.0.200.202406191623/tools/bin/../lib/gcc/arm-none-eabi/12.3.1/../../../../arm-none-eabi/lib/thumb/v7e-m+fp/hard\libc_nano.a(libc_a-readr.o)
                0x080066ac                _read_r
 .text._write_r
                0x080066d0       0x24 C:/ST/STM32CubeIDE_1.16.1/STM32CubeIDE/plugins/com.st.stm32cube.ide.mcu.externaltools.gnu-tools-for-stm32.12.3.rel1.win32_1.0.200.202406191623/tools/bin/../lib/gcc/arm-none-eabi/12.3.1/../../../../arm-none-eabi/lib/thumb/v7e-m+fp/hard\libc_nano.a(libc_a-writer.o)
                0x080066d0                _write_r
 .text.__errno  0x080066f4        0xc C:/ST/STM32CubeIDE_1.16.1/STM32CubeIDE/plugins/com.st.stm32cube.ide.mcu.externaltools.gnu-tools-for-stm32.12.3.rel1.win32_1.0.200.202406191623/tools/bin/../lib/gcc/arm-none-eabi/12.3.1/../../../../arm-none-eabi/lib/thumb/v7e-m+fp/hard\libc_nano.a(libc_a-errno.o)
                0x080066f4                __errno
 .text.__libc_init_array
                0x08006700       0x48 C:/ST/STM32CubeIDE_1.16.1/STM32CubeIDE/plugins/com.st.stm32cube.ide.mcu.externaltools.gnu-tools-for-stm32.12.3.rel1.win32_1.0.200.202406191623/tools/bin/../lib/gcc/arm-none-eabi/12.3.1/../../../../arm-none-eabi/lib/thumb/v7e-m+fp/hard\libc_nano.a(libc_a-init.o)
                0x08006700                __libc_init_array
 .text.__retarget_lock_init_recursive
                0x08006748        0x2 C:/ST/STM32CubeIDE_1.16.1/STM32CubeIDE/plugins/com.st.stm32cube.ide.mcu.externaltools.gnu-tools-for-stm32.12.3.rel1.win32_1.0.200.202406191623/tools/bin/../lib/gcc/arm-none-eabi/12.3.1/../../../../arm-none-eabi/lib/thumb/v7e-m+fp/hard\libc_nano.a(libc_a-lock.o)
                0x08006748                __retarget_lock_init_recursive
 .text.__retarget_lock_acquire_recursive
                0x0800674a        0x2 C:/ST/STM32CubeIDE_1.16.1/STM32CubeIDE/plugins/com.st.stm32cube.ide.mcu.externaltools.gnu-tools-for-stm32.12.3.rel1.win32_1.0.200.202406191623/tools/bin/../lib/gcc/arm-none-eabi/12.3.1/../../../../arm-none-eabi/lib/thumb/v7e-m+fp/hard\libc_nano.a(libc_a-lock.o)
                0x0800674a                __retarget_lock_acquire_recursive
 .text.__retarget_lock_release_recursive
                0x0800674c        0x2 C:/ST/STM32CubeIDE_1.16.1/STM32CubeIDE/plugins/com.st.stm32cube.ide.mcu.externaltools.gnu-tools-for-stm32.12.3.rel1.win32_1.0.200.202406191623/tools/bin/../lib/gcc/arm-none-eabi/12.3.1/../../../../arm-none-eabi/lib/thumb/v7e-m+fp/hard\libc_nano.a(libc_a-lock.o)
                0x0800674c                __retarget_lock_release_recursive
 *fill*         0x0800674e        0x2 
 .text._free_r  0x08006750       0x94 C:/ST/STM32CubeIDE_1.16.1/STM32CubeIDE/plugins/com.st.stm32cube.ide.mcu.externaltools.gnu-tools-for-stm32.12.3.rel1.win32_1.0.200.202406191623/tools/bin/../lib/gcc/arm-none-eabi/12.3.1/../../../../arm-none-eabi/lib/thumb/v7e-m+fp/hard\libc_nano.a(libc_a-freer.o)
                0x08006750                _free_r
 .text.sbrk_aligned
                0x080067e4       0x44 C:/ST/STM32CubeIDE_1.16.1/STM32CubeIDE/plugins/com.st.stm32cube.ide.mcu.externaltools.gnu-tools-for-stm32.12.3.rel1.win32_1.0.200.202406191623/tools/bin/../lib/gcc/arm-none-eabi/12.3.1/../../../../arm-none-eabi/lib/thumb/v7e-m+fp/hard\libc_nano.a(libc_a-mallocr.o)
 .text._malloc_r
                0x08006828      0x100 C:/ST/STM32CubeIDE_1.16.1/STM32CubeIDE/plugins/com.st.stm32cube.ide.mcu.externaltools.gnu-tools-for-stm32.12.3.rel1.win32_1.0.200.202406191623/tools/bin/../lib/gcc/arm-none-eabi/12.3.1/../../../../arm-none-eabi/lib/thumb/v7e-m+fp/hard\libc_nano.a(libc_a-mallocr.o)
                0x08006828                _malloc_r
 .text.__malloc_lock
                0x08006928        0xc C:/ST/STM32CubeIDE_1.16.1/STM32CubeIDE/plugins/com.st.stm32cube.ide.mcu.externaltools.gnu-tools-for-stm32.12.3.rel1.win32_1.0.200.202406191623/tools/bin/../lib/gcc/arm-none-eabi/12.3.1/../../../../arm-none-eabi/lib/thumb/v7e-m+fp/hard\libc_nano.a(libc_a-mlock.o)
                0x08006928                __malloc_lock
 .text.__malloc_unlock
                0x08006934        0xc C:/ST/STM32CubeIDE_1.16.1/STM32CubeIDE/plugins/com.st.stm32cube.ide.mcu.externaltools.gnu-tools-for-stm32.12.3.rel1.win32_1.0.200.202406191623/tools/bin/../lib/gcc/arm-none-eabi/12.3.1/../../../../arm-none-eabi/lib/thumb/v7e-m+fp/hard\libc_nano.a(libc_a-mlock.o)
                0x08006934                __malloc_unlock
 .text.__sfputc_r
                0x08006940       0x2e C:/ST/STM32CubeIDE_1.16.1/STM32CubeIDE/plugins/com.st.stm32cube.ide.mcu.externaltools.gnu-tools-for-stm32.12.3.rel1.win32_1.0.200.202406191623/tools/bin/../lib/gcc/arm-none-eabi/12.3.1/../../../../arm-none-eabi/lib/thumb/v7e-m+fp/hard\libc_nano.a(libc_a-nano-vfprintf.o)
 .text.__sfputs_r
                0x0800696e       0x24 C:/ST/STM32CubeIDE_1.16.1/STM32CubeIDE/plugins/com.st.stm32cube.ide.mcu.externaltools.gnu-tools-for-stm32.12.3.rel1.win32_1.0.200.202406191623/tools/bin/../lib/gcc/arm-none-eabi/12.3.1/../../../../arm-none-eabi/lib/thumb/v7e-m+fp/hard\libc_nano.a(libc_a-nano-vfprintf.o)
                0x0800696e                __sfputs_r
 *fill*         0x08006992        0x2 
 .text._vfprintf_r
                0x08006994      0x230 C:/ST/STM32CubeIDE_1.16.1/STM32CubeIDE/plugins/com.st.stm32cube.ide.mcu.externaltools.gnu-tools-for-stm32.12.3.rel1.win32_1.0.200.202406191623/tools/bin/../lib/gcc/arm-none-eabi/12.3.1/../../../../arm-none-eabi/lib/thumb/v7e-m+fp/hard\libc_nano.a(libc_a-nano-vfprintf.o)
                0x08006994                _vfprintf_r
                0x08006994                _vfiprintf_r
 .text._printf_common
                0x08006bc4       0xda C:/ST/STM32CubeIDE_1.16.1/STM32CubeIDE/plugins/com.st.stm32cube.ide.mcu.externaltools.gnu-tools-for-stm32.12.3.rel1.win32_1.0.200.202406191623/tools/bin/../lib/gcc/arm-none-eabi/12.3.1/../../../../arm-none-eabi/lib/thumb/v7e-m+fp/hard\libc_nano.a(libc_a-nano-vfprintf_i.o)
                0x08006bc4                _printf_common
 *fill*         0x08006c9e        0x2 
 .text._printf_i
                0x08006ca0      0x240 C:/ST/STM32CubeIDE_1.16.1/STM32CubeIDE/plugins/com.st.stm32cube.ide.mcu.externaltools.gnu-tools-for-stm32.12.3.rel1.win32_1.0.200.202406191623/tools/bin/../lib/gcc/arm-none-eabi/12.3.1/../../../../arm-none-eabi/lib/thumb/v7e-m+fp/hard\libc_nano.a(libc_a-nano-vfprintf_i.o)
                0x08006ca0                _printf_i
 .text.__sflush_r
                0x08006ee0      0x108 C:/ST/STM32CubeIDE_1.16.1/STM32CubeIDE/plugins/com.st.stm32cube.ide.mcu.externaltools.gnu-tools-for-stm32.12.3.rel1.win32_1.0.200.202406191623/tools/bin/../lib/gcc/arm-none-eabi/12.3.1/../../../../arm-none-eabi/lib/thumb/v7e-m+fp/hard\libc_nano.a(libc_a-fflush.o)
                0x08006ee0                __sflush_r
 .text._fflush_r
                0x08006fe8       0x50 C:/ST/STM32CubeIDE_1.16.1/STM32CubeIDE/plugins/com.st.stm32cube.ide.mcu.externaltools.gnu-tools-for-stm32.12.3.rel1.win32_1.0.200.202406191623/tools/bin/../lib/gcc/arm-none-eabi/12.3.1/../../../../arm-none-eabi/lib/thumb/v7e-m+fp/hard\libc_nano.a(libc_a-fflush.o)
                0x08006fe8                _fflush_r
 .text.__swhatbuf_r
                0x08007038       0x4c C:/ST/STM32CubeIDE_1.16.1/STM32CubeIDE/plugins/com.st.stm32cube.ide.mcu.externaltools.gnu-tools-for-stm32.12.3.rel1.win32_1.0.200.202406191623/tools/bin/../lib/gcc/arm-none-eabi/12.3.1/../../../../arm-none-eabi/lib/thumb/v7e-m+fp/hard\libc_nano.a(libc_a-makebuf.o)
                0x08007038                __swhatbuf_r
 .text.__smakebuf_r
                0x08007084       0x78 C:/ST/STM32CubeIDE_1.16.1/STM32CubeIDE/plugins/com.st.stm32cube.ide.mcu.externaltools.gnu-tools-for-stm32.12.3.rel1.win32_1.0.200.202406191623/tools/bin/../lib/gcc/arm-none-eabi/12.3.1/../../../../arm-none-eabi/lib/thumb/v7e-m+fp/hard\libc_nano.a(libc_a-makebuf.o)
                0x08007084                __smakebuf_r
 .text._fstat_r
                0x080070fc       0x24 C:/ST/STM32CubeIDE_1.16.1/STM32CubeIDE/plugins/com.st.stm32cube.ide.mcu.externaltools.gnu-tools-for-stm32.12.3.rel1.win32_1.0.200.202406191623/tools/bin/../lib/gcc/arm-none-eabi/12.3.1/../../../../arm-none-eabi/lib/thumb/v7e-m+fp/hard\libc_nano.a(libc_a-fstatr.o)
                0x080070fc                _fstat_r
 .text._isatty_r
                0x08007120       0x20 C:/ST/STM32CubeIDE_1.16.1/STM32CubeIDE/plugins/com.st.stm32cube.ide.mcu.externaltools.gnu-tools-for-stm32.12.3.rel1.win32_1.0.200.202406191623/tools/bin/../lib/gcc/arm-none-eabi/12.3.1/../../../../arm-none-eabi/lib/thumb/v7e-m+fp/hard\libc_nano.a(libc_a-isattyr.o)
                0x08007120                _isatty_r
 .text._sbrk_r  0x08007140       0x20 C:/ST/STM32CubeIDE_1.16.1/STM32CubeIDE/plugins/com.st.stm32cube.ide.mcu.externaltools.gnu-tools-for-stm32.12.3.rel1.win32_1.0.200.202406191623/tools/bin/../lib/gcc/arm-none-eabi/12.3.1/../../../../arm-none-eabi/lib/thumb/v7e-m+fp/hard\libc_nano.a(libc_a-sbrkr.o)
                0x08007140                _sbrk_r
 *(.glue_7)
 .glue_7        0x08007160        0x0 linker stubs
 *(.glue_7t)
 .glue_7t       0x08007160        0x0 linker stubs
 *(.eh_frame)
 .eh_frame      0x08007160        0x0 C:/ST/STM32CubeIDE_1.16.1/STM32CubeIDE/plugins/com.st.stm32cube.ide.mcu.externaltools.gnu-tools-for-stm32.12.3.rel1.win32_1.0.200.202406191623/tools/bin/../lib/gcc/arm-none-eabi/12.3.1/thumb/v7e-m+fp/hard/crtbegin.o
 *(.init)
 .init          0x08007160        0x4 C:/ST/STM32CubeIDE_1.16.1/STM32CubeIDE/plugins/com.st.stm32cube.ide.mcu.externaltools.gnu-tools-for-stm32.12.3.rel1.win32_1.0.200.202406191623/tools/bin/../lib/gcc/arm-none-eabi/12.3.1/thumb/v7e-m+fp/hard/crti.o
                0x08007160                _init
 .init          0x08007164        0x8 C:/ST/STM32CubeIDE_1.16.1/STM32CubeIDE/plugins/com.st.stm32cube.ide.mcu.externaltools.gnu-tools-for-stm32.12.3.rel1.win32_1.0.200.202406191623/tools/bin/../lib/gcc/arm-none-eabi/12.3.1/thumb/v7e-m+fp/hard/crtn.o
 *(.fini)
 .fini          0x0800716c        0x4 C:/ST/STM32CubeIDE_1.16.1/STM32CubeIDE/plugins/com.st.stm32cube.ide.mcu.externaltools.gnu-tools-for-stm32.12.3.rel1.win32_1.0.200.202406191623/tools/bin/../lib/gcc/arm-none-eabi/12.3.1/thumb/v7e-m+fp/hard/crti.o
                0x0800716c                _fini
 .fini          0x08007170        0x8 C:/ST/STM32CubeIDE_1.16.1/STM32CubeIDE/plugins/com.st.stm32cube.ide.mcu.externaltools.gnu-tools-for-stm32.12.3.rel1.win32_1.0.200.202406191623/tools/bin/../lib/gcc/arm-none-eabi/12.3.1/thumb/v7e-m+fp/hard/crtn.o
                0x08007178                        . = ALIGN (0x4)
                0x08007178                        _etext = .

.vfp11_veneer   0x08007178        0x0
 .vfp11_veneer  0x08007178        0x0 linker stubs

.v4_bx          0x08007178        0x0
 .v4_bx         0x08007178        0x0 linker stubs

.iplt           0x08007178        0x0
 .iplt          0x08007178        0x0 C:/ST/STM32CubeIDE_1.16.1/STM32CubeIDE/plugins/com.st.stm32cube.ide.mcu.externaltools.gnu-tools-for-stm32.12.3.rel1.win32_1.0.200.202406191623/tools/bin/../lib/gcc/arm-none-eabi/12.3.1/thumb/v7e-m+fp/hard/crtbegin.o

.rodata         0x08007178     0x1270
                0x08007178                        . = ALIGN (0x4)
 *(.rodata)
 .rodata        0x08007178       0x52 ./Core/Src/ApplicationCode.o
 *(.rodata*)
 *fill*         0x080071ca        0x2 
 .rodata.ASCII16x24_Table
                0x080071cc     0x11d0 ./Core/Src/fonts.o
                0x080071cc                ASCII16x24_Table
 .rodata.AHBPrescTable
                0x0800839c       0x10 ./Core/Src/system_stm32f4xx.o
                0x0800839c                AHBPrescTable
 .rodata.APBPrescTable
                0x080083ac        0x8 ./Core/Src/system_stm32f4xx.o
                0x080083ac                APBPrescTable
 .rodata._vfprintf_r.str1.1
                0x080083b4       0x11 C:/ST/STM32CubeIDE_1.16.1/STM32CubeIDE/plugins/com.st.stm32cube.ide.mcu.externaltools.gnu-tools-for-stm32.12.3.rel1.win32_1.0.200.202406191623/tools/bin/../lib/gcc/arm-none-eabi/12.3.1/../../../../arm-none-eabi/lib/thumb/v7e-m+fp/hard\libc_nano.a(libc_a-nano-vfprintf.o)
 .rodata._printf_i.str1.1
                0x080083c5       0x22 C:/ST/STM32CubeIDE_1.16.1/STM32CubeIDE/plugins/com.st.stm32cube.ide.mcu.externaltools.gnu-tools-for-stm32.12.3.rel1.win32_1.0.200.202406191623/tools/bin/../lib/gcc/arm-none-eabi/12.3.1/../../../../arm-none-eabi/lib/thumb/v7e-m+fp/hard\libc_nano.a(libc_a-nano-vfprintf_i.o)
                0x080083e8                        . = ALIGN (0x4)
 *fill*         0x080083e7        0x1 

.ARM.extab      0x080083e8        0x0
                0x080083e8                        . = ALIGN (0x4)
 *(.ARM.extab* .gnu.linkonce.armextab.*)
                0x080083e8                        . = ALIGN (0x4)

.ARM            0x080083e8        0x8
                0x080083e8                        . = ALIGN (0x4)
                0x080083e8                        __exidx_start = .
 *(.ARM.exidx*)
 .ARM.exidx     0x080083e8        0x8 C:/ST/STM32CubeIDE_1.16.1/STM32CubeIDE/plugins/com.st.stm32cube.ide.mcu.externaltools.gnu-tools-for-stm32.12.3.rel1.win32_1.0.200.202406191623/tools/bin/../lib/gcc/arm-none-eabi/12.3.1/../../../../arm-none-eabi/lib/thumb/v7e-m+fp/hard\libc_nano.a(libc_a-memchr.o)
 .ARM.exidx     0x080083f0        0x0 C:/ST/STM32CubeIDE_1.16.1/STM32CubeIDE/plugins/com.st.stm32cube.ide.mcu.externaltools.gnu-tools-for-stm32.12.3.rel1.win32_1.0.200.202406191623/tools/bin/../lib/gcc/arm-none-eabi/12.3.1/thumb/v7e-m+fp/hard\libgcc.a(_udivmoddi4.o)
                                  0x8 (size before relaxing)
                0x080083f0                        __exidx_end = .
                0x080083f0                        . = ALIGN (0x4)

.preinit_array  0x080083f0        0x0
                0x080083f0                        . = ALIGN (0x4)
                0x080083f0                        PROVIDE (__preinit_array_start = .)
 *(.preinit_array*)
                0x080083f0                        PROVIDE (__preinit_array_end = .)
                0x080083f0                        . = ALIGN (0x4)

.init_array     0x080083f0        0x4
                0x080083f0                        . = ALIGN (0x4)
                0x080083f0                        PROVIDE (__init_array_start = .)
 *(SORT_BY_NAME(.init_array.*))
 *(.init_array*)
 .init_array    0x080083f0        0x4 C:/ST/STM32CubeIDE_1.16.1/STM32CubeIDE/plugins/com.st.stm32cube.ide.mcu.externaltools.gnu-tools-for-stm32.12.3.rel1.win32_1.0.200.202406191623/tools/bin/../lib/gcc/arm-none-eabi/12.3.1/thumb/v7e-m+fp/hard/crtbegin.o
                0x080083f4                        PROVIDE (__init_array_end = .)
                0x080083f4                        . = ALIGN (0x4)

.fini_array     0x080083f4        0x4
                0x080083f4                        . = ALIGN (0x4)
                [!provide]                        PROVIDE (__fini_array_start = .)
 *(SORT_BY_NAME(.fini_array.*))
 *(.fini_array*)
 .fini_array    0x080083f4        0x4 C:/ST/STM32CubeIDE_1.16.1/STM32CubeIDE/plugins/com.st.stm32cube.ide.mcu.externaltools.gnu-tools-for-stm32.12.3.rel1.win32_1.0.200.202406191623/tools/bin/../lib/gcc/arm-none-eabi/12.3.1/thumb/v7e-m+fp/hard/crtbegin.o
                [!provide]                        PROVIDE (__fini_array_end = .)
                0x080083f8                        . = ALIGN (0x4)
                0x080083f8                        _sidata = LOADADDR (.data)

.rel.dyn        0x080083f8        0x0
 .rel.iplt      0x080083f8        0x0 C:/ST/STM32CubeIDE_1.16.1/STM32CubeIDE/plugins/com.st.stm32cube.ide.mcu.externaltools.gnu-tools-for-stm32.12.3.rel1.win32_1.0.200.202406191623/tools/bin/../lib/gcc/arm-none-eabi/12.3.1/thumb/v7e-m+fp/hard/crtbegin.o

.data           0x20000000       0x78 load address 0x080083f8
                0x20000000                        . = ALIGN (0x4)
                0x20000000                        _sdata = .
 *(.data)
 *(.data*)
 .data.CurrentTextColor
                0x20000000        0x2 ./Core/Src/LCD_Driver.o
 *fill*         0x20000002        0x2 
 .data.Font16x24
                0x20000004        0x8 ./Core/Src/fonts.o
                0x20000004                Font16x24
 .data.SpiTimeout
                0x2000000c        0x4 ./Core/Src/ili9341.o
                0x2000000c                SpiTimeout
 .data.SystemCoreClock
                0x20000010        0x4 ./Core/Src/system_stm32f4xx.o
                0x20000010                SystemCoreClock
 .data.uwTickPrio
                0x20000014        0x4 ./Drivers/STM32F4xx_HAL_Driver/Src/stm32f4xx_hal.o
                0x20000014                uwTickPrio
 .data.uwTickFreq
                0x20000018        0x1 ./Drivers/STM32F4xx_HAL_Driver/Src/stm32f4xx_hal.o
                0x20000018                uwTickFreq
 *fill*         0x20000019        0x3 
 .data.__sglue  0x2000001c        0xc C:/ST/STM32CubeIDE_1.16.1/STM32CubeIDE/plugins/com.st.stm32cube.ide.mcu.externaltools.gnu-tools-for-stm32.12.3.rel1.win32_1.0.200.202406191623/tools/bin/../lib/gcc/arm-none-eabi/12.3.1/../../../../arm-none-eabi/lib/thumb/v7e-m+fp/hard\libc_nano.a(libc_a-findfp.o)
                0x2000001c                __sglue
 .data._impure_ptr
                0x20000028        0x4 C:/ST/STM32CubeIDE_1.16.1/STM32CubeIDE/plugins/com.st.stm32cube.ide.mcu.externaltools.gnu-tools-for-stm32.12.3.rel1.win32_1.0.200.202406191623/tools/bin/../lib/gcc/arm-none-eabi/12.3.1/../../../../arm-none-eabi/lib/thumb/v7e-m+fp/hard\libc_nano.a(libc_a-impure.o)
                0x20000028                _impure_ptr
 .data._impure_data
                0x2000002c       0x4c C:/ST/STM32CubeIDE_1.16.1/STM32CubeIDE/plugins/com.st.stm32cube.ide.mcu.externaltools.gnu-tools-for-stm32.12.3.rel1.win32_1.0.200.202406191623/tools/bin/../lib/gcc/arm-none-eabi/12.3.1/../../../../arm-none-eabi/lib/thumb/v7e-m+fp/hard\libc_nano.a(libc_a-impure.o)
                0x2000002c                _impure_data
 *(.RamFunc)
 *(.RamFunc*)
                0x20000078                        . = ALIGN (0x4)
                0x20000078                        _edata = .
                0x08008470                        _siccmram = LOADADDR (.ccmram)

.igot.plt       0x20000078        0x0 load address 0x08008470
 .igot.plt      0x20000078        0x0 C:/ST/STM32CubeIDE_1.16.1/STM32CubeIDE/plugins/com.st.stm32cube.ide.mcu.externaltools.gnu-tools-for-stm32.12.3.rel1.win32_1.0.200.202406191623/tools/bin/../lib/gcc/arm-none-eabi/12.3.1/thumb/v7e-m+fp/hard/crtbegin.o

.ccmram         0x10000000        0x0 load address 0x08008470
                0x10000000                        . = ALIGN (0x4)
                0x10000000                        _sccmram = .
 *(.ccmram)
 *(.ccmram*)
                0x10000000                        . = ALIGN (0x4)
                0x10000000                        _eccmram = .
                0x10000000                        . = ALIGN (0x4)

.bss            0x20000078    0x25cc4
                0x20000078                        _sbss = .
                0x20000078                        __bss_start__ = _sbss
 *(.bss)
 .bss           0x20000078       0x1c C:/ST/STM32CubeIDE_1.16.1/STM32CubeIDE/plugins/com.st.stm32cube.ide.mcu.externaltools.gnu-tools-for-stm32.12.3.rel1.win32_1.0.200.202406191623/tools/bin/../lib/gcc/arm-none-eabi/12.3.1/thumb/v7e-m+fp/hard/crtbegin.o
 *(.bss*)
 .bss.StaticTouchData
                0x20000094        0x8 ./Core/Src/ApplicationCode.o
 .bss.LCDTouchIRQ
                0x2000009c        0x8 ./Core/Src/ApplicationCode.o
 .bss.statusFlag
                0x200000a4        0x1 ./Core/Src/ApplicationCode.o
 *fill*         0x200000a5        0x3 
 .bss.count.0   0x200000a8        0x4 ./Core/Src/ApplicationCode.o
 .bss.hltdc     0x200000ac       0xa8 ./Core/Src/LCD_Driver.o
 .bss.PeriphClkInitStruct
                0x20000154       0x30 ./Core/Src/LCD_Driver.o
 .bss.LCD_Currentfonts
                0x20000184        0x4 ./Core/Src/LCD_Driver.o
 .bss.frameBuffer
                0x20000188    0x25800 ./Core/Src/LCD_Driver.o
                0x20000188                frameBuffer
 .bss.SpiHandle
                0x20025988       0x58 ./Core/Src/ili9341.o
 .bss.Is_LCD_IO_Initialized
                0x200259e0        0x1 ./Core/Src/ili9341.o
 *fill*         0x200259e1        0x3 
 .bss.hi2c3     0x200259e4       0x54 ./Core/Src/main.o
                0x200259e4                hi2c3
 .bss.hltdc     0x20025a38       0xa8 ./Core/Src/main.o
                0x20025a38                hltdc
 .bss.hrng      0x20025ae0       0x10 ./Core/Src/main.o
                0x20025ae0                hrng
 .bss.hspi5     0x20025af0       0x58 ./Core/Src/main.o
                0x20025af0                hspi5
 .bss.htim7     0x20025b48       0x48 ./Core/Src/main.o
                0x20025b48                htim7
 .bss.hI2C3     0x20025b90       0x54 ./Core/Src/stmpe811.o
 .bss.HAL_status
                0x20025be4        0x1 ./Core/Src/stmpe811.o
 *fill*         0x20025be5        0x3 
 .bss.__sbrk_heap_end
                0x20025be8        0x4 ./Core/Src/sysmem.o
 .bss.uwTick    0x20025bec        0x4 ./Drivers/STM32F4xx_HAL_Driver/Src/stm32f4xx_hal.o
                0x20025bec                uwTick
 .bss.__sf      0x20025bf0      0x138 C:/ST/STM32CubeIDE_1.16.1/STM32CubeIDE/plugins/com.st.stm32cube.ide.mcu.externaltools.gnu-tools-for-stm32.12.3.rel1.win32_1.0.200.202406191623/tools/bin/../lib/gcc/arm-none-eabi/12.3.1/../../../../arm-none-eabi/lib/thumb/v7e-m+fp/hard\libc_nano.a(libc_a-findfp.o)
                0x20025bf0                __sf
 .bss.__stdio_exit_handler
                0x20025d28        0x4 C:/ST/STM32CubeIDE_1.16.1/STM32CubeIDE/plugins/com.st.stm32cube.ide.mcu.externaltools.gnu-tools-for-stm32.12.3.rel1.win32_1.0.200.202406191623/tools/bin/../lib/gcc/arm-none-eabi/12.3.1/../../../../arm-none-eabi/lib/thumb/v7e-m+fp/hard\libc_nano.a(libc_a-findfp.o)
                0x20025d28                __stdio_exit_handler
 .bss.errno     0x20025d2c        0x4 C:/ST/STM32CubeIDE_1.16.1/STM32CubeIDE/plugins/com.st.stm32cube.ide.mcu.externaltools.gnu-tools-for-stm32.12.3.rel1.win32_1.0.200.202406191623/tools/bin/../lib/gcc/arm-none-eabi/12.3.1/../../../../arm-none-eabi/lib/thumb/v7e-m+fp/hard\libc_nano.a(libc_a-reent.o)
                0x20025d2c                errno
 .bss.__lock___malloc_recursive_mutex
                0x20025d30        0x1 C:/ST/STM32CubeIDE_1.16.1/STM32CubeIDE/plugins/com.st.stm32cube.ide.mcu.externaltools.gnu-tools-for-stm32.12.3.rel1.win32_1.0.200.202406191623/tools/bin/../lib/gcc/arm-none-eabi/12.3.1/../../../../arm-none-eabi/lib/thumb/v7e-m+fp/hard\libc_nano.a(libc_a-lock.o)
                0x20025d30                __lock___malloc_recursive_mutex
 .bss.__lock___sfp_recursive_mutex
                0x20025d31        0x1 C:/ST/STM32CubeIDE_1.16.1/STM32CubeIDE/plugins/com.st.stm32cube.ide.mcu.externaltools.gnu-tools-for-stm32.12.3.rel1.win32_1.0.200.202406191623/tools/bin/../lib/gcc/arm-none-eabi/12.3.1/../../../../arm-none-eabi/lib/thumb/v7e-m+fp/hard\libc_nano.a(libc_a-lock.o)
                0x20025d31                __lock___sfp_recursive_mutex
 *fill*         0x20025d32        0x2 
 .bss.__malloc_sbrk_start
                0x20025d34        0x4 C:/ST/STM32CubeIDE_1.16.1/STM32CubeIDE/plugins/com.st.stm32cube.ide.mcu.externaltools.gnu-tools-for-stm32.12.3.rel1.win32_1.0.200.202406191623/tools/bin/../lib/gcc/arm-none-eabi/12.3.1/../../../../arm-none-eabi/lib/thumb/v7e-m+fp/hard\libc_nano.a(libc_a-mallocr.o)
                0x20025d34                __malloc_sbrk_start
 .bss.__malloc_free_list
                0x20025d38        0x4 C:/ST/STM32CubeIDE_1.16.1/STM32CubeIDE/plugins/com.st.stm32cube.ide.mcu.externaltools.gnu-tools-for-stm32.12.3.rel1.win32_1.0.200.202406191623/tools/bin/../lib/gcc/arm-none-eabi/12.3.1/../../../../arm-none-eabi/lib/thumb/v7e-m+fp/hard\libc_nano.a(libc_a-mallocr.o)
                0x20025d38                __malloc_free_list
 *(COMMON)
                0x20025d3c                        . = ALIGN (0x4)
                0x20025d3c                        _ebss = .
                0x20025d3c                        __bss_end__ = _ebss

._user_heap_stack
                0x20025d3c      0x604
                0x20025d40                        . = ALIGN (0x8)
 *fill*         0x20025d3c        0x4 
                [!provide]                        PROVIDE (end = .)
                0x20025d40                        PROVIDE (_end = .)
                0x20025f40                        . = (. + _Min_Heap_Size)
 *fill*         0x20025d40      0x200 
                0x20026340                        . = (. + _Min_Stack_Size)
 *fill*         0x20025f40      0x400 
                0x20026340                        . = ALIGN (0x8)

/DISCARD/
 libc.a(*)
 libm.a(*)
 libgcc.a(*)

.ARM.attributes
                0x00000000       0x30
 *(.ARM.attributes)
 .ARM.attributes
                0x00000000       0x22 C:/ST/STM32CubeIDE_1.16.1/STM32CubeIDE/plugins/com.st.stm32cube.ide.mcu.externaltools.gnu-tools-for-stm32.12.3.rel1.win32_1.0.200.202406191623/tools/bin/../lib/gcc/arm-none-eabi/12.3.1/thumb/v7e-m+fp/hard/crti.o
 .ARM.attributes
                0x00000022       0x34 C:/ST/STM32CubeIDE_1.16.1/STM32CubeIDE/plugins/com.st.stm32cube.ide.mcu.externaltools.gnu-tools-for-stm32.12.3.rel1.win32_1.0.200.202406191623/tools/bin/../lib/gcc/arm-none-eabi/12.3.1/thumb/v7e-m+fp/hard/crtbegin.o
 .ARM.attributes
                0x00000056       0x34 ./Core/Src/ApplicationCode.o
 .ARM.attributes
                0x0000008a       0x34 ./Core/Src/LCD_Driver.o
 .ARM.attributes
                0x000000be       0x34 ./Core/Src/fonts.o
 .ARM.attributes
                0x000000f2       0x34 ./Core/Src/ili9341.o
 .ARM.attributes
                0x00000126       0x34 ./Core/Src/main.o
 .ARM.attributes
                0x0000015a       0x34 ./Core/Src/stm32f4xx_hal_msp.o
 .ARM.attributes
                0x0000018e       0x34 ./Core/Src/stm32f4xx_it.o
 .ARM.attributes
                0x000001c2       0x34 ./Core/Src/stmpe811.o
 .ARM.attributes
                0x000001f6       0x34 ./Core/Src/syscalls.o
 .ARM.attributes
                0x0000022a       0x34 ./Core/Src/sysmem.o
 .ARM.attributes
                0x0000025e       0x34 ./Core/Src/system_stm32f4xx.o
 .ARM.attributes
                0x00000292       0x21 ./Core/Startup/startup_stm32f429zitx.o
 .ARM.attributes
                0x000002b3       0x34 ./Drivers/STM32F4xx_HAL_Driver/Src/stm32f4xx_hal.o
 .ARM.attributes
                0x000002e7       0x34 ./Drivers/STM32F4xx_HAL_Driver/Src/stm32f4xx_hal_cortex.o
 .ARM.attributes
                0x0000031b       0x34 ./Drivers/STM32F4xx_HAL_Driver/Src/stm32f4xx_hal_exti.o
 .ARM.attributes
                0x0000034f       0x34 ./Drivers/STM32F4xx_HAL_Driver/Src/stm32f4xx_hal_gpio.o
 .ARM.attributes
                0x00000383       0x34 ./Drivers/STM32F4xx_HAL_Driver/Src/stm32f4xx_hal_i2c.o
 .ARM.attributes
                0x000003b7       0x34 ./Drivers/STM32F4xx_HAL_Driver/Src/stm32f4xx_hal_i2c_ex.o
 .ARM.attributes
                0x000003eb       0x34 ./Drivers/STM32F4xx_HAL_Driver/Src/stm32f4xx_hal_ltdc.o
 .ARM.attributes
                0x0000041f       0x34 ./Drivers/STM32F4xx_HAL_Driver/Src/stm32f4xx_hal_rcc.o
 .ARM.attributes
                0x00000453       0x34 ./Drivers/STM32F4xx_HAL_Driver/Src/stm32f4xx_hal_rcc_ex.o
 .ARM.attributes
                0x00000487       0x34 ./Drivers/STM32F4xx_HAL_Driver/Src/stm32f4xx_hal_rng.o
 .ARM.attributes
                0x000004bb       0x34 ./Drivers/STM32F4xx_HAL_Driver/Src/stm32f4xx_hal_spi.o
 .ARM.attributes
                0x000004ef       0x34 ./Drivers/STM32F4xx_HAL_Driver/Src/stm32f4xx_hal_tim.o
 .ARM.attributes
                0x00000523       0x34 ./Drivers/STM32F4xx_HAL_Driver/Src/stm32f4xx_hal_tim_ex.o
 .ARM.attributes
                0x00000557       0x34 C:/ST/STM32CubeIDE_1.16.1/STM32CubeIDE/plugins/com.st.stm32cube.ide.mcu.externaltools.gnu-tools-for-stm32.12.3.rel1.win32_1.0.200.202406191623/tools/bin/../lib/gcc/arm-none-eabi/12.3.1/../../../../arm-none-eabi/lib/thumb/v7e-m+fp/hard\libc_nano.a(libc_a-findfp.o)
 .ARM.attributes
                0x0000058b       0x34 C:/ST/STM32CubeIDE_1.16.1/STM32CubeIDE/plugins/com.st.stm32cube.ide.mcu.externaltools.gnu-tools-for-stm32.12.3.rel1.win32_1.0.200.202406191623/tools/bin/../lib/gcc/arm-none-eabi/12.3.1/../../../../arm-none-eabi/lib/thumb/v7e-m+fp/hard\libc_nano.a(libc_a-fwalk.o)
 .ARM.attributes
                0x000005bf       0x34 C:/ST/STM32CubeIDE_1.16.1/STM32CubeIDE/plugins/com.st.stm32cube.ide.mcu.externaltools.gnu-tools-for-stm32.12.3.rel1.win32_1.0.200.202406191623/tools/bin/../lib/gcc/arm-none-eabi/12.3.1/../../../../arm-none-eabi/lib/thumb/v7e-m+fp/hard\libc_nano.a(libc_a-printf.o)
 .ARM.attributes
                0x000005f3       0x34 C:/ST/STM32CubeIDE_1.16.1/STM32CubeIDE/plugins/com.st.stm32cube.ide.mcu.externaltools.gnu-tools-for-stm32.12.3.rel1.win32_1.0.200.202406191623/tools/bin/../lib/gcc/arm-none-eabi/12.3.1/../../../../arm-none-eabi/lib/thumb/v7e-m+fp/hard\libc_nano.a(libc_a-puts.o)
 .ARM.attributes
                0x00000627       0x34 C:/ST/STM32CubeIDE_1.16.1/STM32CubeIDE/plugins/com.st.stm32cube.ide.mcu.externaltools.gnu-tools-for-stm32.12.3.rel1.win32_1.0.200.202406191623/tools/bin/../lib/gcc/arm-none-eabi/12.3.1/../../../../arm-none-eabi/lib/thumb/v7e-m+fp/hard\libc_nano.a(libc_a-stdio.o)
 .ARM.attributes
                0x0000065b       0x34 C:/ST/STM32CubeIDE_1.16.1/STM32CubeIDE/plugins/com.st.stm32cube.ide.mcu.externaltools.gnu-tools-for-stm32.12.3.rel1.win32_1.0.200.202406191623/tools/bin/../lib/gcc/arm-none-eabi/12.3.1/../../../../arm-none-eabi/lib/thumb/v7e-m+fp/hard\libc_nano.a(libc_a-wbuf.o)
 .ARM.attributes
                0x0000068f       0x34 C:/ST/STM32CubeIDE_1.16.1/STM32CubeIDE/plugins/com.st.stm32cube.ide.mcu.externaltools.gnu-tools-for-stm32.12.3.rel1.win32_1.0.200.202406191623/tools/bin/../lib/gcc/arm-none-eabi/12.3.1/../../../../arm-none-eabi/lib/thumb/v7e-m+fp/hard\libc_nano.a(libc_a-wsetup.o)
 .ARM.attributes
                0x000006c3       0x34 C:/ST/STM32CubeIDE_1.16.1/STM32CubeIDE/plugins/com.st.stm32cube.ide.mcu.externaltools.gnu-tools-for-stm32.12.3.rel1.win32_1.0.200.202406191623/tools/bin/../lib/gcc/arm-none-eabi/12.3.1/../../../../arm-none-eabi/lib/thumb/v7e-m+fp/hard\libc_nano.a(libc_a-memset.o)
 .ARM.attributes
                0x000006f7       0x34 C:/ST/STM32CubeIDE_1.16.1/STM32CubeIDE/plugins/com.st.stm32cube.ide.mcu.externaltools.gnu-tools-for-stm32.12.3.rel1.win32_1.0.200.202406191623/tools/bin/../lib/gcc/arm-none-eabi/12.3.1/../../../../arm-none-eabi/lib/thumb/v7e-m+fp/hard\libc_nano.a(libc_a-closer.o)
 .ARM.attributes
                0x0000072b       0x34 C:/ST/STM32CubeIDE_1.16.1/STM32CubeIDE/plugins/com.st.stm32cube.ide.mcu.externaltools.gnu-tools-for-stm32.12.3.rel1.win32_1.0.200.202406191623/tools/bin/../lib/gcc/arm-none-eabi/12.3.1/../../../../arm-none-eabi/lib/thumb/v7e-m+fp/hard\libc_nano.a(libc_a-reent.o)
 .ARM.attributes
                0x0000075f       0x34 C:/ST/STM32CubeIDE_1.16.1/STM32CubeIDE/plugins/com.st.stm32cube.ide.mcu.externaltools.gnu-tools-for-stm32.12.3.rel1.win32_1.0.200.202406191623/tools/bin/../lib/gcc/arm-none-eabi/12.3.1/../../../../arm-none-eabi/lib/thumb/v7e-m+fp/hard\libc_nano.a(libc_a-impure.o)
 .ARM.attributes
                0x00000793       0x34 C:/ST/STM32CubeIDE_1.16.1/STM32CubeIDE/plugins/com.st.stm32cube.ide.mcu.externaltools.gnu-tools-for-stm32.12.3.rel1.win32_1.0.200.202406191623/tools/bin/../lib/gcc/arm-none-eabi/12.3.1/../../../../arm-none-eabi/lib/thumb/v7e-m+fp/hard\libc_nano.a(libc_a-lseekr.o)
 .ARM.attributes
                0x000007c7       0x34 C:/ST/STM32CubeIDE_1.16.1/STM32CubeIDE/plugins/com.st.stm32cube.ide.mcu.externaltools.gnu-tools-for-stm32.12.3.rel1.win32_1.0.200.202406191623/tools/bin/../lib/gcc/arm-none-eabi/12.3.1/../../../../arm-none-eabi/lib/thumb/v7e-m+fp/hard\libc_nano.a(libc_a-readr.o)
 .ARM.attributes
                0x000007fb       0x34 C:/ST/STM32CubeIDE_1.16.1/STM32CubeIDE/plugins/com.st.stm32cube.ide.mcu.externaltools.gnu-tools-for-stm32.12.3.rel1.win32_1.0.200.202406191623/tools/bin/../lib/gcc/arm-none-eabi/12.3.1/../../../../arm-none-eabi/lib/thumb/v7e-m+fp/hard\libc_nano.a(libc_a-writer.o)
 .ARM.attributes
                0x0000082f       0x34 C:/ST/STM32CubeIDE_1.16.1/STM32CubeIDE/plugins/com.st.stm32cube.ide.mcu.externaltools.gnu-tools-for-stm32.12.3.rel1.win32_1.0.200.202406191623/tools/bin/../lib/gcc/arm-none-eabi/12.3.1/../../../../arm-none-eabi/lib/thumb/v7e-m+fp/hard\libc_nano.a(libc_a-errno.o)
 .ARM.attributes
                0x00000863       0x34 C:/ST/STM32CubeIDE_1.16.1/STM32CubeIDE/plugins/com.st.stm32cube.ide.mcu.externaltools.gnu-tools-for-stm32.12.3.rel1.win32_1.0.200.202406191623/tools/bin/../lib/gcc/arm-none-eabi/12.3.1/../../../../arm-none-eabi/lib/thumb/v7e-m+fp/hard\libc_nano.a(libc_a-init.o)
 .ARM.attributes
                0x00000897       0x34 C:/ST/STM32CubeIDE_1.16.1/STM32CubeIDE/plugins/com.st.stm32cube.ide.mcu.externaltools.gnu-tools-for-stm32.12.3.rel1.win32_1.0.200.202406191623/tools/bin/../lib/gcc/arm-none-eabi/12.3.1/../../../../arm-none-eabi/lib/thumb/v7e-m+fp/hard\libc_nano.a(libc_a-lock.o)
 .ARM.attributes
                0x000008cb       0x34 C:/ST/STM32CubeIDE_1.16.1/STM32CubeIDE/plugins/com.st.stm32cube.ide.mcu.externaltools.gnu-tools-for-stm32.12.3.rel1.win32_1.0.200.202406191623/tools/bin/../lib/gcc/arm-none-eabi/12.3.1/../../../../arm-none-eabi/lib/thumb/v7e-m+fp/hard\libc_nano.a(libc_a-freer.o)
 .ARM.attributes
                0x000008ff       0x34 C:/ST/STM32CubeIDE_1.16.1/STM32CubeIDE/plugins/com.st.stm32cube.ide.mcu.externaltools.gnu-tools-for-stm32.12.3.rel1.win32_1.0.200.202406191623/tools/bin/../lib/gcc/arm-none-eabi/12.3.1/../../../../arm-none-eabi/lib/thumb/v7e-m+fp/hard\libc_nano.a(libc_a-mallocr.o)
 .ARM.attributes
                0x00000933       0x34 C:/ST/STM32CubeIDE_1.16.1/STM32CubeIDE/plugins/com.st.stm32cube.ide.mcu.externaltools.gnu-tools-for-stm32.12.3.rel1.win32_1.0.200.202406191623/tools/bin/../lib/gcc/arm-none-eabi/12.3.1/../../../../arm-none-eabi/lib/thumb/v7e-m+fp/hard\libc_nano.a(libc_a-mlock.o)
 .ARM.attributes
                0x00000967       0x34 C:/ST/STM32CubeIDE_1.16.1/STM32CubeIDE/plugins/com.st.stm32cube.ide.mcu.externaltools.gnu-tools-for-stm32.12.3.rel1.win32_1.0.200.202406191623/tools/bin/../lib/gcc/arm-none-eabi/12.3.1/../../../../arm-none-eabi/lib/thumb/v7e-m+fp/hard\libc_nano.a(libc_a-nano-vfprintf.o)
 .ARM.attributes
                0x0000099b       0x34 C:/ST/STM32CubeIDE_1.16.1/STM32CubeIDE/plugins/com.st.stm32cube.ide.mcu.externaltools.gnu-tools-for-stm32.12.3.rel1.win32_1.0.200.202406191623/tools/bin/../lib/gcc/arm-none-eabi/12.3.1/../../../../arm-none-eabi/lib/thumb/v7e-m+fp/hard\libc_nano.a(libc_a-nano-vfprintf_i.o)
 .ARM.attributes
                0x000009cf       0x34 C:/ST/STM32CubeIDE_1.16.1/STM32CubeIDE/plugins/com.st.stm32cube.ide.mcu.externaltools.gnu-tools-for-stm32.12.3.rel1.win32_1.0.200.202406191623/tools/bin/../lib/gcc/arm-none-eabi/12.3.1/../../../../arm-none-eabi/lib/thumb/v7e-m+fp/hard\libc_nano.a(libc_a-fflush.o)
 .ARM.attributes
                0x00000a03       0x34 C:/ST/STM32CubeIDE_1.16.1/STM32CubeIDE/plugins/com.st.stm32cube.ide.mcu.externaltools.gnu-tools-for-stm32.12.3.rel1.win32_1.0.200.202406191623/tools/bin/../lib/gcc/arm-none-eabi/12.3.1/../../../../arm-none-eabi/lib/thumb/v7e-m+fp/hard\libc_nano.a(libc_a-makebuf.o)
 .ARM.attributes
                0x00000a37       0x34 C:/ST/STM32CubeIDE_1.16.1/STM32CubeIDE/plugins/com.st.stm32cube.ide.mcu.externaltools.gnu-tools-for-stm32.12.3.rel1.win32_1.0.200.202406191623/tools/bin/../lib/gcc/arm-none-eabi/12.3.1/../../../../arm-none-eabi/lib/thumb/v7e-m+fp/hard\libc_nano.a(libc_a-fstatr.o)
 .ARM.attributes
                0x00000a6b       0x34 C:/ST/STM32CubeIDE_1.16.1/STM32CubeIDE/plugins/com.st.stm32cube.ide.mcu.externaltools.gnu-tools-for-stm32.12.3.rel1.win32_1.0.200.202406191623/tools/bin/../lib/gcc/arm-none-eabi/12.3.1/../../../../arm-none-eabi/lib/thumb/v7e-m+fp/hard\libc_nano.a(libc_a-isattyr.o)
 .ARM.attributes
                0x00000a9f       0x34 C:/ST/STM32CubeIDE_1.16.1/STM32CubeIDE/plugins/com.st.stm32cube.ide.mcu.externaltools.gnu-tools-for-stm32.12.3.rel1.win32_1.0.200.202406191623/tools/bin/../lib/gcc/arm-none-eabi/12.3.1/../../../../arm-none-eabi/lib/thumb/v7e-m+fp/hard\libc_nano.a(libc_a-sbrkr.o)
 .ARM.attributes
                0x00000ad3       0x1c C:/ST/STM32CubeIDE_1.16.1/STM32CubeIDE/plugins/com.st.stm32cube.ide.mcu.externaltools.gnu-tools-for-stm32.12.3.rel1.win32_1.0.200.202406191623/tools/bin/../lib/gcc/arm-none-eabi/12.3.1/../../../../arm-none-eabi/lib/thumb/v7e-m+fp/hard\libc_nano.a(libc_a-memchr.o)
 .ARM.attributes
                0x00000aef       0x22 C:/ST/STM32CubeIDE_1.16.1/STM32CubeIDE/plugins/com.st.stm32cube.ide.mcu.externaltools.gnu-tools-for-stm32.12.3.rel1.win32_1.0.200.202406191623/tools/bin/../lib/gcc/arm-none-eabi/12.3.1/thumb/v7e-m+fp/hard\libgcc.a(_aeabi_uldivmod.o)
 .ARM.attributes
                0x00000b11       0x34 C:/ST/STM32CubeIDE_1.16.1/STM32CubeIDE/plugins/com.st.stm32cube.ide.mcu.externaltools.gnu-tools-for-stm32.12.3.rel1.win32_1.0.200.202406191623/tools/bin/../lib/gcc/arm-none-eabi/12.3.1/thumb/v7e-m+fp/hard\libgcc.a(_udivmoddi4.o)
 .ARM.attributes
                0x00000b45       0x22 C:/ST/STM32CubeIDE_1.16.1/STM32CubeIDE/plugins/com.st.stm32cube.ide.mcu.externaltools.gnu-tools-for-stm32.12.3.rel1.win32_1.0.200.202406191623/tools/bin/../lib/gcc/arm-none-eabi/12.3.1/thumb/v7e-m+fp/hard\libgcc.a(_dvmd_tls.o)
 .ARM.attributes
                0x00000b67       0x22 C:/ST/STM32CubeIDE_1.16.1/STM32CubeIDE/plugins/com.st.stm32cube.ide.mcu.externaltools.gnu-tools-for-stm32.12.3.rel1.win32_1.0.200.202406191623/tools/bin/../lib/gcc/arm-none-eabi/12.3.1/thumb/v7e-m+fp/hard/crtn.o
OUTPUT(FTenneyLabFinalProject.elf elf32-littlearm)
LOAD linker stubs
LOAD C:/ST/STM32CubeIDE_1.16.1/STM32CubeIDE/plugins/com.st.stm32cube.ide.mcu.externaltools.gnu-tools-for-stm32.12.3.rel1.win32_1.0.200.202406191623/tools/bin/../lib/gcc/arm-none-eabi/12.3.1/../../../../arm-none-eabi/lib/thumb/v7e-m+fp/hard\libc.a
LOAD C:/ST/STM32CubeIDE_1.16.1/STM32CubeIDE/plugins/com.st.stm32cube.ide.mcu.externaltools.gnu-tools-for-stm32.12.3.rel1.win32_1.0.200.202406191623/tools/bin/../lib/gcc/arm-none-eabi/12.3.1/../../../../arm-none-eabi/lib/thumb/v7e-m+fp/hard\libm.a
LOAD C:/ST/STM32CubeIDE_1.16.1/STM32CubeIDE/plugins/com.st.stm32cube.ide.mcu.externaltools.gnu-tools-for-stm32.12.3.rel1.win32_1.0.200.202406191623/tools/bin/../lib/gcc/arm-none-eabi/12.3.1/thumb/v7e-m+fp/hard\libgcc.a

.debug_info     0x00000000    0x143f8
 .debug_info    0x00000000      0x920 ./Core/Src/ApplicationCode.o
 .debug_info    0x00000920     0x146c ./Core/Src/LCD_Driver.o
 .debug_info    0x00001d8c      0x145 ./Core/Src/fonts.o
 .debug_info    0x00001ed1      0xc85 ./Core/Src/ili9341.o
 .debug_info    0x00002b56     0x1ad1 ./Core/Src/main.o
 .debug_info    0x00004627     0x17bd ./Core/Src/stm32f4xx_hal_msp.o
 .debug_info    0x00005de4      0x119 ./Core/Src/stm32f4xx_it.o
 .debug_info    0x00005efd     0x124f ./Core/Src/stmpe811.o
 .debug_info    0x0000714c      0x6a3 ./Core/Src/syscalls.o
 .debug_info    0x000077ef      0x168 ./Core/Src/sysmem.o
 .debug_info    0x00007957      0x52e ./Core/Src/system_stm32f4xx.o
 .debug_info    0x00007e85       0x30 ./Core/Startup/startup_stm32f429zitx.o
 .debug_info    0x00007eb5      0x9ba ./Drivers/STM32F4xx_HAL_Driver/Src/stm32f4xx_hal.o
 .debug_info    0x0000886f      0xdc2 ./Drivers/STM32F4xx_HAL_Driver/Src/stm32f4xx_hal_cortex.o
 .debug_info    0x00009631      0x4f4 ./Drivers/STM32F4xx_HAL_Driver/Src/stm32f4xx_hal_exti.o
 .debug_info    0x00009b25      0x6db ./Drivers/STM32F4xx_HAL_Driver/Src/stm32f4xx_hal_gpio.o
 .debug_info    0x0000a200     0x2421 ./Drivers/STM32F4xx_HAL_Driver/Src/stm32f4xx_hal_i2c.o
 .debug_info    0x0000c621      0x672 ./Drivers/STM32F4xx_HAL_Driver/Src/stm32f4xx_hal_i2c_ex.o
 .debug_info    0x0000cc93     0x1022 ./Drivers/STM32F4xx_HAL_Driver/Src/stm32f4xx_hal_ltdc.o
 .debug_info    0x0000dcb5      0x8c7 ./Drivers/STM32F4xx_HAL_Driver/Src/stm32f4xx_hal_rcc.o
 .debug_info    0x0000e57c      0x64c ./Drivers/STM32F4xx_HAL_Driver/Src/stm32f4xx_hal_rcc_ex.o
 .debug_info    0x0000ebc8      0x493 ./Drivers/STM32F4xx_HAL_Driver/Src/stm32f4xx_hal_rng.o
 .debug_info    0x0000f05b     0x1525 ./Drivers/STM32F4xx_HAL_Driver/Src/stm32f4xx_hal_spi.o
 .debug_info    0x00010580     0x299d ./Drivers/STM32F4xx_HAL_Driver/Src/stm32f4xx_hal_tim.o
 .debug_info    0x00012f1d     0x14db ./Drivers/STM32F4xx_HAL_Driver/Src/stm32f4xx_hal_tim_ex.o

.debug_abbrev   0x00000000     0x31be
 .debug_abbrev  0x00000000      0x1d8 ./Core/Src/ApplicationCode.o
 .debug_abbrev  0x000001d8      0x326 ./Core/Src/LCD_Driver.o
 .debug_abbrev  0x000004fe       0xc6 ./Core/Src/fonts.o
 .debug_abbrev  0x000005c4      0x2c9 ./Core/Src/ili9341.o
 .debug_abbrev  0x0000088d      0x30d ./Core/Src/main.o
 .debug_abbrev  0x00000b9a      0x25c ./Core/Src/stm32f4xx_hal_msp.o
 .debug_abbrev  0x00000df6       0x73 ./Core/Src/stm32f4xx_it.o
 .debug_abbrev  0x00000e69      0x303 ./Core/Src/stmpe811.o
 .debug_abbrev  0x0000116c      0x1b6 ./Core/Src/syscalls.o
 .debug_abbrev  0x00001322       0xbc ./Core/Src/sysmem.o
 .debug_abbrev  0x000013de      0x11a ./Core/Src/system_stm32f4xx.o
 .debug_abbrev  0x000014f8       0x24 ./Core/Startup/startup_stm32f429zitx.o
 .debug_abbrev  0x0000151c      0x214 ./Drivers/STM32F4xx_HAL_Driver/Src/stm32f4xx_hal.o
 .debug_abbrev  0x00001730      0x31d ./Drivers/STM32F4xx_HAL_Driver/Src/stm32f4xx_hal_cortex.o
 .debug_abbrev  0x00001a4d      0x1c6 ./Drivers/STM32F4xx_HAL_Driver/Src/stm32f4xx_hal_exti.o
 .debug_abbrev  0x00001c13      0x1d4 ./Drivers/STM32F4xx_HAL_Driver/Src/stm32f4xx_hal_gpio.o
 .debug_abbrev  0x00001de7      0x2ad ./Drivers/STM32F4xx_HAL_Driver/Src/stm32f4xx_hal_i2c.o
 .debug_abbrev  0x00002094      0x157 ./Drivers/STM32F4xx_HAL_Driver/Src/stm32f4xx_hal_i2c_ex.o
 .debug_abbrev  0x000021eb      0x233 ./Drivers/STM32F4xx_HAL_Driver/Src/stm32f4xx_hal_ltdc.o
 .debug_abbrev  0x0000241e      0x2b7 ./Drivers/STM32F4xx_HAL_Driver/Src/stm32f4xx_hal_rcc.o
 .debug_abbrev  0x000026d5      0x1b0 ./Drivers/STM32F4xx_HAL_Driver/Src/stm32f4xx_hal_rcc_ex.o
 .debug_abbrev  0x00002885      0x1c4 ./Drivers/STM32F4xx_HAL_Driver/Src/stm32f4xx_hal_rng.o
 .debug_abbrev  0x00002a49      0x27a ./Drivers/STM32F4xx_HAL_Driver/Src/stm32f4xx_hal_spi.o
 .debug_abbrev  0x00002cc3      0x278 ./Drivers/STM32F4xx_HAL_Driver/Src/stm32f4xx_hal_tim.o
 .debug_abbrev  0x00002f3b      0x283 ./Drivers/STM32F4xx_HAL_Driver/Src/stm32f4xx_hal_tim_ex.o

.debug_aranges  0x00000000     0x1458
 .debug_aranges
                0x00000000       0x40 ./Core/Src/ApplicationCode.o
 .debug_aranges
                0x00000040       0xf8 ./Core/Src/LCD_Driver.o
 .debug_aranges
                0x00000138       0x18 ./Core/Src/fonts.o
 .debug_aranges
                0x00000150       0x98 ./Core/Src/ili9341.o
 .debug_aranges
                0x000001e8       0x70 ./Core/Src/main.o
 .debug_aranges
                0x00000258       0x70 ./Core/Src/stm32f4xx_hal_msp.o
 .debug_aranges
                0x000002c8       0x60 ./Core/Src/stm32f4xx_it.o
 .debug_aranges
                0x00000328       0x98 ./Core/Src/stmpe811.o
 .debug_aranges
                0x000003c0       0xa8 ./Core/Src/syscalls.o
 .debug_aranges
                0x00000468       0x20 ./Core/Src/sysmem.o
 .debug_aranges
                0x00000488       0x28 ./Core/Src/system_stm32f4xx.o
 .debug_aranges
                0x000004b0       0x28 ./Core/Startup/startup_stm32f429zitx.o
 .debug_aranges
                0x000004d8      0x100 ./Drivers/STM32F4xx_HAL_Driver/Src/stm32f4xx_hal.o
 .debug_aranges
                0x000005d8      0x130 ./Drivers/STM32F4xx_HAL_Driver/Src/stm32f4xx_hal_cortex.o
 .debug_aranges
                0x00000708       0x60 ./Drivers/STM32F4xx_HAL_Driver/Src/stm32f4xx_hal_exti.o
 .debug_aranges
                0x00000768       0x58 ./Drivers/STM32F4xx_HAL_Driver/Src/stm32f4xx_hal_gpio.o
 .debug_aranges
                0x000007c0      0x2a8 ./Drivers/STM32F4xx_HAL_Driver/Src/stm32f4xx_hal_i2c.o
 .debug_aranges
                0x00000a68       0x28 ./Drivers/STM32F4xx_HAL_Driver/Src/stm32f4xx_hal_i2c_ex.o
 .debug_aranges
                0x00000a90      0x158 ./Drivers/STM32F4xx_HAL_Driver/Src/stm32f4xx_hal_ltdc.o
 .debug_aranges
                0x00000be8       0x88 ./Drivers/STM32F4xx_HAL_Driver/Src/stm32f4xx_hal_rcc.o
 .debug_aranges
                0x00000c70       0x58 ./Drivers/STM32F4xx_HAL_Driver/Src/stm32f4xx_hal_rcc_ex.o
 .debug_aranges
                0x00000cc8       0x88 ./Drivers/STM32F4xx_HAL_Driver/Src/stm32f4xx_hal_rng.o
 .debug_aranges
                0x00000d50      0x1d0 ./Drivers/STM32F4xx_HAL_Driver/Src/stm32f4xx_hal_spi.o
 .debug_aranges
                0x00000f20      0x3d0 ./Drivers/STM32F4xx_HAL_Driver/Src/stm32f4xx_hal_tim.o
 .debug_aranges
                0x000012f0      0x168 ./Drivers/STM32F4xx_HAL_Driver/Src/stm32f4xx_hal_tim_ex.o

.debug_rnglists
                0x00000000      0xfad
 .debug_rnglists
                0x00000000       0x2c ./Core/Src/ApplicationCode.o
 .debug_rnglists
                0x0000002c       0xbb ./Core/Src/LCD_Driver.o
 .debug_rnglists
                0x000000e7       0x6f ./Core/Src/ili9341.o
 .debug_rnglists
                0x00000156       0x56 ./Core/Src/main.o
 .debug_rnglists
                0x000001ac       0x53 ./Core/Src/stm32f4xx_hal_msp.o
 .debug_rnglists
                0x000001ff       0x43 ./Core/Src/stm32f4xx_it.o
 .debug_rnglists
                0x00000242       0x73 ./Core/Src/stmpe811.o
 .debug_rnglists
                0x000002b5       0x79 ./Core/Src/syscalls.o
 .debug_rnglists
                0x0000032e       0x13 ./Core/Src/sysmem.o
 .debug_rnglists
                0x00000341       0x1a ./Core/Src/system_stm32f4xx.o
 .debug_rnglists
                0x0000035b       0x19 ./Core/Startup/startup_stm32f429zitx.o
 .debug_rnglists
                0x00000374       0xbb ./Drivers/STM32F4xx_HAL_Driver/Src/stm32f4xx_hal.o
 .debug_rnglists
                0x0000042f       0xe0 ./Drivers/STM32F4xx_HAL_Driver/Src/stm32f4xx_hal_cortex.o
 .debug_rnglists
                0x0000050f       0x46 ./Drivers/STM32F4xx_HAL_Driver/Src/stm32f4xx_hal_exti.o
 .debug_rnglists
                0x00000555       0x3f ./Drivers/STM32F4xx_HAL_Driver/Src/stm32f4xx_hal_gpio.o
 .debug_rnglists
                0x00000594      0x23c ./Drivers/STM32F4xx_HAL_Driver/Src/stm32f4xx_hal_i2c.o
 .debug_rnglists
                0x000007d0       0x19 ./Drivers/STM32F4xx_HAL_Driver/Src/stm32f4xx_hal_i2c_ex.o
 .debug_rnglists
                0x000007e9      0x10a ./Drivers/STM32F4xx_HAL_Driver/Src/stm32f4xx_hal_ltdc.o
 .debug_rnglists
                0x000008f3       0x66 ./Drivers/STM32F4xx_HAL_Driver/Src/stm32f4xx_hal_rcc.o
 .debug_rnglists
                0x00000959       0x43 ./Drivers/STM32F4xx_HAL_Driver/Src/stm32f4xx_hal_rcc_ex.o
 .debug_rnglists
                0x0000099c       0x63 ./Drivers/STM32F4xx_HAL_Driver/Src/stm32f4xx_hal_rng.o
 .debug_rnglists
                0x000009ff      0x16f ./Drivers/STM32F4xx_HAL_Driver/Src/stm32f4xx_hal_spi.o
 .debug_rnglists
                0x00000b6e      0x31a ./Drivers/STM32F4xx_HAL_Driver/Src/stm32f4xx_hal_tim.o
 .debug_rnglists
                0x00000e88      0x125 ./Drivers/STM32F4xx_HAL_Driver/Src/stm32f4xx_hal_tim_ex.o

.debug_macro    0x00000000    0x26fc9
 .debug_macro   0x00000000      0x32d ./Core/Src/ApplicationCode.o
 .debug_macro   0x0000032d      0xab4 ./Core/Src/ApplicationCode.o
 .debug_macro   0x00000de1      0x2ad ./Core/Src/ApplicationCode.o
 .debug_macro   0x0000108e       0x2e ./Core/Src/ApplicationCode.o
 .debug_macro   0x000010bc       0x28 ./Core/Src/ApplicationCode.o
 .debug_macro   0x000010e4       0x22 ./Core/Src/ApplicationCode.o
 .debug_macro   0x00001106       0x8e ./Core/Src/ApplicationCode.o
 .debug_macro   0x00001194       0x51 ./Core/Src/ApplicationCode.o
 .debug_macro   0x000011e5      0x103 ./Core/Src/ApplicationCode.o
 .debug_macro   0x000012e8       0x6a ./Core/Src/ApplicationCode.o
 .debug_macro   0x00001352      0x1df ./Core/Src/ApplicationCode.o
 .debug_macro   0x00001531       0x1c ./Core/Src/ApplicationCode.o
 .debug_macro   0x0000154d       0x22 ./Core/Src/ApplicationCode.o
 .debug_macro   0x0000156f       0xfb ./Core/Src/ApplicationCode.o
 .debug_macro   0x0000166a     0x1011 ./Core/Src/ApplicationCode.o
 .debug_macro   0x0000267b      0x11f ./Core/Src/ApplicationCode.o
 .debug_macro   0x0000279a    0x17fd8 ./Core/Src/ApplicationCode.o
 .debug_macro   0x0001a772       0x6d ./Core/Src/ApplicationCode.o
 .debug_macro   0x0001a7df     0x3711 ./Core/Src/ApplicationCode.o
 .debug_macro   0x0001def0      0x189 ./Core/Src/ApplicationCode.o
 .debug_macro   0x0001e079       0x5c ./Core/Src/ApplicationCode.o
 .debug_macro   0x0001e0d5      0xcba ./Core/Src/ApplicationCode.o
 .debug_macro   0x0001ed8f      0x9e9 ./Core/Src/ApplicationCode.o
 .debug_macro   0x0001f778      0x115 ./Core/Src/ApplicationCode.o
 .debug_macro   0x0001f88d      0x156 ./Core/Src/ApplicationCode.o
 .debug_macro   0x0001f9e3       0xa5 ./Core/Src/ApplicationCode.o
 .debug_macro   0x0001fa88      0x182 ./Core/Src/ApplicationCode.o
 .debug_macro   0x0001fc0a      0x287 ./Core/Src/ApplicationCode.o
 .debug_macro   0x0001fe91       0x5f ./Core/Src/ApplicationCode.o
 .debug_macro   0x0001fef0      0x236 ./Core/Src/ApplicationCode.o
 .debug_macro   0x00020126      0x132 ./Core/Src/ApplicationCode.o
 .debug_macro   0x00020258      0x41d ./Core/Src/ApplicationCode.o
 .debug_macro   0x00020675       0x2e ./Core/Src/ApplicationCode.o
 .debug_macro   0x000206a3      0x1b5 ./Core/Src/ApplicationCode.o
 .debug_macro   0x00020858       0x22 ./Core/Src/ApplicationCode.o
 .debug_macro   0x0002087a       0xd6 ./Core/Src/ApplicationCode.o
 .debug_macro   0x00020950      0x198 ./Core/Src/ApplicationCode.o
 .debug_macro   0x00020ae8       0xd6 ./Core/Src/ApplicationCode.o
 .debug_macro   0x00020bbe      0x127 ./Core/Src/ApplicationCode.o
 .debug_macro   0x00020ce5       0xe2 ./Core/Src/ApplicationCode.o
 .debug_macro   0x00020dc7       0x89 ./Core/Src/ApplicationCode.o
 .debug_macro   0x00020e50       0xa4 ./Core/Src/ApplicationCode.o
 .debug_macro   0x00020ef4      0x225 ./Core/Src/ApplicationCode.o
 .debug_macro   0x00021119      0x8ed ./Core/Src/ApplicationCode.o
 .debug_macro   0x00021a06       0x4d ./Core/Src/ApplicationCode.o
 .debug_macro   0x00021a53      0x134 ./Core/Src/ApplicationCode.o
 .debug_macro   0x00021b87      0x332 ./Core/Src/ApplicationCode.o
 .debug_macro   0x00021eb9       0x22 ./Core/Src/ApplicationCode.o
 .debug_macro   0x00021edb      0x179 ./Core/Src/ApplicationCode.o
 .debug_macro   0x00022054       0x88 ./Core/Src/ApplicationCode.o
 .debug_macro   0x000220dc       0x61 ./Core/Src/ApplicationCode.o
 .debug_macro   0x0002213d       0x2a ./Core/Src/ApplicationCode.o
 .debug_macro   0x00022167       0x43 ./Core/Src/ApplicationCode.o
 .debug_macro   0x000221aa       0x34 ./Core/Src/ApplicationCode.o
 .debug_macro   0x000221de       0x16 ./Core/Src/ApplicationCode.o
 .debug_macro   0x000221f4       0x35 ./Core/Src/ApplicationCode.o
 .debug_macro   0x00022229      0x369 ./Core/Src/ApplicationCode.o
 .debug_macro   0x00022592       0x10 ./Core/Src/ApplicationCode.o
 .debug_macro   0x000225a2       0x16 ./Core/Src/ApplicationCode.o
 .debug_macro   0x000225b8       0x43 ./Core/Src/ApplicationCode.o
 .debug_macro   0x000225fb       0x34 ./Core/Src/ApplicationCode.o
 .debug_macro   0x0002262f       0x10 ./Core/Src/ApplicationCode.o
 .debug_macro   0x0002263f       0x58 ./Core/Src/ApplicationCode.o
 .debug_macro   0x00022697       0x8e ./Core/Src/ApplicationCode.o
 .debug_macro   0x00022725       0x1c ./Core/Src/ApplicationCode.o
 .debug_macro   0x00022741      0x177 ./Core/Src/ApplicationCode.o
 .debug_macro   0x000228b8       0x16 ./Core/Src/ApplicationCode.o
 .debug_macro   0x000228ce       0x16 ./Core/Src/ApplicationCode.o
 .debug_macro   0x000228e4      0x146 ./Core/Src/ApplicationCode.o
 .debug_macro   0x00022a2a      0x245 ./Core/Src/LCD_Driver.o
 .debug_macro   0x00022c6f       0x6d ./Core/Src/fonts.o
 .debug_macro   0x00022cdc      0x21a ./Core/Src/ili9341.o
 .debug_macro   0x00022ef6      0x32c ./Core/Src/ili9341.o
 .debug_macro   0x00023222      0x33a ./Core/Src/main.o
 .debug_macro   0x0002355c      0x4c9 ./Core/Src/main.o
 .debug_macro   0x00023a25      0x2f2 ./Core/Src/stm32f4xx_hal_msp.o
 .debug_macro   0x00023d17      0x2fc ./Core/Src/stm32f4xx_it.o
 .debug_macro   0x00024013      0x235 ./Core/Src/stmpe811.o
 .debug_macro   0x00024248      0x274 ./Core/Src/syscalls.o
 .debug_macro   0x000244bc       0x5b ./Core/Src/syscalls.o