../Core/Src/main.c:85:6:startScreen	8	static
../Core/Src/main.c:110:5:main	16	static
../Core/Src/main.c:189:13:MX_I2C3_Init	8	static
../Core/Src/main.c:237:13:MX_LTDC_Init	112	static
../Core/Src/main.c:319:13:MX_RNG_Init	8	static
../Core/Src/main.c:345:13:MX_SPI5_Init	8	static
../Core/Src/main.c:383:13:MX_TIM7_Init	16	static
../Core/Src/main.c:421:13:MX_GPIO_Init	64	static
../Core/Src/main.c:588:6:SystemClock_Config	88	static
../Core/Src/main.c:630:6:SystemClockOverride	80	static
../Core/Src/main.c:665:6:Error_Handler	4	static,ignoring_inline_asm
