Archive member included to satisfy reference by file (symbol)

C:/ST/STM32CubeIDE_1.16.1/STM32CubeIDE/plugins/com.st.stm32cube.ide.mcu.externaltools.gnu-tools-for-stm32.12.3.rel1.win32_1.0.200.202406191623/tools/bin/../lib/gcc/arm-none-eabi/12.3.1/../../../../arm-none-eabi/lib/thumb/v7e-m+fp/hard\libc_nano.a(libc_a-exit.o)
                              C:/ST/STM32CubeIDE_1.16.1/STM32CubeIDE/plugins/com.st.stm32cube.ide.mcu.externaltools.gnu-tools-for-stm32.12.3.rel1.win32_1.0.200.202406191623/tools/bin/../lib/gcc/arm-none-eabi/12.3.1/../../../../arm-none-eabi/lib/thumb/v7e-m+fp/hard/crt0.o (exit)
C:/ST/STM32CubeIDE_1.16.1/STM32CubeIDE/plugins/com.st.stm32cube.ide.mcu.externaltools.gnu-tools-for-stm32.12.3.rel1.win32_1.0.200.202406191623/tools/bin/../lib/gcc/arm-none-eabi/12.3.1/../../../../arm-none-eabi/lib/thumb/v7e-m+fp/hard\libc_nano.a(libc_a-findfp.o)
                              C:/ST/STM32CubeIDE_1.16.1/STM32CubeIDE/plugins/com.st.stm32cube.ide.mcu.externaltools.gnu-tools-for-stm32.12.3.rel1.win32_1.0.200.202406191623/tools/bin/../lib/gcc/arm-none-eabi/12.3.1/../../../../arm-none-eabi/lib/thumb/v7e-m+fp/hard\libc_nano.a(libc_a-exit.o) (__stdio_exit_handler)
C:/ST/STM32CubeIDE_1.16.1/STM32CubeIDE/plugins/com.st.stm32cube.ide.mcu.externaltools.gnu-tools-for-stm32.12.3.rel1.win32_1.0.200.202406191623/tools/bin/../lib/gcc/arm-none-eabi/12.3.1/../../../../arm-none-eabi/lib/thumb/v7e-m+fp/hard\libc_nano.a(libc_a-fwalk.o)
                              C:/ST/STM32CubeIDE_1.16.1/STM32CubeIDE/plugins/com.st.stm32cube.ide.mcu.externaltools.gnu-tools-for-stm32.12.3.rel1.win32_1.0.200.202406191623/tools/bin/../lib/gcc/arm-none-eabi/12.3.1/../../../../arm-none-eabi/lib/thumb/v7e-m+fp/hard\libc_nano.a(libc_a-findfp.o) (_fwalk_sglue)
C:/ST/STM32CubeIDE_1.16.1/STM32CubeIDE/plugins/com.st.stm32cube.ide.mcu.externaltools.gnu-tools-for-stm32.12.3.rel1.win32_1.0.200.202406191623/tools/bin/../lib/gcc/arm-none-eabi/12.3.1/../../../../arm-none-eabi/lib/thumb/v7e-m+fp/hard\libc_nano.a(libc_a-printf.o)
                              ./Core/Src/ApplicationCode.o (printf)
C:/ST/STM32CubeIDE_1.16.1/STM32CubeIDE/plugins/com.st.stm32cube.ide.mcu.externaltools.gnu-tools-for-stm32.12.3.rel1.win32_1.0.200.202406191623/tools/bin/../lib/gcc/arm-none-eabi/12.3.1/../../../../arm-none-eabi/lib/thumb/v7e-m+fp/hard\libc_nano.a(libc_a-puts.o)
                              ./Core/Src/ApplicationCode.o (puts)
C:/ST/STM32CubeIDE_1.16.1/STM32CubeIDE/plugins/com.st.stm32cube.ide.mcu.externaltools.gnu-tools-for-stm32.12.3.rel1.win32_1.0.200.202406191623/tools/bin/../lib/gcc/arm-none-eabi/12.3.1/../../../../arm-none-eabi/lib/thumb/v7e-m+fp/hard\libc_nano.a(libc_a-stdio.o)
                              C:/ST/STM32CubeIDE_1.16.1/STM32CubeIDE/plugins/com.st.stm32cube.ide.mcu.externaltools.gnu-tools-for-stm32.12.3.rel1.win32_1.0.200.202406191623/tools/bin/../lib/gcc/arm-none-eabi/12.3.1/../../../../arm-none-eabi/lib/thumb/v7e-m+fp/hard\libc_nano.a(libc_a-findfp.o) (__sread)
C:/ST/STM32CubeIDE_1.16.1/STM32CubeIDE/plugins/com.st.stm32cube.ide.mcu.externaltools.gnu-tools-for-stm32.12.3.rel1.win32_1.0.200.202406191623/tools/bin/../lib/gcc/arm-none-eabi/12.3.1/../../../../arm-none-eabi/lib/thumb/v7e-m+fp/hard\libc_nano.a(libc_a-wbuf.o)
                              C:/ST/STM32CubeIDE_1.16.1/STM32CubeIDE/plugins/com.st.stm32cube.ide.mcu.externaltools.gnu-tools-for-stm32.12.3.rel1.win32_1.0.200.202406191623/tools/bin/../lib/gcc/arm-none-eabi/12.3.1/../../../../arm-none-eabi/lib/thumb/v7e-m+fp/hard\libc_nano.a(libc_a-puts.o) (__swbuf_r)
C:/ST/STM32CubeIDE_1.16.1/STM32CubeIDE/plugins/com.st.stm32cube.ide.mcu.externaltools.gnu-tools-for-stm32.12.3.rel1.win32_1.0.200.202406191623/tools/bin/../lib/gcc/arm-none-eabi/12.3.1/../../../../arm-none-eabi/lib/thumb/v7e-m+fp/hard\libc_nano.a(libc_a-wsetup.o)
                              C:/ST/STM32CubeIDE_1.16.1/STM32CubeIDE/plugins/com.st.stm32cube.ide.mcu.externaltools.gnu-tools-for-stm32.12.3.rel1.win32_1.0.200.202406191623/tools/bin/../lib/gcc/arm-none-eabi/12.3.1/../../../../arm-none-eabi/lib/thumb/v7e-m+fp/hard\libc_nano.a(libc_a-puts.o) (__swsetup_r)
C:/ST/STM32CubeIDE_1.16.1/STM32CubeIDE/plugins/com.st.stm32cube.ide.mcu.externaltools.gnu-tools-for-stm32.12.3.rel1.win32_1.0.200.202406191623/tools/bin/../lib/gcc/arm-none-eabi/12.3.1/../../../../arm-none-eabi/lib/thumb/v7e-m+fp/hard\libc_nano.a(libc_a-memset.o)
                              C:/ST/STM32CubeIDE_1.16.1/STM32CubeIDE/plugins/com.st.stm32cube.ide.mcu.externaltools.gnu-tools-for-stm32.12.3.rel1.win32_1.0.200.202406191623/tools/bin/../lib/gcc/arm-none-eabi/12.3.1/../../../../arm-none-eabi/lib/thumb/v7e-m+fp/hard/crt0.o (memset)
C:/ST/STM32CubeIDE_1.16.1/STM32CubeIDE/plugins/com.st.stm32cube.ide.mcu.externaltools.gnu-tools-for-stm32.12.3.rel1.win32_1.0.200.202406191623/tools/bin/../lib/gcc/arm-none-eabi/12.3.1/../../../../arm-none-eabi/lib/thumb/v7e-m+fp/hard\libc_nano.a(libc_a-closer.o)
[...]
Memory Configuration

Name             Origin             Length             Attributes
CCMRAM           0x10000000         0x00010000         xrw
RAM              0x20000000         0x00030000         xrw
FLASH            0x08000000         0x00200000         xr
*default*        0x00000000         0xffffffff

Linker script and memory map

LOAD C:/ST/STM32CubeIDE_1.16.1/STM32CubeIDE/plugins/com.st.stm32cube.ide.mcu.externaltools.gnu-tools-for-stm32.12.3.rel1.win32_1.0.200.202406191623/tools/bin/../lib/gcc/arm-none-eabi/12.3.1/thumb/v7e-m+fp/hard/crti.o
LOAD C:/ST/STM32CubeIDE_1.16.1/STM32CubeIDE/plugins/com.st.stm32cube.ide.mcu.externaltools.gnu-tools-for-stm32.12.3.rel1.win32_1.0.200.202406191623/tools/bin/../lib/gcc/arm-none-eabi/12.3.1/thumb/v7e-m+fp/hard/crtbegin.o
LOAD C:/ST/STM32CubeIDE_1.16.1/STM32CubeIDE/plugins/com.st.stm32cube.ide.mcu.externaltools.gnu-tools-for-stm32.12.3.rel1.win32_1.0.200.202406191623/tools/bin/../lib/gcc/arm-none-eabi/12.3.1/../../../../arm-none-eabi/lib/thumb/v7e-m+fp/hard/crt0.o
LOAD ./Core/Src/ApplicationCode.o
LOAD ./Core/Src/ButtonDriver.o
LOAD ./Core/Src/InterruptControl.o
LOAD ./Core/Src/LCD_Driver.o
LOAD ./Core/Src/Scheduler.o
LOAD ./Core/Src/fonts.o
LOAD ./Core/Src/ili9341.o
LOAD ./Core/Src/main.o
LOAD ./Core/Src/stm32f4xx_hal_msp.o
LOAD ./Core/Src/stm32f4xx_it.o
LOAD ./Core/Src/stmpe811.o
LOAD ./Core/Src/syscalls.o
LOAD ./Core/Src/sysmem.o
LOAD ./Core/Src/system_stm32f4xx.o
LOAD ./Core/Startup/startup_stm32f429zitx.o
LOAD ./Drivers/STM32F4xx_HAL_Driver/Src/stm32f4xx_hal.o
LOAD ./Drivers/STM32F4xx_HAL_Driver/Src/stm32f4xx_hal_cortex.o
LOAD ./Drivers/STM32F4xx_HAL_Driver/Src/stm32f4xx_hal_dma.o
LOAD ./Drivers/STM32F4xx_HAL_Driver/Src/stm32f4xx_hal_dma_ex.o
LOAD ./Drivers/STM32F4xx_HAL_Driver/Src/stm32f4xx_hal_dsi.o
LOAD ./Drivers/STM32F4xx_HAL_Driver/Src/stm32f4xx_hal_exti.o
LOAD ./Drivers/STM32F4xx_HAL_Driver/Src/stm32f4xx_hal_flash.o
LOAD ./Drivers/STM32F4xx_HAL_Driver/Src/stm32f4xx_hal_flash_ex.o
LOAD ./Drivers/STM32F4xx_HAL_Driver/Src/stm32f4xx_hal_flash_ramfunc.o
LOAD ./Drivers/STM32F4xx_HAL_Driver/Src/stm32f4xx_hal_gpio.o
LOAD ./Drivers/STM32F4xx_HAL_Driver/Src/stm32f4xx_hal_i2c.o
LOAD ./Drivers/STM32F4xx_HAL_Driver/Src/stm32f4xx_hal_i2c_ex.o
LOAD ./Drivers/STM32F4xx_HAL_Driver/Src/stm32f4xx_hal_ltdc.o
LOAD ./Drivers/STM32F4xx_HAL_Driver/Src/stm32f4xx_hal_ltdc_ex.o
LOAD ./Drivers/STM32F4xx_HAL_Driver/Src/stm32f4xx_hal_pwr.o
LOAD ./Drivers/STM32F4xx_HAL_Driver/Src/stm32f4xx_hal_pwr_ex.o
LOAD ./Drivers/STM32F4xx_HAL_Driver/Src/stm32f4xx_hal_rcc.o
LOAD ./Drivers/STM32F4xx_HAL_Driver/Src/stm32f4xx_hal_rcc_ex.o
LOAD ./Drivers/STM32F4xx_HAL_Driver/Src/stm32f4xx_hal_rng.o
LOAD ./Drivers/STM32F4xx_HAL_Driver/Src/stm32f4xx_hal_spi.o
LOAD ./Drivers/STM32F4xx_HAL_Driver/Src/stm32f4xx_hal_tim.o
LOAD ./Drivers/STM32F4xx_HAL_Driver/Src/stm32f4xx_hal_tim_ex.o
START GROUP
LOAD C:/ST/STM32CubeIDE_1.16.1/STM32CubeIDE/plugins/com.st.stm32cube.ide.mcu.externaltools.gnu-tools-for-stm32.12.3.rel1.win32_1.0.200.202406191623/tools/bin/../lib/gcc/arm-none-eabi/12.3.1/../../../../arm-none-eabi/lib/thumb/v7e-m+fp/hard\libc_nano.a
LOAD C:/ST/STM32CubeIDE_1.16.1/STM32CubeIDE/plugins/com.st.stm32cube.ide.mcu.externaltools.gnu-tools-for-stm32.12.3.rel1.win32_1.0.200.202406191623/tools/bin/../lib/gcc/arm-none-eabi/12.3.1/../../../../arm-none-eabi/lib/thumb/v7e-m+fp/hard\libm.a
END GROUP
START GROUP
LOAD C:/ST/STM32CubeIDE_1.16.1/STM32CubeIDE/plugins/com.st.stm32cube.ide.mcu.externaltools.gnu-tools-for-stm32.12.3.rel1.win32_1.0.200.202406191623/tools/bin/../lib/gcc/arm-none-eabi/12.3.1/thumb/v7e-m+fp/hard\libgcc.a
LOAD C:/ST/STM32CubeIDE_1.16.1/STM32CubeIDE/plugins/com.st.stm32cube.ide.mcu.externaltools.gnu-tools-for-stm32.12.3.rel1.win32_1.0.200.202406191623/tools/bin/../lib/gcc/arm-none-eabi/12.3.1/../../../../arm-none-eabi/lib/thumb/v7e-m+fp/hard\libc_nano.a
END GROUP
START GROUP
LOAD C:/ST/STM32CubeIDE_1.16.1/STM32CubeIDE/plugins/com.st.stm32cube.ide.mcu.externaltools.gnu-tools-for-stm32.12.3.rel1.win32_1.0.200.202406191623/tools/bin/../lib/gcc/arm-none-eabi/12.3.1/thumb/v7e-m+fp/hard\libgcc.a
LOAD C:/ST/STM32CubeIDE_1.16.1/STM32CubeIDE/plugins/com.st.stm32cube.ide.mcu.externaltools.gnu-tools-for-stm32.12.3.rel1.win32_1.0.200.202406191623/tools/bin/../lib/gcc/arm-none-eabi/12.3.1/../../../../arm-none-eabi/lib/thumb/v7e-m+fp/hard\libc_nano.a
LOAD C:/ST/STM32CubeIDE_1.16.1/STM32CubeIDE/plugins/com.st.stm32cube.ide.mcu.externaltools.gnu-tools-for-stm32.12.3.rel1.win32_1.0.200.202406191623/tools/bin/../lib/gcc/arm-none-eabi/12.3.1/../../../../arm-none-eabi/lib/thumb/v7e-m+fp/hard\libnosys.a
END GROUP
START GROUP
LOAD C:/ST/STM32CubeIDE_1.16.1/STM32CubeIDE/plugins/com.st.stm32cube.ide.mcu.externaltools.gnu-tools-for-stm32.12.3.rel1.win32_1.0.200.202406191623/tools/bin/../lib/gcc/arm-none-eabi/12.3.1/thumb/v7e-m+fp/hard\libgcc.a
LOAD C:/ST/STM32CubeIDE_1.16.1/STM32CubeIDE/plugins/com.st.stm32cube.ide.mcu.externaltools.gnu-tools-for-stm32.12.3.rel1.win32_1.0.200.202406191623/tools/bin/../lib/gcc/arm-none-eabi/12.3.1/../../../../arm-none-eabi/lib/thumb/v7e-m+fp/hard\libc_nano.a
LOAD C:/ST/STM32CubeIDE_1.16.1/STM32CubeIDE/plugins/com.st.stm32cube.ide.mcu.externaltools.gnu-tools-for-stm32.12.3.rel1.win32_1.0.200.202406191623/tools/bin/../lib/gcc/arm-none-eabi/12.3.1/../../../../arm-none-eabi/lib/thumb/v7e-m+fp/hard\libnosys.a
END GROUP
LOAD C:/ST/STM32CubeIDE_1.16.1/STM32CubeIDE/plugins/com.st.stm32cube.ide.mcu.externaltools.gnu-tools-for-stm32.12.3.rel1.win32_1.0.200.202406191623/tools/bin/../lib/gcc/arm-none-eabi/12.3.1/thumb/v7e-m+fp/hard/crtend.o
LOAD C:/ST/STM32CubeIDE_1.16.1/STM32CubeIDE/plugins/com.st.stm32cube.ide.mcu.externaltools.gnu-tools-for-stm32.12.3.rel1.win32_1.0.200.202406191623/tools/bin/../lib/gcc/arm-none-eabi/12.3.1/thumb/v7e-m+fp/hard/crtn.o
                0x20030000                        _estack = (ORIGIN (RAM) + LENGTH (RAM))
                0x00000200                        _Min_Heap_Size = 0x200
                0x00000400                        _Min_Stack_Size = 0x400

.isr_vector     0x08000000      0x1ac
                0x08000000                        . = ALIGN (0x4)
 *(.isr_vector)
 .isr_vector    0x08000000      0x1ac ./Core/Startup/startup_stm32f429zitx.o
                0x08000000                g_pfnVectors
                0x080001ac                        . = ALIGN (0x4)

.text           0x080001b0     0x7a00
                0x080001b0                        . = ALIGN (0x4)
 *(.text)
 .text          0x080001b0       0x40 C:/ST/STM32CubeIDE_1.16.1/STM32CubeIDE/plugins/com.st.stm32cube.ide.mcu.externaltools.gnu-tools-for-stm32.12.3.rel1.win32_1.0.200.202406191623/tools/bin/../lib/gcc/arm-none-eabi/12.3.1/thumb/v7e-m+fp/hard/crtbegin.o
 .text          0x080001f0       0xa0 C:/ST/STM32CubeIDE_1.16.1/STM32CubeIDE/plugins/com.st.stm32cube.ide.mcu.externaltools.gnu-tools-for-stm32.12.3.rel1.win32_1.0.200.202406191623/tools/bin/../lib/gcc/arm-none-eabi/12.3.1/../../../../arm-none-eabi/lib/thumb/v7e-m+fp/hard\libc_nano.a(libc_a-memchr.o)
                0x080001f0                memchr
 .text          0x08000290       0x30 C:/ST/STM32CubeIDE_1.16.1/STM32CubeIDE/plugins/com.st.stm32cube.ide.mcu.externaltools.gnu-tools-for-stm32.12.3.rel1.win32_1.0.200.202406191623/tools/bin/../lib/gcc/arm-none-eabi/12.3.1/thumb/v7e-m+fp/hard\libgcc.a(_aeabi_uldivmod.o)
                0x08000290                __aeabi_uldivmod
 .text          0x080002c0      0x2bc C:/ST/STM32CubeIDE_1.16.1/STM32CubeIDE/plugins/com.st.stm32cube.ide.mcu.externaltools.gnu-tools-for-stm32.12.3.rel1.win32_1.0.200.202406191623/tools/bin/../lib/gcc/arm-none-eabi/12.3.1/thumb/v7e-m+fp/hard\libgcc.a(_udivmoddi4.o)
                0x080002c0                __udivmoddi4
 .text          0x0800057c        0x4 C:/ST/STM32CubeIDE_1.16.1/STM32CubeIDE/plugins/com.st.stm32cube.ide.mcu.externaltools.gnu-tools-for-stm32.12.3.rel1.win32_1.0.200.202406191623/tools/bin/../lib/gcc/arm-none-eabi/12.3.1/thumb/v7e-m+fp/hard\libgcc.a(_dvmd_tls.o)
                0x0800057c                __aeabi_idiv0
                0x0800057c                __aeabi_ldiv0
 *(.text*)
 .text.ApplicationInit
                0x08000580       0x34 ./Core/Src/ApplicationCode.o
                0x08000580                ApplicationInit
 .text.LCDTouchScreenInterruptGPIOInit
                0x080005b4       0x74 ./Core/Src/ApplicationCode.o
                0x080005b4                LCDTouchScreenInterruptGPIOInit
 .text.EXTI15_10_IRQHandler
                0x08000628      0x110 ./Core/Src/ApplicationCode.o
                0x08000628                EXTI15_10_IRQHandler
 .text.EXTI0_IRQHandler
                0x08000738       0x26 ./Core/Src/ApplicationCode.o
                0x08000738                EXTI0_IRQHandler
 *fill*         0x0800075e        0x2 
 .text.Button_Interrupt_Init
                0x08000760       0x3c ./Core/Src/ButtonDriver.o
                0x08000760                Button_Interrupt_Init
 .text.ClearEXTIInterrupt
                0x0800079c       0x30 ./Core/Src/InterruptControl.o
                0x0800079c                ClearEXTIInterrupt
 .text.LCD_GPIO_Init
                0x080007cc      0x190 ./Core/Src/LCD_Driver.o
                0x080007cc                LCD_GPIO_Init
 .text.LTCD_Layer_Init
                0x0800095c       0x80 ./Core/Src/LCD_Driver.o
                0x0800095c                LTCD_Layer_Init
 .text.LTCD__Init
                0x080009dc       0xbc ./Core/Src/LCD_Driver.o
                0x080009dc                LTCD__Init
 .text.LCD_Draw_Pixel
                0x08000a98       0x3c ./Core/Src/LCD_Driver.o
                0x08000a98                LCD_Draw_Pixel
 .text.LCD_Draw_LShape1_Rotate1_Fill
                0x08000ad4       0x36 ./Core/Src/LCD_Driver.o
                0x08000ad4                LCD_Draw_LShape1_Rotate1_Fill
 .text.LCD_Draw_LShape1_Fill
                0x08000b0a       0x8a ./Core/Src/LCD_Driver.o
                0x08000b0a                LCD_Draw_LShape1_Fill
 .text.LCD_Draw_LShape2_Fill
                0x08000b94       0x8a ./Core/Src/LCD_Driver.o
                0x08000b94                LCD_Draw_LShape2_Fill
 .text.LCD_Draw_Rectangle_Fill
                0x08000c1e       0x72 ./Core/Src/LCD_Driver.o
                0x08000c1e                LCD_Draw_Rectangle_Fill
 .text.LCD_Draw_Rectangle_Rotate1_Fill
                0x08000c90       0x52 ./Core/Src/LCD_Driver.o
                0x08000c90                LCD_Draw_Rectangle_Rotate1_Fill
 .text.LCD_Draw_BBox_Fill
                0x08000ce2       0x56 ./Core/Src/LCD_Driver.o
                0x08000ce2                LCD_Draw_BBox_Fill
 .text.LCD_Draw_TBox_Fill
                0x08000d38       0x6e ./Core/Src/LCD_Driver.o
                0x08000d38                LCD_Draw_TBox_Fill
 .text.LCD_Draw_Box_Fill
                0x08000da6       0x56 ./Core/Src/LCD_Driver.o
                0x08000da6                LCD_Draw_Box_Fill
 .text.LCD_Draw_ZShape_Fill
                0x08000dfc       0xbc ./Core/Src/LCD_Driver.o
                0x08000dfc                LCD_Draw_ZShape_Fill
 .text.LCD_Draw_SShape_Fill
                0x08000eb8       0xbc ./Core/Src/LCD_Driver.o
                0x08000eb8                LCD_Draw_SShape_Fill
 .text.LCD_Draw_Platform_Fill
                0x08000f74       0x56 ./Core/Src/LCD_Driver.o
                0x08000f74                LCD_Draw_Platform_Fill
 .text.LCD_Draw_Vertical_Line
                0x08000fca       0x4e ./Core/Src/LCD_Driver.o
                0x08000fca                LCD_Draw_Vertical_Line
 .text.LCD_Clear_Game
                0x08001018       0x50 ./Core/Src/LCD_Driver.o
                0x08001018                LCD_Clear_Game
 .text.LCD_Clear
                0x08001068       0x44 ./Core/Src/LCD_Driver.o
                0x08001068                LCD_Clear
 .text.LCD_SetTextColor
                0x080010ac       0x20 ./Core/Src/LCD_Driver.o
                0x080010ac                LCD_SetTextColor
 .text.LCD_SetFont
                0x080010cc       0x20 ./Core/Src/LCD_Driver.o
                0x080010cc                LCD_SetFont
 .text.LCD_Draw_Char
                0x080010ec       0xdc ./Core/Src/LCD_Driver.o
                0x080010ec                LCD_Draw_Char
 .text.LCD_DisplayChar
                0x080011c8       0x44 ./Core/Src/LCD_Driver.o
                0x080011c8                LCD_DisplayChar
 .text.LCD_Error_Handler
                0x0800120c        0xc ./Core/Src/LCD_Driver.o
                0x0800120c                LCD_Error_Handler
 .text.InitializeLCDTouch
                0x08001218       0x16 ./Core/Src/LCD_Driver.o
                0x08001218                InitializeLCDTouch
 .text.DetermineTouchPosition
                0x0800122e       0x16 ./Core/Src/LCD_Driver.o
                0x0800122e                DetermineTouchPosition
 .text.ReadRegisterFromTouchModule
                0x08001244       0x1c ./Core/Src/LCD_Driver.o
                0x08001244                ReadRegisterFromTouchModule
 .text.WriteDataToTouchModule
                0x08001260       0x24 ./Core/Src/LCD_Driver.o
                0x08001260                WriteDataToTouchModule
 .text.getScheduledEvents
                0x08001284       0x18 ./Core/Src/Scheduler.o
                0x08001284                getScheduledEvents
 .text.addSchedulerEvent
                0x0800129c       0x24 ./Core/Src/Scheduler.o
                0x0800129c                addSchedulerEvent
 .text.removeSchedulerEvent
                0x080012c0       0x28 ./Core/Src/Scheduler.o
                0x080012c0                removeSchedulerEvent
 .text.ili9341_Init
                0x080012e8      0x294 ./Core/Src/ili9341.o
                0x080012e8                ili9341_Init
 .text.ili9341_Write_Reg
                0x0800157c       0x1a ./Core/Src/ili9341.o
                0x0800157c                ili9341_Write_Reg
 .text.ili9341_Send_Data
                0x08001596       0x1a ./Core/Src/ili9341.o
                0x08001596                ili9341_Send_Data
 .text.SPI_Init
                0x080015b0       0x74 ./Core/Src/ili9341.o
 .text.SPI_Write
                0x08001624       0x3c ./Core/Src/ili9341.o
 .text.SPI_Error
                0x08001660       0x18 ./Core/Src/ili9341.o
 .text.SPI_MspInit
                0x08001678       0x74 ./Core/Src/ili9341.o
 .text.LCD_IO_Init
                0x080016ec       0xf0 ./Core/Src/ili9341.o
                0x080016ec                LCD_IO_Init
 .text.LCD_IO_WriteData
                0x080017dc       0x44 ./Core/Src/ili9341.o
                0x080017dc                LCD_IO_WriteData
 .text.LCD_IO_WriteReg
                0x08001820       0x44 ./Core/Src/ili9341.o
                0x08001820                LCD_IO_WriteReg
 .text.LCD_Delay
                0x08001864       0x16 ./Core/Src/ili9341.o
                0x08001864                LCD_Delay
 *fill*         0x0800187a        0x2 
 .text.startScreen
                0x0800187c      0x16c ./Core/Src/main.o
                0x0800187c                startScreen
 .text.gameScreen
                0x080019e8      0x4d0 ./Core/Src/main.o
                0x080019e8                gameScreen
 .text.gameOver
                0x08001eb8      0x1a8 ./Core/Src/main.o
                0x08001eb8                gameOver
 .text.GenerateRandomNumberTetris
                0x08002060       0x48 ./Core/Src/main.o
                0x08002060                GenerateRandomNumberTetris
 .text.main     0x080020a8       0x84 ./Core/Src/main.o
                0x080020a8                main
 .text.MX_I2C3_Init
                0x0800212c       0x80 ./Core/Src/main.o
 .text.MX_LTDC_Init
                0x080021ac      0x164 ./Core/Src/main.o
 .text.MX_RNG_Init
                0x08002310       0x28 ./Core/Src/main.o
 .text.MX_SPI5_Init
                0x08002338       0x6c ./Core/Src/main.o
 .text.MX_TIM7_Init
                0x080023a4       0x6c ./Core/Src/main.o
 .text.MX_GPIO_Init
                0x08002410      0x35c ./Core/Src/main.o
 .text.SystemClockOverride
                0x0800276c       0x80 ./Core/Src/main.o
                0x0800276c                SystemClockOverride
 .text.Error_Handler
                0x080027ec        0xc ./Core/Src/main.o
                0x080027ec                Error_Handler
 .text.HAL_MspInit
                0x080027f8       0x50 ./Core/Src/stm32f4xx_hal_msp.o
                0x080027f8                HAL_MspInit
 .text.HAL_I2C_MspInit
                0x08002848       0xd4 ./Core/Src/stm32f4xx_hal_msp.o
                0x08002848                HAL_I2C_MspInit
 .text.HAL_LTDC_MspInit
                0x0800291c      0x250 ./Core/Src/stm32f4xx_hal_msp.o
                0x0800291c                HAL_LTDC_MspInit
 .text.HAL_RNG_MspInit
                0x08002b6c       0x44 ./Core/Src/stm32f4xx_hal_msp.o
                0x08002b6c                HAL_RNG_MspInit
 .text.HAL_SPI_MspInit
                0x08002bb0       0x90 ./Core/Src/stm32f4xx_hal_msp.o
                0x08002bb0                HAL_SPI_MspInit
 .text.HAL_SPI_MspDeInit
                0x08002c40       0x3c ./Core/Src/stm32f4xx_hal_msp.o
                0x08002c40                HAL_SPI_MspDeInit
 .text.HAL_TIM_Base_MspInit
                0x08002c7c       0x44 ./Core/Src/stm32f4xx_hal_msp.o
                0x08002c7c                HAL_TIM_Base_MspInit
 .text.NMI_Handler
                0x08002cc0        0x8 ./Core/Src/stm32f4xx_it.o
                0x08002cc0                NMI_Handler
 .text.HardFault_Handler
                0x08002cc8        0x8 ./Core/Src/stm32f4xx_it.o
                0x08002cc8                HardFault_Handler
 .text.MemManage_Handler
                0x08002cd0        0x8 ./Core/Src/stm32f4xx_it.o
                0x08002cd0                MemManage_Handler
 .text.BusFault_Handler
                0x08002cd8        0x8 ./Core/Src/stm32f4xx_it.o
                0x08002cd8                BusFault_Handler
 .text.UsageFault_Handler
                0x08002ce0        0x8 ./Core/Src/stm32f4xx_it.o
                0x08002ce0                UsageFault_Handler
 .text.SVC_Handler
                0x08002ce8        0xe ./Core/Src/stm32f4xx_it.o
                0x08002ce8                SVC_Handler
 .text.DebugMon_Handler
                0x08002cf6        0xe ./Core/Src/stm32f4xx_it.o
                0x08002cf6                DebugMon_Handler
 .text.PendSV_Handler
                0x08002d04        0xe ./Core/Src/stm32f4xx_it.o
                0x08002d04                PendSV_Handler
 .text.SysTick_Handler
                0x08002d12        0xc ./Core/Src/stm32f4xx_it.o
                0x08002d12                SysTick_Handler
 *fill*         0x08002d1e        0x2 
 .text.__NVIC_EnableIRQ
                0x08002d20       0x3c ./Core/Src/stmpe811.o
 .text.STMPE811_Init
                0x08002d5c      0x18e ./Core/Src/stmpe811.o
                0x08002d5c                STMPE811_Init
 .text.STMPE811_Read
                0x08002eea       0x22 ./Core/Src/stmpe811.o
                0x08002eea                STMPE811_Read
 .text.STMPE811_Write
                0x08002f0c       0x24 ./Core/Src/stmpe811.o
                0x08002f0c                STMPE811_Write
 .text.STMPE811_DetermineTouchPosition
                0x08002f30       0xee ./Core/Src/stmpe811.o
                0x08002f30                STMPE811_DetermineTouchPosition
 *fill*         0x0800301e        0x2 
 .text.enableInterruptSupportForTouch
                0x08003020       0x64 ./Core/Src/stmpe811.o
                0x08003020                enableInterruptSupportForTouch
 .text.verifyHAL_I2C_IS_OKAY
                0x08003084       0x20 ./Core/Src/stmpe811.o
                0x08003084                verifyHAL_I2C_IS_OKAY
 .text.I2C3_Init
                0x080030a4       0x7c ./Core/Src/stmpe811.o
 .text.I2C3_MspInit
                0x08003120       0xa8 ./Core/Src/stmpe811.o
 .text.I2C3_Write
                0x080031c8       0x54 ./Core/Src/stmpe811.o
                0x080031c8                I2C3_Write
 .text.I2C3_Read
                0x0800321c       0x4c ./Core/Src/stmpe811.o
                0x0800321c                I2C3_Read
 .text.I2C3_MulitByteRead
                0x08003268       0x44 ./Core/Src/stmpe811.o
                0x08003268                I2C3_MulitByteRead
 .text.TM_STMPE811_ReadX
                0x080032ac       0xbc ./Core/Src/stmpe811.o
                0x080032ac                TM_STMPE811_ReadX
 .text.TM_STMPE811_ReadY
                0x08003368       0xa4 ./Core/Src/stmpe811.o
                0x08003368                TM_STMPE811_ReadY
 .text.initialise_monitor_handles
                0x0800340c        0xe ./Core/Src/syscalls.o
                0x0800340c                initialise_monitor_handles
 .text._read    0x0800341a       0x3a ./Core/Src/syscalls.o
                0x0800341a                _read
 .text._write   0x08003454       0x38 ./Core/Src/syscalls.o
                0x08003454                _write
 .text._close   0x0800348c       0x18 ./Core/Src/syscalls.o
                0x0800348c                _close
 .text._fstat   0x080034a4       0x20 ./Core/Src/syscalls.o
                0x080034a4                _fstat
 .text._isatty  0x080034c4       0x16 ./Core/Src/syscalls.o
                0x080034c4                _isatty
 .text._lseek   0x080034da       0x1a ./Core/Src/syscalls.o
                0x080034da                _lseek
 .text._sbrk    0x080034f4       0x6c ./Core/Src/sysmem.o
                0x080034f4                _sbrk
 .text.SystemInit
                0x08003560       0x24 ./Core/Src/system_stm32f4xx.o
                0x08003560                SystemInit
 .text.Reset_Handler
                0x08003584       0x50 ./Core/Startup/startup_stm32f429zitx.o
                0x08003584                Reset_Handler
 .text.Default_Handler
                0x080035d4        0x2 ./Core/Startup/startup_stm32f429zitx.o
                0x080035d4                RTC_Alarm_IRQHandler
                0x080035d4                HASH_RNG_IRQHandler
                0x080035d4                EXTI2_IRQHandler
                0x080035d4                TIM8_CC_IRQHandler
                0x080035d4                UART8_IRQHandler
                0x080035d4                SPI4_IRQHandler
                0x080035d4                TIM1_CC_IRQHandler
                0x080035d4                DMA2_Stream5_IRQHandler
                0x080035d4                DMA1_Stream5_IRQHandler
                0x080035d4                PVD_IRQHandler
                0x080035d4                SDIO_IRQHandler
                0x080035d4                TAMP_STAMP_IRQHandler
                0x080035d4                CAN2_RX1_IRQHandler
                0x080035d4                EXTI3_IRQHandler
                0x080035d4                TIM8_TRG_COM_TIM14_IRQHandler
                0x080035d4                TIM1_UP_TIM10_IRQHandler
                0x080035d4                TIM8_UP_TIM13_IRQHandler
                0x080035d4                I2C3_ER_IRQHandler
                0x080035d4                I2C2_EV_IRQHandler
                0x080035d4                DMA1_Stream2_IRQHandler
                0x080035d4                CAN1_RX0_IRQHandler
                0x080035d4                FPU_IRQHandler
                0x080035d4                OTG_HS_WKUP_IRQHandler
                0x080035d4                LTDC_ER_IRQHandler
                0x080035d4                CAN2_SCE_IRQHandler
                0x080035d4                DMA2_Stream2_IRQHandler
                0x080035d4                SPI1_IRQHandler
                0x080035d4                TIM6_DAC_IRQHandler
                0x080035d4                TIM1_BRK_TIM9_IRQHandler
                0x080035d4                DCMI_IRQHandler
                0x080035d4                CAN2_RX0_IRQHandler
                0x080035d4                DMA2_Stream3_IRQHandler
                0x080035d4                USART6_IRQHandler
                0x080035d4                USART3_IRQHandler
                0x080035d4                CAN1_RX1_IRQHandler
                0x080035d4                UART5_IRQHandler
                0x080035d4                DMA2_Stream0_IRQHandler
                0x080035d4                TIM4_IRQHandler
                0x080035d4                I2C1_EV_IRQHandler
                0x080035d4                DMA1_Stream6_IRQHandler
                0x080035d4                DMA1_Stream1_IRQHandler
                0x080035d4                UART4_IRQHandler
                0x080035d4                TIM3_IRQHandler
                0x080035d4                RCC_IRQHandler
                0x080035d4                TIM8_BRK_TIM12_IRQHandler
                0x080035d4                Default_Handler
                0x080035d4                ADC_IRQHandler
                0x080035d4                DMA1_Stream7_IRQHandler
                0x080035d4                SPI5_IRQHandler
                0x080035d4                TIM7_IRQHandler
                0x080035d4                CAN2_TX_IRQHandler
                0x080035d4                TIM5_IRQHandler
                0x080035d4                DMA2_Stream7_IRQHandler
                0x080035d4                I2C3_EV_IRQHandler
                0x080035d4                EXTI9_5_IRQHandler
                0x080035d4                RTC_WKUP_IRQHandler
                0x080035d4                LTDC_IRQHandler
                0x080035d4                ETH_WKUP_IRQHandler
                0x080035d4                SPI2_IRQHandler
                0x080035d4                OTG_HS_EP1_IN_IRQHandler
                0x080035d4                DMA1_Stream0_IRQHandler
                0x080035d4                CAN1_TX_IRQHandler
                0x080035d4                EXTI4_IRQHandler
                0x080035d4                ETH_IRQHandler
                0x080035d4                OTG_HS_EP1_OUT_IRQHandler
                0x080035d4                WWDG_IRQHandler
                0x080035d4                SPI6_IRQHandler
                0x080035d4                TIM2_IRQHandler
                0x080035d4                OTG_FS_WKUP_IRQHandler
                0x080035d4                TIM1_TRG_COM_TIM11_IRQHandler
                0x080035d4                OTG_HS_IRQHandler
                0x080035d4                DMA2D_IRQHandler
                0x080035d4                EXTI1_IRQHandler
                0x080035d4                UART7_IRQHandler
                0x080035d4                USART2_IRQHandler
                0x080035d4                I2C2_ER_IRQHandler
                0x080035d4                DMA2_Stream1_IRQHandler
                0x080035d4                CAN1_SCE_IRQHandler
                0x080035d4                FLASH_IRQHandler
                0x080035d4                DMA2_Stream4_IRQHandler
                0x080035d4                USART1_IRQHandler
                0x080035d4                OTG_FS_IRQHandler
                0x080035d4                SPI3_IRQHandler
                0x080035d4                DMA1_Stream4_IRQHandler
                0x080035d4                I2C1_ER_IRQHandler
                0x080035d4                FMC_IRQHandler
                0x080035d4                DMA2_Stream6_IRQHandler
                0x080035d4                SAI1_IRQHandler
                0x080035d4                DMA1_Stream3_IRQHandler
 *fill*         0x080035d6        0x2 
 .text.HAL_Init
                0x080035d8       0x44 ./Drivers/STM32F4xx_HAL_Driver/Src/stm32f4xx_hal.o
                0x080035d8                HAL_Init
 .text.HAL_InitTick
                0x0800361c       0x60 ./Drivers/STM32F4xx_HAL_Driver/Src/stm32f4xx_hal.o
                0x0800361c                HAL_InitTick
 .text.HAL_IncTick
                0x0800367c       0x28 ./Drivers/STM32F4xx_HAL_Driver/Src/stm32f4xx_hal.o
                0x0800367c                HAL_IncTick
 .text.HAL_GetTick
                0x080036a4       0x18 ./Drivers/STM32F4xx_HAL_Driver/Src/stm32f4xx_hal.o
                0x080036a4                HAL_GetTick
 .text.HAL_Delay
                0x080036bc       0x48 ./Drivers/STM32F4xx_HAL_Driver/Src/stm32f4xx_hal.o
                0x080036bc                HAL_Delay
 .text.__NVIC_SetPriorityGrouping
                0x08003704       0x48 ./Drivers/STM32F4xx_HAL_Driver/Src/stm32f4xx_hal_cortex.o
 .text.__NVIC_GetPriorityGrouping
                0x0800374c       0x1c ./Drivers/STM32F4xx_HAL_Driver/Src/stm32f4xx_hal_cortex.o
 .text.__NVIC_EnableIRQ
                0x08003768       0x3c ./Drivers/STM32F4xx_HAL_Driver/Src/stm32f4xx_hal_cortex.o
 .text.__NVIC_DisableIRQ
                0x080037a4       0x48 ./Drivers/STM32F4xx_HAL_Driver/Src/stm32f4xx_hal_cortex.o
 .text.__NVIC_ClearPendingIRQ
                0x080037ec       0x3c ./Drivers/STM32F4xx_HAL_Driver/Src/stm32f4xx_hal_cortex.o
 .text.__NVIC_SetPriority
                0x08003828       0x54 ./Drivers/STM32F4xx_HAL_Driver/Src/stm32f4xx_hal_cortex.o
 .text.NVIC_EncodePriority
                0x0800387c       0x66 ./Drivers/STM32F4xx_HAL_Driver/Src/stm32f4xx_hal_cortex.o
 *fill*         0x080038e2        0x2 
 .text.SysTick_Config
                0x080038e4       0x44 ./Drivers/STM32F4xx_HAL_Driver/Src/stm32f4xx_hal_cortex.o
 .text.HAL_NVIC_SetPriorityGrouping
                0x08003928       0x16 ./Drivers/STM32F4xx_HAL_Driver/Src/stm32f4xx_hal_cortex.o
                0x08003928                HAL_NVIC_SetPriorityGrouping
 .text.HAL_NVIC_SetPriority
                0x0800393e       0x38 ./Drivers/STM32F4xx_HAL_Driver/Src/stm32f4xx_hal_cortex.o
                0x0800393e                HAL_NVIC_SetPriority
 .text.HAL_NVIC_EnableIRQ
                0x08003976       0x1c ./Drivers/STM32F4xx_HAL_Driver/Src/stm32f4xx_hal_cortex.o
                0x08003976                HAL_NVIC_EnableIRQ
 .text.HAL_NVIC_DisableIRQ
                0x08003992       0x1c ./Drivers/STM32F4xx_HAL_Driver/Src/stm32f4xx_hal_cortex.o
                0x08003992                HAL_NVIC_DisableIRQ
 .text.HAL_SYSTICK_Config
                0x080039ae       0x18 ./Drivers/STM32F4xx_HAL_Driver/Src/stm32f4xx_hal_cortex.o
                0x080039ae                HAL_SYSTICK_Config
 .text.HAL_NVIC_ClearPendingIRQ
                0x080039c6       0x1c ./Drivers/STM32F4xx_HAL_Driver/Src/stm32f4xx_hal_cortex.o
                0x080039c6                HAL_NVIC_ClearPendingIRQ
 *fill*         0x080039e2        0x2 
 .text.HAL_EXTI_ClearPending
                0x080039e4       0x30 ./Drivers/STM32F4xx_HAL_Driver/Src/stm32f4xx_hal_exti.o
                0x080039e4                HAL_EXTI_ClearPending
 .text.HAL_GPIO_Init
                0x08003a14      0x358 ./Drivers/STM32F4xx_HAL_Driver/Src/stm32f4xx_hal_gpio.o
                0x08003a14                HAL_GPIO_Init
 .text.HAL_GPIO_DeInit
                0x08003d6c      0x218 ./Drivers/STM32F4xx_HAL_Driver/Src/stm32f4xx_hal_gpio.o
                0x08003d6c                HAL_GPIO_DeInit
 .text.HAL_GPIO_WritePin
                0x08003f84       0x32 ./Drivers/STM32F4xx_HAL_Driver/Src/stm32f4xx_hal_gpio.o
                0x08003f84                HAL_GPIO_WritePin
 *fill*         0x08003fb6        0x2 
 .text.HAL_I2C_Init
                0x08003fb8      0x288 ./Drivers/STM32F4xx_HAL_Driver/Src/stm32f4xx_hal_i2c.o
                0x08003fb8                HAL_I2C_Init
 .text.HAL_I2C_Mem_Write
                0x08004240      0x1f4 ./Drivers/STM32F4xx_HAL_Driver/Src/stm32f4xx_hal_i2c.o
                0x08004240                HAL_I2C_Mem_Write
 .text.HAL_I2C_Mem_Read
                0x08004434      0x464 ./Drivers/STM32F4xx_HAL_Driver/Src/stm32f4xx_hal_i2c.o
                0x08004434                HAL_I2C_Mem_Read
 .text.I2C_RequestMemoryWrite
                0x08004898      0x12c ./Drivers/STM32F4xx_HAL_Driver/Src/stm32f4xx_hal_i2c.o
 .text.I2C_RequestMemoryRead
                0x080049c4      0x1d0 ./Drivers/STM32F4xx_HAL_Driver/Src/stm32f4xx_hal_i2c.o
 .text.I2C_WaitOnFlagUntilTimeout
                0x08004b94       0xf4 ./Drivers/STM32F4xx_HAL_Driver/Src/stm32f4xx_hal_i2c.o
 .text.I2C_WaitOnMasterAddressFlagUntilTimeout
                0x08004c88      0x140 ./Drivers/STM32F4xx_HAL_Driver/Src/stm32f4xx_hal_i2c.o
 .text.I2C_WaitOnTXEFlagUntilTimeout
                0x08004dc8       0x90 ./Drivers/STM32F4xx_HAL_Driver/Src/stm32f4xx_hal_i2c.o
 .text.I2C_WaitOnBTFFlagUntilTimeout
                0x08004e58       0x90 ./Drivers/STM32F4xx_HAL_Driver/Src/stm32f4xx_hal_i2c.o
 .text.I2C_WaitOnRXNEFlagUntilTimeout
                0x08004ee8       0xba ./Drivers/STM32F4xx_HAL_Driver/Src/stm32f4xx_hal_i2c.o
 .text.I2C_IsAcknowledgeFailed
                0x08004fa2       0x5e ./Drivers/STM32F4xx_HAL_Driver/Src/stm32f4xx_hal_i2c.o
 .text.HAL_I2CEx_ConfigAnalogFilter
                0x08005000       0x78 ./Drivers/STM32F4xx_HAL_Driver/Src/stm32f4xx_hal_i2c_ex.o
                0x08005000                HAL_I2CEx_ConfigAnalogFilter
 .text.HAL_I2CEx_ConfigDigitalFilter
                0x08005078       0x7e ./Drivers/STM32F4xx_HAL_Driver/Src/stm32f4xx_hal_i2c_ex.o
                0x08005078                HAL_I2CEx_ConfigDigitalFilter
 *fill*         0x080050f6        0x2 
 .text.HAL_LTDC_Init
                0x080050f8      0x1a0 ./Drivers/STM32F4xx_HAL_Driver/Src/stm32f4xx_hal_ltdc.o
                0x080050f8                HAL_LTDC_Init
 .text.HAL_LTDC_ConfigLayer
                0x08005298       0x7c ./Drivers/STM32F4xx_HAL_Driver/Src/stm32f4xx_hal_ltdc.o
                0x08005298                HAL_LTDC_ConfigLayer
 .text.LTDC_SetConfig
                0x08005314      0x32e ./Drivers/STM32F4xx_HAL_Driver/Src/stm32f4xx_hal_ltdc.o
 *fill*         0x08005642        0x2 
 .text.HAL_RCC_OscConfig
                0x08005644      0x4f0 ./Drivers/STM32F4xx_HAL_Driver/Src/stm32f4xx_hal_rcc.o
                0x08005644                HAL_RCC_OscConfig
 .text.HAL_RCC_ClockConfig
                0x08005b34      0x1cc ./Drivers/STM32F4xx_HAL_Driver/Src/stm32f4xx_hal_rcc.o
                0x08005b34                HAL_RCC_ClockConfig
 .text.HAL_RCC_GetSysClockFreq
                0x08005d00      0x20c ./Drivers/STM32F4xx_HAL_Driver/Src/stm32f4xx_hal_rcc.o
                0x08005d00                HAL_RCC_GetSysClockFreq
 .text.HAL_RCC_GetHCLKFreq
                0x08005f0c       0x18 ./Drivers/STM32F4xx_HAL_Driver/Src/stm32f4xx_hal_rcc.o
                0x08005f0c                HAL_RCC_GetHCLKFreq
 .text.HAL_RCC_GetPCLK1Freq
                0x08005f24       0x28 ./Drivers/STM32F4xx_HAL_Driver/Src/stm32f4xx_hal_rcc.o
                0x08005f24                HAL_RCC_GetPCLK1Freq
 .text.HAL_RCCEx_PeriphCLKConfig
                0x08005f4c      0x380 ./Drivers/STM32F4xx_HAL_Driver/Src/stm32f4xx_hal_rcc_ex.o
                0x08005f4c                HAL_RCCEx_PeriphCLKConfig
 .text.HAL_RNG_Init
                0x080062cc       0x54 ./Drivers/STM32F4xx_HAL_Driver/Src/stm32f4xx_hal_rng.o
                0x080062cc                HAL_RNG_Init
 .text.HAL_RNG_GenerateRandomNumber
                0x08006320       0xac ./Drivers/STM32F4xx_HAL_Driver/Src/stm32f4xx_hal_rng.o
                0x08006320                HAL_RNG_GenerateRandomNumber
 .text.HAL_SPI_Init
                0x080063cc      0x112 ./Drivers/STM32F4xx_HAL_Driver/Src/stm32f4xx_hal_spi.o
                0x080063cc                HAL_SPI_Init
 .text.HAL_SPI_DeInit
                0x080064de       0x50 ./Drivers/STM32F4xx_HAL_Driver/Src/stm32f4xx_hal_spi.o
                0x080064de                HAL_SPI_DeInit
 .text.HAL_SPI_Transmit
                0x0800652e      0x288 ./Drivers/STM32F4xx_HAL_Driver/Src/stm32f4xx_hal_spi.o
                0x0800652e                HAL_SPI_Transmit
 .text.HAL_SPI_GetState
                0x080067b6       0x1c ./Drivers/STM32F4xx_HAL_Driver/Src/stm32f4xx_hal_spi.o
                0x080067b6                HAL_SPI_GetState
 *fill*         0x080067d2        0x2 
 .text.SPI_WaitFlagStateUntilTimeout
                0x080067d4      0x110 ./Drivers/STM32F4xx_HAL_Driver/Src/stm32f4xx_hal_spi.o
 .text.SPI_EndRxTxTransaction
                0x080068e4       0xa8 ./Drivers/STM32F4xx_HAL_Driver/Src/stm32f4xx_hal_spi.o
 .text.HAL_TIM_Base_Init
                0x0800698c       0x9e ./Drivers/STM32F4xx_HAL_Driver/Src/stm32f4xx_hal_tim.o
                0x0800698c                HAL_TIM_Base_Init
 *fill*         0x08006a2a        0x2 
 .text.TIM_Base_SetConfig
                0x08006a2c      0x158 ./Drivers/STM32F4xx_HAL_Driver/Src/stm32f4xx_hal_tim.o
                0x08006a2c                TIM_Base_SetConfig
 .text.HAL_TIMEx_MasterConfigSynchronization
                0x08006b84       0xf8 ./Drivers/STM32F4xx_HAL_Driver/Src/stm32f4xx_hal_tim_ex.o
                0x08006b84                HAL_TIMEx_MasterConfigSynchronization
 .text.std      0x08006c7c       0x6c C:/ST/STM32CubeIDE_1.16.1/STM32CubeIDE/plugins/com.st.stm32cube.ide.mcu.externaltools.gnu-tools-for-stm32.12.3.rel1.win32_1.0.200.202406191623/tools/bin/../lib/gcc/arm-none-eabi/12.3.1/../../../../arm-none-eabi/lib/thumb/v7e-m+fp/hard\libc_nano.a(libc_a-findfp.o)
 .text.stdio_exit_handler
                0x08006ce8       0x18 C:/ST/STM32CubeIDE_1.16.1/STM32CubeIDE/plugins/com.st.stm32cube.ide.mcu.externaltools.gnu-tools-for-stm32.12.3.rel1.win32_1.0.200.202406191623/tools/bin/../lib/gcc/arm-none-eabi/12.3.1/../../../../arm-none-eabi/lib/thumb/v7e-m+fp/hard\libc_nano.a(libc_a-findfp.o)
 .text.cleanup_stdio
                0x08006d00       0x40 C:/ST/STM32CubeIDE_1.16.1/STM32CubeIDE/plugins/com.st.stm32cube.ide.mcu.externaltools.gnu-tools-for-stm32.12.3.rel1.win32_1.0.200.202406191623/tools/bin/../lib/gcc/arm-none-eabi/12.3.1/../../../../arm-none-eabi/lib/thumb/v7e-m+fp/hard\libc_nano.a(libc_a-findfp.o)
 .text.global_stdio_init.part.0
                0x08006d40       0x3c C:/ST/STM32CubeIDE_1.16.1/STM32CubeIDE/plugins/com.st.stm32cube.ide.mcu.externaltools.gnu-tools-for-stm32.12.3.rel1.win32_1.0.200.202406191623/tools/bin/../lib/gcc/arm-none-eabi/12.3.1/../../../../arm-none-eabi/lib/thumb/v7e-m+fp/hard\libc_nano.a(libc_a-findfp.o)
 .text.__sfp_lock_acquire
                0x08006d7c        0xc C:/ST/STM32CubeIDE_1.16.1/STM32CubeIDE/plugins/com.st.stm32cube.ide.mcu.externaltools.gnu-tools-for-stm32.12.3.rel1.win32_1.0.200.202406191623/tools/bin/../lib/gcc/arm-none-eabi/12.3.1/../../../../arm-none-eabi/lib/thumb/v7e-m+fp/hard\libc_nano.a(libc_a-findfp.o)
                0x08006d7c                __sfp_lock_acquire
 .text.__sfp_lock_release
                0x08006d88        0xc C:/ST/STM32CubeIDE_1.16.1/STM32CubeIDE/plugins/com.st.stm32cube.ide.mcu.externaltools.gnu-tools-for-stm32.12.3.rel1.win32_1.0.200.202406191623/tools/bin/../lib/gcc/arm-none-eabi/12.3.1/../../../../arm-none-eabi/lib/thumb/v7e-m+fp/hard\libc_nano.a(libc_a-findfp.o)
                0x08006d88                __sfp_lock_release
 .text.__sinit  0x08006d94       0x30 C:/ST/STM32CubeIDE_1.16.1/STM32CubeIDE/plugins/com.st.stm32cube.ide.mcu.externaltools.gnu-tools-for-stm32.12.3.rel1.win32_1.0.200.202406191623/tools/bin/../lib/gcc/arm-none-eabi/12.3.1/../../../../arm-none-eabi/lib/thumb/v7e-m+fp/hard\libc_nano.a(libc_a-findfp.o)
                0x08006d94                __sinit
 .text._fwalk_sglue
                0x08006dc4       0x3c C:/ST/STM32CubeIDE_1.16.1/STM32CubeIDE/plugins/com.st.stm32cube.ide.mcu.externaltools.gnu-tools-for-stm32.12.3.rel1.win32_1.0.200.202406191623/tools/bin/../lib/gcc/arm-none-eabi/12.3.1/../../../../arm-none-eabi/lib/thumb/v7e-m+fp/hard\libc_nano.a(libc_a-fwalk.o)
                0x08006dc4                _fwalk_sglue
 .text.printf   0x08006e00       0x24 C:/ST/STM32CubeIDE_1.16.1/STM32CubeIDE/plugins/com.st.stm32cube.ide.mcu.externaltools.gnu-tools-for-stm32.12.3.rel1.win32_1.0.200.202406191623/tools/bin/../lib/gcc/arm-none-eabi/12.3.1/../../../../arm-none-eabi/lib/thumb/v7e-m+fp/hard\libc_nano.a(libc_a-printf.o)
                0x08006e00                iprintf
                0x08006e00                printf
 .text._puts_r  0x08006e24       0xaa C:/ST/STM32CubeIDE_1.16.1/STM32CubeIDE/plugins/com.st.stm32cube.ide.mcu.externaltools.gnu-tools-for-stm32.12.3.rel1.win32_1.0.200.202406191623/tools/bin/../lib/gcc/arm-none-eabi/12.3.1/../../../../arm-none-eabi/lib/thumb/v7e-m+fp/hard\libc_nano.a(libc_a-puts.o)
                0x08006e24                _puts_r
 *fill*         0x08006ece        0x2 
 .text.puts     0x08006ed0       0x10 C:/ST/STM32CubeIDE_1.16.1/STM32CubeIDE/plugins/com.st.stm32cube.ide.mcu.externaltools.gnu-tools-for-stm32.12.3.rel1.win32_1.0.200.202406191623/tools/bin/../lib/gcc/arm-none-eabi/12.3.1/../../../../arm-none-eabi/lib/thumb/v7e-m+fp/hard\libc_nano.a(libc_a-puts.o)
                0x08006ed0                puts
 .text.__sread  0x08006ee0       0x22 C:/ST/STM32CubeIDE_1.16.1/STM32CubeIDE/plugins/com.st.stm32cube.ide.mcu.externaltools.gnu-tools-for-stm32.12.3.rel1.win32_1.0.200.202406191623/tools/bin/../lib/gcc/arm-none-eabi/12.3.1/../../../../arm-none-eabi/lib/thumb/v7e-m+fp/hard\libc_nano.a(libc_a-stdio.o)
                0x08006ee0                __sread
 .text.__swrite
                0x08006f02       0x38 C:/ST/STM32CubeIDE_1.16.1/STM32CubeIDE/plugins/com.st.stm32cube.ide.mcu.externaltools.gnu-tools-for-stm32.12.3.rel1.win32_1.0.200.202406191623/tools/bin/../lib/gcc/arm-none-eabi/12.3.1/../../../../arm-none-eabi/lib/thumb/v7e-m+fp/hard\libc_nano.a(libc_a-stdio.o)
                0x08006f02                __swrite
 .text.__sseek  0x08006f3a       0x24 C:/ST/STM32CubeIDE_1.16.1/STM32CubeIDE/plugins/com.st.stm32cube.ide.mcu.externaltools.gnu-tools-for-stm32.12.3.rel1.win32_1.0.200.202406191623/tools/bin/../lib/gcc/arm-none-eabi/12.3.1/../../../../arm-none-eabi/lib/thumb/v7e-m+fp/hard\libc_nano.a(libc_a-stdio.o)
                0x08006f3a                __sseek
 .text.__sclose
                0x08006f5e        0x8 C:/ST/STM32CubeIDE_1.16.1/STM32CubeIDE/plugins/com.st.stm32cube.ide.mcu.externaltools.gnu-tools-for-stm32.12.3.rel1.win32_1.0.200.202406191623/tools/bin/../lib/gcc/arm-none-eabi/12.3.1/../../../../arm-none-eabi/lib/thumb/v7e-m+fp/hard\libc_nano.a(libc_a-stdio.o)
                0x08006f5e                __sclose
 .text.__swbuf_r
                0x08006f66       0x7c C:/ST/STM32CubeIDE_1.16.1/STM32CubeIDE/plugins/com.st.stm32cube.ide.mcu.externaltools.gnu-tools-for-stm32.12.3.rel1.win32_1.0.200.202406191623/tools/bin/../lib/gcc/arm-none-eabi/12.3.1/../../../../arm-none-eabi/lib/thumb/v7e-m+fp/hard\libc_nano.a(libc_a-wbuf.o)
                0x08006f66                __swbuf_r
 *fill*         0x08006fe2        0x2 
 .text.__swsetup_r
                0x08006fe4       0xac C:/ST/STM32CubeIDE_1.16.1/STM32CubeIDE/plugins/com.st.stm32cube.ide.mcu.externaltools.gnu-tools-for-stm32.12.3.rel1.win32_1.0.200.202406191623/tools/bin/../lib/gcc/arm-none-eabi/12.3.1/../../../../arm-none-eabi/lib/thumb/v7e-m+fp/hard\libc_nano.a(libc_a-wsetup.o)
                0x08006fe4                __swsetup_r
 .text.memset   0x08007090       0x10 C:/ST/STM32CubeIDE_1.16.1/STM32CubeIDE/plugins/com.st.stm32cube.ide.mcu.externaltools.gnu-tools-for-stm32.12.3.rel1.win32_1.0.200.202406191623/tools/bin/../lib/gcc/arm-none-eabi/12.3.1/../../../../arm-none-eabi/lib/thumb/v7e-m+fp/hard\libc_nano.a(libc_a-memset.o)
                0x08007090                memset
 .text._close_r
                0x080070a0       0x20 C:/ST/STM32CubeIDE_1.16.1/STM32CubeIDE/plugins/com.st.stm32cube.ide.mcu.externaltools.gnu-tools-for-stm32.12.3.rel1.win32_1.0.200.202406191623/tools/bin/../lib/gcc/arm-none-eabi/12.3.1/../../../../arm-none-eabi/lib/thumb/v7e-m+fp/hard\libc_nano.a(libc_a-closer.o)
                0x080070a0                _close_r
 .text._lseek_r
                0x080070c0       0x24 C:/ST/STM32CubeIDE_1.16.1/STM32CubeIDE/plugins/com.st.stm32cube.ide.mcu.externaltools.gnu-tools-for-stm32.12.3.rel1.win32_1.0.200.202406191623/tools/bin/../lib/gcc/arm-none-eabi/12.3.1/../../../../arm-none-eabi/lib/thumb/v7e-m+fp/hard\libc_nano.a(libc_a-lseekr.o)
                0x080070c0                _lseek_r
 .text._read_r  0x080070e4       0x24 C:/ST/STM32CubeIDE_1.16.1/STM32CubeIDE/plugins/com.st.stm32cube.ide.mcu.externaltools.gnu-tools-for-stm32.12.3.rel1.win32_1.0.200.202406191623/tools/bin/../lib/gcc/arm-none-eabi/12.3.1/../../../../arm-none-eabi/lib/thumb/v7e-m+fp/hard\libc_nano.a(libc_a-readr.o)
                0x080070e4                _read_r
 .text._write_r
                0x08007108       0x24 C:/ST/STM32CubeIDE_1.16.1/STM32CubeIDE/plugins/com.st.stm32cube.ide.mcu.externaltools.gnu-tools-for-stm32.12.3.rel1.win32_1.0.200.202406191623/tools/bin/../lib/gcc/arm-none-eabi/12.3.1/../../../../arm-none-eabi/lib/thumb/v7e-m+fp/hard\libc_nano.a(libc_a-writer.o)
                0x08007108                _write_r
 .text.__errno  0x0800712c        0xc C:/ST/STM32CubeIDE_1.16.1/STM32CubeIDE/plugins/com.st.stm32cube.ide.mcu.externaltools.gnu-tools-for-stm32.12.3.rel1.win32_1.0.200.202406191623/tools/bin/../lib/gcc/arm-none-eabi/12.3.1/../../../../arm-none-eabi/lib/thumb/v7e-m+fp/hard\libc_nano.a(libc_a-errno.o)
                0x0800712c                __errno
 .text.__libc_init_array
                0x08007138       0x48 C:/ST/STM32CubeIDE_1.16.1/STM32CubeIDE/plugins/com.st.stm32cube.ide.mcu.externaltools.gnu-tools-for-stm32.12.3.rel1.win32_1.0.200.202406191623/tools/bin/../lib/gcc/arm-none-eabi/12.3.1/../../../../arm-none-eabi/lib/thumb/v7e-m+fp/hard\libc_nano.a(libc_a-init.o)
                0x08007138                __libc_init_array
 .text.__retarget_lock_init_recursive
                0x08007180        0x2 C:/ST/STM32CubeIDE_1.16.1/STM32CubeIDE/plugins/com.st.stm32cube.ide.mcu.externaltools.gnu-tools-for-stm32.12.3.rel1.win32_1.0.200.202406191623/tools/bin/../lib/gcc/arm-none-eabi/12.3.1/../../../../arm-none-eabi/lib/thumb/v7e-m+fp/hard\libc_nano.a(libc_a-lock.o)
                0x08007180                __retarget_lock_init_recursive
 .text.__retarget_lock_acquire_recursive
                0x08007182        0x2 C:/ST/STM32CubeIDE_1.16.1/STM32CubeIDE/plugins/com.st.stm32cube.ide.mcu.externaltools.gnu-tools-for-stm32.12.3.rel1.win32_1.0.200.202406191623/tools/bin/../lib/gcc/arm-none-eabi/12.3.1/../../../../arm-none-eabi/lib/thumb/v7e-m+fp/hard\libc_nano.a(libc_a-lock.o)
                0x08007182                __retarget_lock_acquire_recursive
 .text.__retarget_lock_release_recursive
                0x08007184        0x2 C:/ST/STM32CubeIDE_1.16.1/STM32CubeIDE/plugins/com.st.stm32cube.ide.mcu.externaltools.gnu-tools-for-stm32.12.3.rel1.win32_1.0.200.202406191623/tools/bin/../lib/gcc/arm-none-eabi/12.3.1/../../../../arm-none-eabi/lib/thumb/v7e-m+fp/hard\libc_nano.a(libc_a-lock.o)
                0x08007184                __retarget_lock_release_recursive
 *fill*         0x08007186        0x2 
 .text._free_r  0x08007188       0x94 C:/ST/STM32CubeIDE_1.16.1/STM32CubeIDE/plugins/com.st.stm32cube.ide.mcu.externaltools.gnu-tools-for-stm32.12.3.rel1.win32_1.0.200.202406191623/tools/bin/../lib/gcc/arm-none-eabi/12.3.1/../../../../arm-none-eabi/lib/thumb/v7e-m+fp/hard\libc_nano.a(libc_a-freer.o)
                0x08007188                _free_r
 .text.sbrk_aligned
                0x0800721c       0x44 C:/ST/STM32CubeIDE_1.16.1/STM32CubeIDE/plugins/com.st.stm32cube.ide.mcu.externaltools.gnu-tools-for-stm32.12.3.rel1.win32_1.0.200.202406191623/tools/bin/../lib/gcc/arm-none-eabi/12.3.1/../../../../arm-none-eabi/lib/thumb/v7e-m+fp/hard\libc_nano.a(libc_a-mallocr.o)
 .text._malloc_r
                0x08007260      0x100 C:/ST/STM32CubeIDE_1.16.1/STM32CubeIDE/plugins/com.st.stm32cube.ide.mcu.externaltools.gnu-tools-for-stm32.12.3.rel1.win32_1.0.200.202406191623/tools/bin/../lib/gcc/arm-none-eabi/12.3.1/../../../../arm-none-eabi/lib/thumb/v7e-m+fp/hard\libc_nano.a(libc_a-mallocr.o)
                0x08007260                _malloc_r
 .text.__malloc_lock
                0x08007360        0xc C:/ST/STM32CubeIDE_1.16.1/STM32CubeIDE/plugins/com.st.stm32cube.ide.mcu.externaltools.gnu-tools-for-stm32.12.3.rel1.win32_1.0.200.202406191623/tools/bin/../lib/gcc/arm-none-eabi/12.3.1/../../../../arm-none-eabi/lib/thumb/v7e-m+fp/hard\libc_nano.a(libc_a-mlock.o)
                0x08007360                __malloc_lock
 .text.__malloc_unlock
                0x0800736c        0xc C:/ST/STM32CubeIDE_1.16.1/STM32CubeIDE/plugins/com.st.stm32cube.ide.mcu.externaltools.gnu-tools-for-stm32.12.3.rel1.win32_1.0.200.202406191623/tools/bin/../lib/gcc/arm-none-eabi/12.3.1/../../../../arm-none-eabi/lib/thumb/v7e-m+fp/hard\libc_nano.a(libc_a-mlock.o)
                0x0800736c                __malloc_unlock
 .text.__sfputc_r
                0x08007378       0x2e C:/ST/STM32CubeIDE_1.16.1/STM32CubeIDE/plugins/com.st.stm32cube.ide.mcu.externaltools.gnu-tools-for-stm32.12.3.rel1.win32_1.0.200.202406191623/tools/bin/../lib/gcc/arm-none-eabi/12.3.1/../../../../arm-none-eabi/lib/thumb/v7e-m+fp/hard\libc_nano.a(libc_a-nano-vfprintf.o)
 .text.__sfputs_r
                0x080073a6       0x24 C:/ST/STM32CubeIDE_1.16.1/STM32CubeIDE/plugins/com.st.stm32cube.ide.mcu.externaltools.gnu-tools-for-stm32.12.3.rel1.win32_1.0.200.202406191623/tools/bin/../lib/gcc/arm-none-eabi/12.3.1/../../../../arm-none-eabi/lib/thumb/v7e-m+fp/hard\libc_nano.a(libc_a-nano-vfprintf.o)
                0x080073a6                __sfputs_r
 *fill*         0x080073ca        0x2 
 .text._vfprintf_r
                0x080073cc      0x230 C:/ST/STM32CubeIDE_1.16.1/STM32CubeIDE/plugins/com.st.stm32cube.ide.mcu.externaltools.gnu-tools-for-stm32.12.3.rel1.win32_1.0.200.202406191623/tools/bin/../lib/gcc/arm-none-eabi/12.3.1/../../../../arm-none-eabi/lib/thumb/v7e-m+fp/hard\libc_nano.a(libc_a-nano-vfprintf.o)
                0x080073cc                _vfprintf_r
                0x080073cc                _vfiprintf_r
 .text._printf_common
                0x080075fc       0xda C:/ST/STM32CubeIDE_1.16.1/STM32CubeIDE/plugins/com.st.stm32cube.ide.mcu.externaltools.gnu-tools-for-stm32.12.3.rel1.win32_1.0.200.202406191623/tools/bin/../lib/gcc/arm-none-eabi/12.3.1/../../../../arm-none-eabi/lib/thumb/v7e-m+fp/hard\libc_nano.a(libc_a-nano-vfprintf_i.o)
                0x080075fc                _printf_common
 *fill*         0x080076d6        0x2 
 .text._printf_i
                0x080076d8      0x240 C:/ST/STM32CubeIDE_1.16.1/STM32CubeIDE/plugins/com.st.stm32cube.ide.mcu.externaltools.gnu-tools-for-stm32.12.3.rel1.win32_1.0.200.202406191623/tools/bin/../lib/gcc/arm-none-eabi/12.3.1/../../../../arm-none-eabi/lib/thumb/v7e-m+fp/hard\libc_nano.a(libc_a-nano-vfprintf_i.o)
                0x080076d8                _printf_i
 .text.__sflush_r
                0x08007918      0x108 C:/ST/STM32CubeIDE_1.16.1/STM32CubeIDE/plugins/com.st.stm32cube.ide.mcu.externaltools.gnu-tools-for-stm32.12.3.rel1.win32_1.0.200.202406191623/tools/bin/../lib/gcc/arm-none-eabi/12.3.1/../../../../arm-none-eabi/lib/thumb/v7e-m+fp/hard\libc_nano.a(libc_a-fflush.o)
                0x08007918                __sflush_r
 .text._fflush_r
                0x08007a20       0x50 C:/ST/STM32CubeIDE_1.16.1/STM32CubeIDE/plugins/com.st.stm32cube.ide.mcu.externaltools.gnu-tools-for-stm32.12.3.rel1.win32_1.0.200.202406191623/tools/bin/../lib/gcc/arm-none-eabi/12.3.1/../../../../arm-none-eabi/lib/thumb/v7e-m+fp/hard\libc_nano.a(libc_a-fflush.o)
                0x08007a20                _fflush_r
 .text.__swhatbuf_r
                0x08007a70       0x4c C:/ST/STM32CubeIDE_1.16.1/STM32CubeIDE/plugins/com.st.stm32cube.ide.mcu.externaltools.gnu-tools-for-stm32.12.3.rel1.win32_1.0.200.202406191623/tools/bin/../lib/gcc/arm-none-eabi/12.3.1/../../../../arm-none-eabi/lib/thumb/v7e-m+fp/hard\libc_nano.a(libc_a-makebuf.o)
                0x08007a70                __swhatbuf_r
 .text.__smakebuf_r
                0x08007abc       0x78 C:/ST/STM32CubeIDE_1.16.1/STM32CubeIDE/plugins/com.st.stm32cube.ide.mcu.externaltools.gnu-tools-for-stm32.12.3.rel1.win32_1.0.200.202406191623/tools/bin/../lib/gcc/arm-none-eabi/12.3.1/../../../../arm-none-eabi/lib/thumb/v7e-m+fp/hard\libc_nano.a(libc_a-makebuf.o)
                0x08007abc                __smakebuf_r
 .text._fstat_r
                0x08007b34       0x24 C:/ST/STM32CubeIDE_1.16.1/STM32CubeIDE/plugins/com.st.stm32cube.ide.mcu.externaltools.gnu-tools-for-stm32.12.3.rel1.win32_1.0.200.202406191623/tools/bin/../lib/gcc/arm-none-eabi/12.3.1/../../../../arm-none-eabi/lib/thumb/v7e-m+fp/hard\libc_nano.a(libc_a-fstatr.o)
                0x08007b34                _fstat_r
 .text._isatty_r
                0x08007b58       0x20 C:/ST/STM32CubeIDE_1.16.1/STM32CubeIDE/plugins/com.st.stm32cube.ide.mcu.externaltools.gnu-tools-for-stm32.12.3.rel1.win32_1.0.200.202406191623/tools/bin/../lib/gcc/arm-none-eabi/12.3.1/../../../../arm-none-eabi/lib/thumb/v7e-m+fp/hard\libc_nano.a(libc_a-isattyr.o)
                0x08007b58                _isatty_r
 .text._sbrk_r  0x08007b78       0x20 C:/ST/STM32CubeIDE_1.16.1/STM32CubeIDE/plugins/com.st.stm32cube.ide.mcu.externaltools.gnu-tools-for-stm32.12.3.rel1.win32_1.0.200.202406191623/tools/bin/../lib/gcc/arm-none-eabi/12.3.1/../../../../arm-none-eabi/lib/thumb/v7e-m+fp/hard\libc_nano.a(libc_a-sbrkr.o)
                0x08007b78                _sbrk_r
 *(.glue_7)
 .glue_7        0x08007b98        0x0 linker stubs
 *(.glue_7t)
 .glue_7t       0x08007b98        0x0 linker stubs
 *(.eh_frame)
 .eh_frame      0x08007b98        0x0 C:/ST/STM32CubeIDE_1.16.1/STM32CubeIDE/plugins/com.st.stm32cube.ide.mcu.externaltools.gnu-tools-for-stm32.12.3.rel1.win32_1.0.200.202406191623/tools/bin/../lib/gcc/arm-none-eabi/12.3.1/thumb/v7e-m+fp/hard/crtbegin.o
 *(.init)
 .init          0x08007b98        0x4 C:/ST/STM32CubeIDE_1.16.1/STM32CubeIDE/plugins/com.st.stm32cube.ide.mcu.externaltools.gnu-tools-for-stm32.12.3.rel1.win32_1.0.200.202406191623/tools/bin/../lib/gcc/arm-none-eabi/12.3.1/thumb/v7e-m+fp/hard/crti.o
                0x08007b98                _init
 .init          0x08007b9c        0x8 C:/ST/STM32CubeIDE_1.16.1/STM32CubeIDE/plugins/com.st.stm32cube.ide.mcu.externaltools.gnu-tools-for-stm32.12.3.rel1.win32_1.0.200.202406191623/tools/bin/../lib/gcc/arm-none-eabi/12.3.1/thumb/v7e-m+fp/hard/crtn.o
 *(.fini)
 .fini          0x08007ba4        0x4 C:/ST/STM32CubeIDE_1.16.1/STM32CubeIDE/plugins/com.st.stm32cube.ide.mcu.externaltools.gnu-tools-for-stm32.12.3.rel1.win32_1.0.200.202406191623/tools/bin/../lib/gcc/arm-none-eabi/12.3.1/thumb/v7e-m+fp/hard/crti.o
                0x08007ba4                _fini
 .fini          0x08007ba8        0x8 C:/ST/STM32CubeIDE_1.16.1/STM32CubeIDE/plugins/com.st.stm32cube.ide.mcu.externaltools.gnu-tools-for-stm32.12.3.rel1.win32_1.0.200.202406191623/tools/bin/../lib/gcc/arm-none-eabi/12.3.1/thumb/v7e-m+fp/hard/crtn.o
                0x08007bb0                        . = ALIGN (0x4)
                0x08007bb0                        _etext = .

.vfp11_veneer   0x08007bb0        0x0
 .vfp11_veneer  0x08007bb0        0x0 linker stubs

.v4_bx          0x08007bb0        0x0
 .v4_bx         0x08007bb0        0x0 linker stubs

.iplt           0x08007bb0        0x0
 .iplt          0x08007bb0        0x0 C:/ST/STM32CubeIDE_1.16.1/STM32CubeIDE/plugins/com.st.stm32cube.ide.mcu.externaltools.gnu-tools-for-stm32.12.3.rel1.win32_1.0.200.202406191623/tools/bin/../lib/gcc/arm-none-eabi/12.3.1/thumb/v7e-m+fp/hard/crtbegin.o

.rodata         0x08007bb0     0x1270
                0x08007bb0                        . = ALIGN (0x4)
 *(.rodata)
 .rodata        0x08007bb0       0x52 ./Core/Src/ApplicationCode.o
 *(.rodata*)
 *fill*         0x08007c02        0x2 
 .rodata.ASCII16x24_Table
                0x08007c04     0x11d0 ./Core/Src/fonts.o
                0x08007c04                ASCII16x24_Table
 .rodata.AHBPrescTable
                0x08008dd4       0x10 ./Core/Src/system_stm32f4xx.o
                0x08008dd4                AHBPrescTable
 .rodata.APBPrescTable
                0x08008de4        0x8 ./Core/Src/system_stm32f4xx.o
                0x08008de4                APBPrescTable
 .rodata._vfprintf_r.str1.1
                0x08008dec       0x11 C:/ST/STM32CubeIDE_1.16.1/STM32CubeIDE/plugins/com.st.stm32cube.ide.mcu.externaltools.gnu-tools-for-stm32.12.3.rel1.win32_1.0.200.202406191623/tools/bin/../lib/gcc/arm-none-eabi/12.3.1/../../../../arm-none-eabi/lib/thumb/v7e-m+fp/hard\libc_nano.a(libc_a-nano-vfprintf.o)
 .rodata._printf_i.str1.1
                0x08008dfd       0x22 C:/ST/STM32CubeIDE_1.16.1/STM32CubeIDE/plugins/com.st.stm32cube.ide.mcu.externaltools.gnu-tools-for-stm32.12.3.rel1.win32_1.0.200.202406191623/tools/bin/../lib/gcc/arm-none-eabi/12.3.1/../../../../arm-none-eabi/lib/thumb/v7e-m+fp/hard\libc_nano.a(libc_a-nano-vfprintf_i.o)
                0x08008e20                        . = ALIGN (0x4)
 *fill*         0x08008e1f        0x1 

.ARM.extab      0x08008e20        0x0
                0x08008e20                        . = ALIGN (0x4)
 *(.ARM.extab* .gnu.linkonce.armextab.*)
                0x08008e20                        . = ALIGN (0x4)

.ARM            0x08008e20        0x8
                0x08008e20                        . = ALIGN (0x4)
                0x08008e20                        __exidx_start = .
 *(.ARM.exidx*)
 .ARM.exidx     0x08008e20        0x8 C:/ST/STM32CubeIDE_1.16.1/STM32CubeIDE/plugins/com.st.stm32cube.ide.mcu.externaltools.gnu-tools-for-stm32.12.3.rel1.win32_1.0.200.202406191623/tools/bin/../lib/gcc/arm-none-eabi/12.3.1/../../../../arm-none-eabi/lib/thumb/v7e-m+fp/hard\libc_nano.a(libc_a-memchr.o)
 .ARM.exidx     0x08008e28        0x0 C:/ST/STM32CubeIDE_1.16.1/STM32CubeIDE/plugins/com.st.stm32cube.ide.mcu.externaltools.gnu-tools-for-stm32.12.3.rel1.win32_1.0.200.202406191623/tools/bin/../lib/gcc/arm-none-eabi/12.3.1/thumb/v7e-m+fp/hard\libgcc.a(_udivmoddi4.o)
                                  0x8 (size before relaxing)
                0x08008e28                        __exidx_end = .
                0x08008e28                        . = ALIGN (0x4)

.preinit_array  0x08008e28        0x0
                0x08008e28                        . = ALIGN (0x4)
                0x08008e28                        PROVIDE (__preinit_array_start = .)
 *(.preinit_array*)
                0x08008e28                        PROVIDE (__preinit_array_end = .)
                0x08008e28                        . = ALIGN (0x4)

.init_array     0x08008e28        0x4
                0x08008e28                        . = ALIGN (0x4)
                0x08008e28                        PROVIDE (__init_array_start = .)
 *(SORT_BY_NAME(.init_array.*))
 *(.init_array*)
 .init_array    0x08008e28        0x4 C:/ST/STM32CubeIDE_1.16.1/STM32CubeIDE/plugins/com.st.stm32cube.ide.mcu.externaltools.gnu-tools-for-stm32.12.3.rel1.win32_1.0.200.202406191623/tools/bin/../lib/gcc/arm-none-eabi/12.3.1/thumb/v7e-m+fp/hard/crtbegin.o
                0x08008e2c                        PROVIDE (__init_array_end = .)
                0x08008e2c                        . = ALIGN (0x4)

.fini_array     0x08008e2c        0x4
                0x08008e2c                        . = ALIGN (0x4)
                [!provide]                        PROVIDE (__fini_array_start = .)
 *(SORT_BY_NAME(.fini_array.*))
 *(.fini_array*)
 .fini_array    0x08008e2c        0x4 C:/ST/STM32CubeIDE_1.16.1/STM32CubeIDE/plugins/com.st.stm32cube.ide.mcu.externaltools.gnu-tools-for-stm32.12.3.rel1.win32_1.0.200.202406191623/tools/bin/../lib/gcc/arm-none-eabi/12.3.1/thumb/v7e-m+fp/hard/crtbegin.o
                [!provide]                        PROVIDE (__fini_array_end = .)
                0x08008e30                        . = ALIGN (0x4)
                0x08008e30                        _sidata = LOADADDR (.data)

.rel.dyn        0x08008e30        0x0
 .rel.iplt      0x08008e30        0x0 C:/ST/STM32CubeIDE_1.16.1/STM32CubeIDE/plugins/com.st.stm32cube.ide.mcu.externaltools.gnu-tools-for-stm32.12.3.rel1.win32_1.0.200.202406191623/tools/bin/../lib/gcc/arm-none-eabi/12.3.1/thumb/v7e-m+fp/hard/crtbegin.o

.data           0x20000000       0x7c load address 0x08008e30
                0x20000000                        . = ALIGN (0x4)
                0x20000000                        _sdata = .
 *(.data)
 *(.data*)
 .data.CurrentTextColor
                0x20000000        0x2 ./Core/Src/LCD_Driver.o
 *fill*         0x20000002        0x2 
 .data.Font16x24
                0x20000004        0x8 ./Core/Src/fonts.o
                0x20000004                Font16x24
 .data.SpiTimeout
                0x2000000c        0x4 ./Core/Src/ili9341.o
                0x2000000c                SpiTimeout
 .data.CurrentY
                0x20000010        0x2 ./Core/Src/main.o
                0x20000010                CurrentY
 *fill*         0x20000012        0x2 
 .data.SystemCoreClock
                0x20000014        0x4 ./Core/Src/system_stm32f4xx.o
                0x20000014                SystemCoreClock
 .data.uwTickPrio
                0x20000018        0x4 ./Drivers/STM32F4xx_HAL_Driver/Src/stm32f4xx_hal.o
                0x20000018                uwTickPrio
 .data.uwTickFreq
                0x2000001c        0x1 ./Drivers/STM32F4xx_HAL_Driver/Src/stm32f4xx_hal.o
                0x2000001c                uwTickFreq
 *fill*         0x2000001d        0x3 
 .data.__sglue  0x20000020        0xc C:/ST/STM32CubeIDE_1.16.1/STM32CubeIDE/plugins/com.st.stm32cube.ide.mcu.externaltools.gnu-tools-for-stm32.12.3.rel1.win32_1.0.200.202406191623/tools/bin/../lib/gcc/arm-none-eabi/12.3.1/../../../../arm-none-eabi/lib/thumb/v7e-m+fp/hard\libc_nano.a(libc_a-findfp.o)
                0x20000020                __sglue
 .data._impure_ptr
                0x2000002c        0x4 C:/ST/STM32CubeIDE_1.16.1/STM32CubeIDE/plugins/com.st.stm32cube.ide.mcu.externaltools.gnu-tools-for-stm32.12.3.rel1.win32_1.0.200.202406191623/tools/bin/../lib/gcc/arm-none-eabi/12.3.1/../../../../arm-none-eabi/lib/thumb/v7e-m+fp/hard\libc_nano.a(libc_a-impure.o)
                0x2000002c                _impure_ptr
 .data._impure_data
                0x20000030       0x4c C:/ST/STM32CubeIDE_1.16.1/STM32CubeIDE/plugins/com.st.stm32cube.ide.mcu.externaltools.gnu-tools-for-stm32.12.3.rel1.win32_1.0.200.202406191623/tools/bin/../lib/gcc/arm-none-eabi/12.3.1/../../../../arm-none-eabi/lib/thumb/v7e-m+fp/hard\libc_nano.a(libc_a-impure.o)
                0x20000030                _impure_data
 *(.RamFunc)
 *(.RamFunc*)
                0x2000007c                        . = ALIGN (0x4)
                0x2000007c                        _edata = .
                0x08008eac                        _siccmram = LOADADDR (.ccmram)

.igot.plt       0x2000007c        0x0 load address 0x08008eac
 .igot.plt      0x2000007c        0x0 C:/ST/STM32CubeIDE_1.16.1/STM32CubeIDE/plugins/com.st.stm32cube.ide.mcu.externaltools.gnu-tools-for-stm32.12.3.rel1.win32_1.0.200.202406191623/tools/bin/../lib/gcc/arm-none-eabi/12.3.1/thumb/v7e-m+fp/hard/crtbegin.o

.ccmram         0x10000000        0x0 load address 0x08008eac
                0x10000000                        . = ALIGN (0x4)
                0x10000000                        _sccmram = .
 *(.ccmram)
 *(.ccmram*)
                0x10000000                        . = ALIGN (0x4)
                0x10000000                        _eccmram = .
                0x10000000                        . = ALIGN (0x4)

.bss            0x2000007c    0x25cc8
                0x2000007c                        _sbss = .
                0x2000007c                        __bss_start__ = _sbss
 *(.bss)
 .bss           0x2000007c       0x1c C:/ST/STM32CubeIDE_1.16.1/STM32CubeIDE/plugins/com.st.stm32cube.ide.mcu.externaltools.gnu-tools-for-stm32.12.3.rel1.win32_1.0.200.202406191623/tools/bin/../lib/gcc/arm-none-eabi/12.3.1/thumb/v7e-m+fp/hard/crtbegin.o
 *(.bss*)
 .bss.StaticTouchData
                0x20000098        0x8 ./Core/Src/ApplicationCode.o
 .bss.LCDTouchIRQ
                0x200000a0        0x8 ./Core/Src/ApplicationCode.o
 .bss.statusFlag
                0x200000a8        0x1 ./Core/Src/ApplicationCode.o
 *fill*         0x200000a9        0x3 
 .bss.count.0   0x200000ac        0x4 ./Core/Src/ApplicationCode.o
 .bss.hltdc     0x200000b0       0xa8 ./Core/Src/LCD_Driver.o
 .bss.PeriphClkInitStruct
                0x20000158       0x30 ./Core/Src/LCD_Driver.o
 .bss.LCD_Currentfonts
                0x20000188        0x4 ./Core/Src/LCD_Driver.o
 .bss.frameBuffer
                0x2000018c    0x25800 ./Core/Src/LCD_Driver.o
                0x2000018c                frameBuffer
 .bss.scheduledEvents
                0x2002598c        0x4 ./Core/Src/Scheduler.o
 .bss.SpiHandle
                0x20025990       0x58 ./Core/Src/ili9341.o
 .bss.Is_LCD_IO_Initialized
                0x200259e8        0x1 ./Core/Src/ili9341.o
 *fill*         0x200259e9        0x3 
 .bss.hi2c3     0x200259ec       0x54 ./Core/Src/main.o
                0x200259ec                hi2c3
 .bss.hltdc     0x20025a40       0xa8 ./Core/Src/main.o
                0x20025a40                hltdc
 .bss.hrng      0x20025ae8       0x10 ./Core/Src/main.o
                0x20025ae8                hrng
 .bss.hspi5     0x20025af8       0x58 ./Core/Src/main.o
                0x20025af8                hspi5
 .bss.htim7     0x20025b50       0x48 ./Core/Src/main.o
                0x20025b50                htim7
 .bss.hI2C3     0x20025b98       0x54 ./Core/Src/stmpe811.o
 .bss.HAL_status
                0x20025bec        0x1 ./Core/Src/stmpe811.o
 *fill*         0x20025bed        0x3 
 .bss.__sbrk_heap_end
                0x20025bf0        0x4 ./Core/Src/sysmem.o
 .bss.uwTick    0x20025bf4        0x4 ./Drivers/STM32F4xx_HAL_Driver/Src/stm32f4xx_hal.o
                0x20025bf4                uwTick
 .bss.__sf      0x20025bf8      0x138 C:/ST/STM32CubeIDE_1.16.1/STM32CubeIDE/plugins/com.st.stm32cube.ide.mcu.externaltools.gnu-tools-for-stm32.12.3.rel1.win32_1.0.200.202406191623/tools/bin/../lib/gcc/arm-none-eabi/12.3.1/../../../../arm-none-eabi/lib/thumb/v7e-m+fp/hard\libc_nano.a(libc_a-findfp.o)
                0x20025bf8                __sf
 .bss.__stdio_exit_handler
                0x20025d30        0x4 C:/ST/STM32CubeIDE_1.16.1/STM32CubeIDE/plugins/com.st.stm32cube.ide.mcu.externaltools.gnu-tools-for-stm32.12.3.rel1.win32_1.0.200.202406191623/tools/bin/../lib/gcc/arm-none-eabi/12.3.1/../../../../arm-none-eabi/lib/thumb/v7e-m+fp/hard\libc_nano.a(libc_a-findfp.o)
                0x20025d30                __stdio_exit_handler
 .bss.errno     0x20025d34        0x4 C:/ST/STM32CubeIDE_1.16.1/STM32CubeIDE/plugins/com.st.stm32cube.ide.mcu.externaltools.gnu-tools-for-stm32.12.3.rel1.win32_1.0.200.202406191623/tools/bin/../lib/gcc/arm-none-eabi/12.3.1/../../../../arm-none-eabi/lib/thumb/v7e-m+fp/hard\libc_nano.a(libc_a-reent.o)
                0x20025d34                errno
 .bss.__lock___malloc_recursive_mutex
                0x20025d38        0x1 C:/ST/STM32CubeIDE_1.16.1/STM32CubeIDE/plugins/com.st.stm32cube.ide.mcu.externaltools.gnu-tools-for-stm32.12.3.rel1.win32_1.0.200.202406191623/tools/bin/../lib/gcc/arm-none-eabi/12.3.1/../../../../arm-none-eabi/lib/thumb/v7e-m+fp/hard\libc_nano.a(libc_a-lock.o)
                0x20025d38                __lock___malloc_recursive_mutex
 .bss.__lock___sfp_recursive_mutex
                0x20025d39        0x1 C:/ST/STM32CubeIDE_1.16.1/STM32CubeIDE/plugins/com.st.stm32cube.ide.mcu.externaltools.gnu-tools-for-stm32.12.3.rel1.win32_1.0.200.202406191623/tools/bin/../lib/gcc/arm-none-eabi/12.3.1/../../../../arm-none-eabi/lib/thumb/v7e-m+fp/hard\libc_nano.a(libc_a-lock.o)
                0x20025d39                __lock___sfp_recursive_mutex
 *fill*         0x20025d3a        0x2 
 .bss.__malloc_sbrk_start
                0x20025d3c        0x4 C:/ST/STM32CubeIDE_1.16.1/STM32CubeIDE/plugins/com.st.stm32cube.ide.mcu.externaltools.gnu-tools-for-stm32.12.3.rel1.win32_1.0.200.202406191623/tools/bin/../lib/gcc/arm-none-eabi/12.3.1/../../../../arm-none-eabi/lib/thumb/v7e-m+fp/hard\libc_nano.a(libc_a-mallocr.o)
                0x20025d3c                __malloc_sbrk_start
 .bss.__malloc_free_list
                0x20025d40        0x4 C:/ST/STM32CubeIDE_1.16.1/STM32CubeIDE/plugins/com.st.stm32cube.ide.mcu.externaltools.gnu-tools-for-stm32.12.3.rel1.win32_1.0.200.202406191623/tools/bin/../lib/gcc/arm-none-eabi/12.3.1/../../../../arm-none-eabi/lib/thumb/v7e-m+fp/hard\libc_nano.a(libc_a-mallocr.o)
                0x20025d40                __malloc_free_list
 *(COMMON)
                0x20025d44                        . = ALIGN (0x4)
                0x20025d44                        _ebss = .
                0x20025d44                        __bss_end__ = _ebss

._user_heap_stack
                0x20025d44      0x604
                0x20025d48                        . = ALIGN (0x8)
 *fill*         0x20025d44        0x4 
                [!provide]                        PROVIDE (end = .)
                0x20025d48                        PROVIDE (_end = .)
                0x20025f48                        . = (. + _Min_Heap_Size)
 *fill*         0x20025d48      0x200 
                0x20026348                        . = (. + _Min_Stack_Size)
 *fill*         0x20025f48      0x400 
                0x20026348                        . = ALIGN (0x8)

/DISCARD/
 libc.a(*)
 libm.a(*)
 libgcc.a(*)

.ARM.attributes
                0x00000000       0x30
 *(.ARM.attributes)
 .ARM.attributes
                0x00000000       0x22 C:/ST/STM32CubeIDE_1.16.1/STM32CubeIDE/plugins/com.st.stm32cube.ide.mcu.externaltools.gnu-tools-for-stm32.12.3.rel1.win32_1.0.200.202406191623/tools/bin/../lib/gcc/arm-none-eabi/12.3.1/thumb/v7e-m+fp/hard/crti.o
 .ARM.attributes
                0x00000022       0x34 C:/ST/STM32CubeIDE_1.16.1/STM32CubeIDE/plugins/com.st.stm32cube.ide.mcu.externaltools.gnu-tools-for-stm32.12.3.rel1.win32_1.0.200.202406191623/tools/bin/../lib/gcc/arm-none-eabi/12.3.1/thumb/v7e-m+fp/hard/crtbegin.o
 .ARM.attributes
                0x00000056       0x34 ./Core/Src/ApplicationCode.o
 .ARM.attributes
                0x0000008a       0x34 ./Core/Src/ButtonDriver.o
 .ARM.attributes
                0x000000be       0x34 ./Core/Src/InterruptControl.o
 .ARM.attributes
                0x000000f2       0x34 ./Core/Src/LCD_Driver.o
 .ARM.attributes
                0x00000126       0x34 ./Core/Src/Scheduler.o
 .ARM.attributes
                0x0000015a       0x34 ./Core/Src/fonts.o
 .ARM.attributes
                0x0000018e       0x34 ./Core/Src/ili9341.o
 .ARM.attributes
                0x000001c2       0x34 ./Core/Src/main.o
 .ARM.attributes
                0x000001f6       0x34 ./Core/Src/stm32f4xx_hal_msp.o
 .ARM.attributes
                0x0000022a       0x34 ./Core/Src/stm32f4xx_it.o
 .ARM.attributes
                0x0000025e       0x34 ./Core/Src/stmpe811.o
 .ARM.attributes
                0x00000292       0x34 ./Core/Src/syscalls.o
 .ARM.attributes
                0x000002c6       0x34 ./Core/Src/sysmem.o
 .ARM.attributes
                0x000002fa       0x34 ./Core/Src/system_stm32f4xx.o
 .ARM.attributes
                0x0000032e       0x21 ./Core/Startup/startup_stm32f429zitx.o
 .ARM.attributes
                0x0000034f       0x34 ./Drivers/STM32F4xx_HAL_Driver/Src/stm32f4xx_hal.o
 .ARM.attributes
                0x00000383       0x34 ./Drivers/STM32F4xx_HAL_Driver/Src/stm32f4xx_hal_cortex.o
 .ARM.attributes
                0x000003b7       0x34 ./Drivers/STM32F4xx_HAL_Driver/Src/stm32f4xx_hal_exti.o
 .ARM.attributes
                0x000003eb       0x34 ./Drivers/STM32F4xx_HAL_Driver/Src/stm32f4xx_hal_gpio.o
 .ARM.attributes
                0x0000041f       0x34 ./Drivers/STM32F4xx_HAL_Driver/Src/stm32f4xx_hal_i2c.o
 .ARM.attributes
                0x00000453       0x34 ./Drivers/STM32F4xx_HAL_Driver/Src/stm32f4xx_hal_i2c_ex.o
 .ARM.attributes
                0x00000487       0x34 ./Drivers/STM32F4xx_HAL_Driver/Src/stm32f4xx_hal_ltdc.o
 .ARM.attributes
                0x000004bb       0x34 ./Drivers/STM32F4xx_HAL_Driver/Src/stm32f4xx_hal_rcc.o
 .ARM.attributes
                0x000004ef       0x34 ./Drivers/STM32F4xx_HAL_Driver/Src/stm32f4xx_hal_rcc_ex.o
 .ARM.attributes
                0x00000523       0x34 ./Drivers/STM32F4xx_HAL_Driver/Src/stm32f4xx_hal_rng.o
 .ARM.attributes
                0x00000557       0x34 ./Drivers/STM32F4xx_HAL_Driver/Src/stm32f4xx_hal_spi.o
 .ARM.attributes
                0x0000058b       0x34 ./Drivers/STM32F4xx_HAL_Driver/Src/stm32f4xx_hal_tim.o
 .ARM.attributes
                0x000005bf       0x34 ./Drivers/STM32F4xx_HAL_Driver/Src/stm32f4xx_hal_tim_ex.o
 .ARM.attributes
                0x000005f3       0x34 C:/ST/STM32CubeIDE_1.16.1/STM32CubeIDE/plugins/com.st.stm32cube.ide.mcu.externaltools.gnu-tools-for-stm32.12.3.rel1.win32_1.0.200.202406191623/tools/bin/../lib/gcc/arm-none-eabi/12.3.1/../../../../arm-none-eabi/lib/thumb/v7e-m+fp/hard\libc_nano.a(libc_a-findfp.o)
 .ARM.attributes
                0x00000627       0x34 C:/ST/STM32CubeIDE_1.16.1/STM32CubeIDE/plugins/com.st.stm32cube.ide.mcu.externaltools.gnu-tools-for-stm32.12.3.rel1.win32_1.0.200.202406191623/tools/bin/../lib/gcc/arm-none-eabi/12.3.1/../../../../arm-none-eabi/lib/thumb/v7e-m+fp/hard\libc_nano.a(libc_a-fwalk.o)
 .ARM.attributes
                0x0000065b       0x34 C:/ST/STM32CubeIDE_1.16.1/STM32CubeIDE/plugins/com.st.stm32cube.ide.mcu.externaltools.gnu-tools-for-stm32.12.3.rel1.win32_1.0.200.202406191623/tools/bin/../lib/gcc/arm-none-eabi/12.3.1/../../../../arm-none-eabi/lib/thumb/v7e-m+fp/hard\libc_nano.a(libc_a-printf.o)
 .ARM.attributes
                0x0000068f       0x34 C:/ST/STM32CubeIDE_1.16.1/STM32CubeIDE/plugins/com.st.stm32cube.ide.mcu.externaltools.gnu-tools-for-stm32.12.3.rel1.win32_1.0.200.202406191623/tools/bin/../lib/gcc/arm-none-eabi/12.3.1/../../../../arm-none-eabi/lib/thumb/v7e-m+fp/hard\libc_nano.a(libc_a-puts.o)
 .ARM.attributes
                0x000006c3       0x34 C:/ST/STM32CubeIDE_1.16.1/STM32CubeIDE/plugins/com.st.stm32cube.ide.mcu.externaltools.gnu-tools-for-stm32.12.3.rel1.win32_1.0.200.202406191623/tools/bin/../lib/gcc/arm-none-eabi/12.3.1/../../../../arm-none-eabi/lib/thumb/v7e-m+fp/hard\libc_nano.a(libc_a-stdio.o)
 .ARM.attributes
                0x000006f7       0x34 C:/ST/STM32CubeIDE_1.16.1/STM32CubeIDE/plugins/com.st.stm32cube.ide.mcu.externaltools.gnu-tools-for-stm32.12.3.rel1.win32_1.0.200.202406191623/tools/bin/../lib/gcc/arm-none-eabi/12.3.1/../../../../arm-none-eabi/lib/thumb/v7e-m+fp/hard\libc_nano.a(libc_a-wbuf.o)
 .ARM.attributes
                0x0000072b       0x34 C:/ST/STM32CubeIDE_1.16.1/STM32CubeIDE/plugins/com.st.stm32cube.ide.mcu.externaltools.gnu-tools-for-stm32.12.3.rel1.win32_1.0.200.202406191623/tools/bin/../lib/gcc/arm-none-eabi/12.3.1/../../../../arm-none-eabi/lib/thumb/v7e-m+fp/hard\libc_nano.a(libc_a-wsetup.o)
 .ARM.attributes
                0x0000075f       0x34 C:/ST/STM32CubeIDE_1.16.1/STM32CubeIDE/plugins/com.st.stm32cube.ide.mcu.externaltools.gnu-tools-for-stm32.12.3.rel1.win32_1.0.200.202406191623/tools/bin/../lib/gcc/arm-none-eabi/12.3.1/../../../../arm-none-eabi/lib/thumb/v7e-m+fp/hard\libc_nano.a(libc_a-memset.o)
 .ARM.attributes
                0x00000793       0x34 C:/ST/STM32CubeIDE_1.16.1/STM32CubeIDE/plugins/com.st.stm32cube.ide.mcu.externaltools.gnu-tools-for-stm32.12.3.rel1.win32_1.0.200.202406191623/tools/bin/../lib/gcc/arm-none-eabi/12.3.1/../../../../arm-none-eabi/lib/thumb/v7e-m+fp/hard\libc_nano.a(libc_a-closer.o)
 .ARM.attributes
                0x000007c7       0x34 C:/ST/STM32CubeIDE_1.16.1/STM32CubeIDE/plugins/com.st.stm32cube.ide.mcu.externaltools.gnu-tools-for-stm32.12.3.rel1.win32_1.0.200.202406191623/tools/bin/../lib/gcc/arm-none-eabi/12.3.1/../../../../arm-none-eabi/lib/thumb/v7e-m+fp/hard\libc_nano.a(libc_a-reent.o)
 .ARM.attributes
                0x000007fb       0x34 C:/ST/STM32CubeIDE_1.16.1/STM32CubeIDE/plugins/com.st.stm32cube.ide.mcu.externaltools.gnu-tools-for-stm32.12.3.rel1.win32_1.0.200.202406191623/tools/bin/../lib/gcc/arm-none-eabi/12.3.1/../../../../arm-none-eabi/lib/thumb/v7e-m+fp/hard\libc_nano.a(libc_a-impure.o)
 .ARM.attributes
                0x0000082f       0x34 C:/ST/STM32CubeIDE_1.16.1/STM32CubeIDE/plugins/com.st.stm32cube.ide.mcu.externaltools.gnu-tools-for-stm32.12.3.rel1.win32_1.0.200.202406191623/tools/bin/../lib/gcc/arm-none-eabi/12.3.1/../../../../arm-none-eabi/lib/thumb/v7e-m+fp/hard\libc_nano.a(libc_a-lseekr.o)
 .ARM.attributes
                0x00000863       0x34 C:/ST/STM32CubeIDE_1.16.1/STM32CubeIDE/plugins/com.st.stm32cube.ide.mcu.externaltools.gnu-tools-for-stm32.12.3.rel1.win32_1.0.200.202406191623/tools/bin/../lib/gcc/arm-none-eabi/12.3.1/../../../../arm-none-eabi/lib/thumb/v7e-m+fp/hard\libc_nano.a(libc_a-readr.o)
 .ARM.attributes
                0x00000897       0x34 C:/ST/STM32CubeIDE_1.16.1/STM32CubeIDE/plugins/com.st.stm32cube.ide.mcu.externaltools.gnu-tools-for-stm32.12.3.rel1.win32_1.0.200.202406191623/tools/bin/../lib/gcc/arm-none-eabi/12.3.1/../../../../arm-none-eabi/lib/thumb/v7e-m+fp/hard\libc_nano.a(libc_a-writer.o)
 .ARM.attributes
                0x000008cb       0x34 C:/ST/STM32CubeIDE_1.16.1/STM32CubeIDE/plugins/com.st.stm32cube.ide.mcu.externaltools.gnu-tools-for-stm32.12.3.rel1.win32_1.0.200.202406191623/tools/bin/../lib/gcc/arm-none-eabi/12.3.1/../../../../arm-none-eabi/lib/thumb/v7e-m+fp/hard\libc_nano.a(libc_a-errno.o)
 .ARM.attributes
                0x000008ff       0x34 C:/ST/STM32CubeIDE_1.16.1/STM32CubeIDE/plugins/com.st.stm32cube.ide.mcu.externaltools.gnu-tools-for-stm32.12.3.rel1.win32_1.0.200.202406191623/tools/bin/../lib/gcc/arm-none-eabi/12.3.1/../../../../arm-none-eabi/lib/thumb/v7e-m+fp/hard\libc_nano.a(libc_a-init.o)
 .ARM.attributes
                0x00000933       0x34 C:/ST/STM32CubeIDE_1.16.1/STM32CubeIDE/plugins/com.st.stm32cube.ide.mcu.externaltools.gnu-tools-for-stm32.12.3.rel1.win32_1.0.200.202406191623/tools/bin/../lib/gcc/arm-none-eabi/12.3.1/../../../../arm-none-eabi/lib/thumb/v7e-m+fp/hard\libc_nano.a(libc_a-lock.o)
 .ARM.attributes
                0x00000967       0x34 C:/ST/STM32CubeIDE_1.16.1/STM32CubeIDE/plugins/com.st.stm32cube.ide.mcu.externaltools.gnu-tools-for-stm32.12.3.rel1.win32_1.0.200.202406191623/tools/bin/../lib/gcc/arm-none-eabi/12.3.1/../../../../arm-none-eabi/lib/thumb/v7e-m+fp/hard\libc_nano.a(libc_a-freer.o)
 .ARM.attributes
                0x0000099b       0x34 C:/ST/STM32CubeIDE_1.16.1/STM32CubeIDE/plugins/com.st.stm32cube.ide.mcu.externaltools.gnu-tools-for-stm32.12.3.rel1.win32_1.0.200.202406191623/tools/bin/../lib/gcc/arm-none-eabi/12.3.1/../../../../arm-none-eabi/lib/thumb/v7e-m+fp/hard\libc_nano.a(libc_a-mallocr.o)
 .ARM.attributes
                0x000009cf       0x34 C:/ST/STM32CubeIDE_1.16.1/STM32CubeIDE/plugins/com.st.stm32cube.ide.mcu.externaltools.gnu-tools-for-stm32.12.3.rel1.win32_1.0.200.202406191623/tools/bin/../lib/gcc/arm-none-eabi/12.3.1/../../../../arm-none-eabi/lib/thumb/v7e-m+fp/hard\libc_nano.a(libc_a-mlock.o)
 .ARM.attributes
                0x00000a03       0x34 C:/ST/STM32CubeIDE_1.16.1/STM32CubeIDE/plugins/com.st.stm32cube.ide.mcu.externaltools.gnu-tools-for-stm32.12.3.rel1.win32_1.0.200.202406191623/tools/bin/../lib/gcc/arm-none-eabi/12.3.1/../../../../arm-none-eabi/lib/thumb/v7e-m+fp/hard\libc_nano.a(libc_a-nano-vfprintf.o)
 .ARM.attributes
                0x00000a37       0x34 C:/ST/STM32CubeIDE_1.16.1/STM32CubeIDE/plugins/com.st.stm32cube.ide.mcu.externaltools.gnu-tools-for-stm32.12.3.rel1.win32_1.0.200.202406191623/tools/bin/../lib/gcc/arm-none-eabi/12.3.1/../../../../arm-none-eabi/lib/thumb/v7e-m+fp/hard\libc_nano.a(libc_a-nano-vfprintf_i.o)
 .ARM.attributes
                0x00000a6b       0x34 C:/ST/STM32CubeIDE_1.16.1/STM32CubeIDE/plugins/com.st.stm32cube.ide.mcu.externaltools.gnu-tools-for-stm32.12.3.rel1.win32_1.0.200.202406191623/tools/bin/../lib/gcc/arm-none-eabi/12.3.1/../../../../arm-none-eabi/lib/thumb/v7e-m+fp/hard\libc_nano.a(libc_a-fflush.o)
 .ARM.attributes
                0x00000a9f       0x34 C:/ST/STM32CubeIDE_1.16.1/STM32CubeIDE/plugins/com.st.stm32cube.ide.mcu.externaltools.gnu-tools-for-stm32.12.3.rel1.win32_1.0.200.202406191623/tools/bin/../lib/gcc/arm-none-eabi/12.3.1/../../../../arm-none-eabi/lib/thumb/v7e-m+fp/hard\libc_nano.a(libc_a-makebuf.o)
 .ARM.attributes
                0x00000ad3       0x34 C:/ST/STM32CubeIDE_1.16.1/STM32CubeIDE/plugins/com.st.stm32cube.ide.mcu.externaltools.gnu-tools-for-stm32.12.3.rel1.win32_1.0.200.202406191623/tools/bin/../lib/gcc/arm-none-eabi/12.3.1/../../../../arm-none-eabi/lib/thumb/v7e-m+fp/hard\libc_nano.a(libc_a-fstatr.o)
 .ARM.attributes
                0x00000b07       0x34 C:/ST/STM32CubeIDE_1.16.1/STM32CubeIDE/plugins/com.st.stm32cube.ide.mcu.externaltools.gnu-tools-for-stm32.12.3.rel1.win32_1.0.200.202406191623/tools/bin/../lib/gcc/arm-none-eabi/12.3.1/../../../../arm-none-eabi/lib/thumb/v7e-m+fp/hard\libc_nano.a(libc_a-isattyr.o)
 .ARM.attributes
                0x00000b3b       0x34 C:/ST/STM32CubeIDE_1.16.1/STM32CubeIDE/plugins/com.st.stm32cube.ide.mcu.externaltools.gnu-tools-for-stm32.12.3.rel1.win32_1.0.200.202406191623/tools/bin/../lib/gcc/arm-none-eabi/12.3.1/../../../../arm-none-eabi/lib/thumb/v7e-m+fp/hard\libc_nano.a(libc_a-sbrkr.o)
 .ARM.attributes
                0x00000b6f       0x1c C:/ST/STM32CubeIDE_1.16.1/STM32CubeIDE/plugins/com.st.stm32cube.ide.mcu.externaltools.gnu-tools-for-stm32.12.3.rel1.win32_1.0.200.202406191623/tools/bin/../lib/gcc/arm-none-eabi/12.3.1/../../../../arm-none-eabi/lib/thumb/v7e-m+fp/hard\libc_nano.a(libc_a-memchr.o)
 .ARM.attributes
                0x00000b8b       0x22 C:/ST/STM32CubeIDE_1.16.1/STM32CubeIDE/plugins/com.st.stm32cube.ide.mcu.externaltools.gnu-tools-for-stm32.12.3.rel1.win32_1.0.200.202406191623/tools/bin/../lib/gcc/arm-none-eabi/12.3.1/thumb/v7e-m+fp/hard\libgcc.a(_aeabi_uldivmod.o)
 .ARM.attributes
                0x00000bad       0x34 C:/ST/STM32CubeIDE_1.16.1/STM32CubeIDE/plugins/com.st.stm32cube.ide.mcu.externaltools.gnu-tools-for-stm32.12.3.rel1.win32_1.0.200.202406191623/tools/bin/../lib/gcc/arm-none-eabi/12.3.1/thumb/v7e-m+fp/hard\libgcc.a(_udivmoddi4.o)
 .ARM.attributes
                0x00000be1       0x22 C:/ST/STM32CubeIDE_1.16.1/STM32CubeIDE/plugins/com.st.stm32cube.ide.mcu.externaltools.gnu-tools-for-stm32.12.3.rel1.win32_1.0.200.202406191623/tools/bin/../lib/gcc/arm-none-eabi/12.3.1/thumb/v7e-m+fp/hard\libgcc.a(_dvmd_tls.o)
 .ARM.attributes
                0x00000c03       0x22 C:/ST/STM32CubeIDE_1.16.1/STM32CubeIDE/plugins/com.st.stm32cube.ide.mcu.externaltools.gnu-tools-for-stm32.12.3.rel1.win32_1.0.200.202406191623/tools/bin/../lib/gcc/arm-none-eabi/12.3.1/thumb/v7e-m+fp/hard/crtn.o
OUTPUT(FTenneyLabFinalProject.elf elf32-littlearm)
LOAD linker stubs
LOAD C:/ST/STM32CubeIDE_1.16.1/STM32CubeIDE/plugins/com.st.stm32cube.ide.mcu.externaltools.gnu-tools-for-stm32.12.3.rel1.win32_1.0.200.202406191623/tools/bin/../lib/gcc/arm-none-eabi/12.3.1/../../../../arm-none-eabi/lib/thumb/v7e-m+fp/hard\libc.a
LOAD C:/ST/STM32CubeIDE_1.16.1/STM32CubeIDE/plugins/com.st.stm32cube.ide.mcu.externaltools.gnu-tools-for-stm32.12.3.rel1.win32_1.0.200.202406191623/tools/bin/../lib/gcc/arm-none-eabi/12.3.1/../../../../arm-none-eabi/lib/thumb/v7e-m+fp/hard\libm.a
LOAD C:/ST/STM32CubeIDE_1.16.1/STM32CubeIDE/plugins/com.st.stm32cube.ide.mcu.externaltools.gnu-tools-for-stm32.12.3.rel1.win32_1.0.200.202406191623/tools/bin/../lib/gcc/arm-none-eabi/12.3.1/thumb/v7e-m+fp/hard\libgcc.a

.debug_info     0x00000000    0x14e6f
 .debug_info    0x00000000      0x954 ./Core/Src/ApplicationCode.o
 .debug_info    0x00000954      0x4de ./Core/Src/ButtonDriver.o
 .debug_info    0x00000e32      0x12e ./Core/Src/InterruptControl.o
 .debug_info    0x00000f60     0x162d ./Core/Src/LCD_Driver.o
 .debug_info    0x0000258d       0xf7 ./Core/Src/Scheduler.o
 .debug_info    0x00002684      0x145 ./Core/Src/fonts.o
 .debug_info    0x000027c9      0xc85 ./Core/Src/ili9341.o
 .debug_info    0x0000344e     0x1c50 ./Core/Src/main.o
 .debug_info    0x0000509e     0x17bd ./Core/Src/stm32f4xx_hal_msp.o
 .debug_info    0x0000685b      0x119 ./Core/Src/stm32f4xx_it.o
 .debug_info    0x00006974     0x124f ./Core/Src/stmpe811.o
 .debug_info    0x00007bc3      0x6a3 ./Core/Src/syscalls.o
 .debug_info    0x00008266      0x168 ./Core/Src/sysmem.o
 .debug_info    0x000083ce      0x52e ./Core/Src/system_stm32f4xx.o
 .debug_info    0x000088fc       0x30 ./Core/Startup/startup_stm32f429zitx.o
 .debug_info    0x0000892c      0x9ba ./Drivers/STM32F4xx_HAL_Driver/Src/stm32f4xx_hal.o
 .debug_info    0x000092e6      0xdc2 ./Drivers/STM32F4xx_HAL_Driver/Src/stm32f4xx_hal_cortex.o
 .debug_info    0x0000a0a8      0x4f4 ./Drivers/STM32F4xx_HAL_Driver/Src/stm32f4xx_hal_exti.o
 .debug_info    0x0000a59c      0x6db ./Drivers/STM32F4xx_HAL_Driver/Src/stm32f4xx_hal_gpio.o
 .debug_info    0x0000ac77     0x2421 ./Drivers/STM32F4xx_HAL_Driver/Src/stm32f4xx_hal_i2c.o
 .debug_info    0x0000d098      0x672 ./Drivers/STM32F4xx_HAL_Driver/Src/stm32f4xx_hal_i2c_ex.o
 .debug_info    0x0000d70a     0x1022 ./Drivers/STM32F4xx_HAL_Driver/Src/stm32f4xx_hal_ltdc.o
 .debug_info    0x0000e72c      0x8c7 ./Drivers/STM32F4xx_HAL_Driver/Src/stm32f4xx_hal_rcc.o
 .debug_info    0x0000eff3      0x64c ./Drivers/STM32F4xx_HAL_Driver/Src/stm32f4xx_hal_rcc_ex.o
 .debug_info    0x0000f63f      0x493 ./Drivers/STM32F4xx_HAL_Driver/Src/stm32f4xx_hal_rng.o
 .debug_info    0x0000fad2     0x1525 ./Drivers/STM32F4xx_HAL_Driver/Src/stm32f4xx_hal_spi.o
 .debug_info    0x00010ff7     0x299d ./Drivers/STM32F4xx_HAL_Driver/Src/stm32f4xx_hal_tim.o
 .debug_info    0x00013994     0x14db ./Drivers/STM32F4xx_HAL_Driver/Src/stm32f4xx_hal_tim_ex.o

.debug_abbrev   0x00000000     0x34cc
 .debug_abbrev  0x00000000      0x1d8 ./Core/Src/ApplicationCode.o
 .debug_abbrev  0x000001d8      0x188 ./Core/Src/ButtonDriver.o
 .debug_abbrev  0x00000360       0xb0 ./Core/Src/InterruptControl.o
 .debug_abbrev  0x00000410      0x326 ./Core/Src/LCD_Driver.o
 .debug_abbrev  0x00000736       0x94 ./Core/Src/Scheduler.o
 .debug_abbrev  0x000007ca       0xc6 ./Core/Src/fonts.o
 .debug_abbrev  0x00000890      0x2c9 ./Core/Src/ili9341.o
 .debug_abbrev  0x00000b59      0x34f ./Core/Src/main.o
 .debug_abbrev  0x00000ea8      0x25c ./Core/Src/stm32f4xx_hal_msp.o
 .debug_abbrev  0x00001104       0x73 ./Core/Src/stm32f4xx_it.o
 .debug_abbrev  0x00001177      0x303 ./Core/Src/stmpe811.o
 .debug_abbrev  0x0000147a      0x1b6 ./Core/Src/syscalls.o
 .debug_abbrev  0x00001630       0xbc ./Core/Src/sysmem.o
 .debug_abbrev  0x000016ec      0x11a ./Core/Src/system_stm32f4xx.o
 .debug_abbrev  0x00001806       0x24 ./Core/Startup/startup_stm32f429zitx.o
 .debug_abbrev  0x0000182a      0x214 ./Drivers/STM32F4xx_HAL_Driver/Src/stm32f4xx_hal.o
 .debug_abbrev  0x00001a3e      0x31d ./Drivers/STM32F4xx_HAL_Driver/Src/stm32f4xx_hal_cortex.o
 .debug_abbrev  0x00001d5b      0x1c6 ./Drivers/STM32F4xx_HAL_Driver/Src/stm32f4xx_hal_exti.o
 .debug_abbrev  0x00001f21      0x1d4 ./Drivers/STM32F4xx_HAL_Driver/Src/stm32f4xx_hal_gpio.o
 .debug_abbrev  0x000020f5      0x2ad ./Drivers/STM32F4xx_HAL_Driver/Src/stm32f4xx_hal_i2c.o
 .debug_abbrev  0x000023a2      0x157 ./Drivers/STM32F4xx_HAL_Driver/Src/stm32f4xx_hal_i2c_ex.o
 .debug_abbrev  0x000024f9      0x233 ./Drivers/STM32F4xx_HAL_Driver/Src/stm32f4xx_hal_ltdc.o
 .debug_abbrev  0x0000272c      0x2b7 ./Drivers/STM32F4xx_HAL_Driver/Src/stm32f4xx_hal_rcc.o
 .debug_abbrev  0x000029e3      0x1b0 ./Drivers/STM32F4xx_HAL_Driver/Src/stm32f4xx_hal_rcc_ex.o
 .debug_abbrev  0x00002b93      0x1c4 ./Drivers/STM32F4xx_HAL_Driver/Src/stm32f4xx_hal_rng.o
 .debug_abbrev  0x00002d57      0x27a ./Drivers/STM32F4xx_HAL_Driver/Src/stm32f4xx_hal_spi.o
 .debug_abbrev  0x00002fd1      0x278 ./Drivers/STM32F4xx_HAL_Driver/Src/stm32f4xx_hal_tim.o
 .debug_abbrev  0x00003249      0x283 ./Drivers/STM32F4xx_HAL_Driver/Src/stm32f4xx_hal_tim_ex.o

.debug_aranges  0x00000000     0x1508
 .debug_aranges
                0x00000000       0x48 ./Core/Src/ApplicationCode.o
 .debug_aranges
                0x00000048       0x28 ./Core/Src/ButtonDriver.o
 .debug_aranges
                0x00000070       0x20 ./Core/Src/InterruptControl.o
 .debug_aranges
                0x00000090      0x110 ./Core/Src/LCD_Driver.o
 .debug_aranges
                0x000001a0       0x30 ./Core/Src/Scheduler.o
 .debug_aranges
                0x000001d0       0x18 ./Core/Src/fonts.o
 .debug_aranges
                0x000001e8       0x98 ./Core/Src/ili9341.o
 .debug_aranges
                0x00000280       0x88 ./Core/Src/main.o
 .debug_aranges
                0x00000308       0x70 ./Core/Src/stm32f4xx_hal_msp.o
 .debug_aranges
                0x00000378       0x60 ./Core/Src/stm32f4xx_it.o
 .debug_aranges
                0x000003d8       0x98 ./Core/Src/stmpe811.o
 .debug_aranges
                0x00000470       0xa8 ./Core/Src/syscalls.o
 .debug_aranges
                0x00000518       0x20 ./Core/Src/sysmem.o
 .debug_aranges
                0x00000538       0x28 ./Core/Src/system_stm32f4xx.o
 .debug_aranges
                0x00000560       0x28 ./Core/Startup/startup_stm32f429zitx.o
 .debug_aranges
                0x00000588      0x100 ./Drivers/STM32F4xx_HAL_Driver/Src/stm32f4xx_hal.o
 .debug_aranges
                0x00000688      0x130 ./Drivers/STM32F4xx_HAL_Driver/Src/stm32f4xx_hal_cortex.o
 .debug_aranges
                0x000007b8       0x60 ./Drivers/STM32F4xx_HAL_Driver/Src/stm32f4xx_hal_exti.o
 .debug_aranges
                0x00000818       0x58 ./Drivers/STM32F4xx_HAL_Driver/Src/stm32f4xx_hal_gpio.o
 .debug_aranges
                0x00000870      0x2a8 ./Drivers/STM32F4xx_HAL_Driver/Src/stm32f4xx_hal_i2c.o
 .debug_aranges
                0x00000b18       0x28 ./Drivers/STM32F4xx_HAL_Driver/Src/stm32f4xx_hal_i2c_ex.o
 .debug_aranges
                0x00000b40      0x158 ./Drivers/STM32F4xx_HAL_Driver/Src/stm32f4xx_hal_ltdc.o
 .debug_aranges
                0x00000c98       0x88 ./Drivers/STM32F4xx_HAL_Driver/Src/stm32f4xx_hal_rcc.o
 .debug_aranges
                0x00000d20       0x58 ./Drivers/STM32F4xx_HAL_Driver/Src/stm32f4xx_hal_rcc_ex.o
 .debug_aranges
                0x00000d78       0x88 ./Drivers/STM32F4xx_HAL_Driver/Src/stm32f4xx_hal_rng.o
 .debug_aranges
                0x00000e00      0x1d0 ./Drivers/STM32F4xx_HAL_Driver/Src/stm32f4xx_hal_spi.o
 .debug_aranges
                0x00000fd0      0x3d0 ./Drivers/STM32F4xx_HAL_Driver/Src/stm32f4xx_hal_tim.o
 .debug_aranges
                0x000013a0      0x168 ./Drivers/STM32F4xx_HAL_Driver/Src/stm32f4xx_hal_tim_ex.o

.debug_rnglists
                0x00000000     0x1028
 .debug_rnglists
                0x00000000       0x32 ./Core/Src/ApplicationCode.o
 .debug_rnglists
                0x00000032       0x19 ./Core/Src/ButtonDriver.o
 .debug_rnglists
                0x0000004b       0x13 ./Core/Src/InterruptControl.o
 .debug_rnglists
                0x0000005e       0xd1 ./Core/Src/LCD_Driver.o
 .debug_rnglists
                0x0000012f       0x1f ./Core/Src/Scheduler.o
 .debug_rnglists
                0x0000014e       0x6f ./Core/Src/ili9341.o
 .debug_rnglists
                0x000001bd       0x6a ./Core/Src/main.o
 .debug_rnglists
                0x00000227       0x53 ./Core/Src/stm32f4xx_hal_msp.o
 .debug_rnglists
                0x0000027a       0x43 ./Core/Src/stm32f4xx_it.o
 .debug_rnglists
                0x000002bd       0x73 ./Core/Src/stmpe811.o
 .debug_rnglists
                0x00000330       0x79 ./Core/Src/syscalls.o
 .debug_rnglists
                0x000003a9       0x13 ./Core/Src/sysmem.o
 .debug_rnglists
                0x000003bc       0x1a ./Core/Src/system_stm32f4xx.o
 .debug_rnglists
                0x000003d6       0x19 ./Core/Startup/startup_stm32f429zitx.o
 .debug_rnglists
                0x000003ef       0xbb ./Drivers/STM32F4xx_HAL_Driver/Src/stm32f4xx_hal.o
 .debug_rnglists
                0x000004aa       0xe0 ./Drivers/STM32F4xx_HAL_Driver/Src/stm32f4xx_hal_cortex.o
 .debug_rnglists
                0x0000058a       0x46 ./Drivers/STM32F4xx_HAL_Driver/Src/stm32f4xx_hal_exti.o
 .debug_rnglists
                0x000005d0       0x3f ./Drivers/STM32F4xx_HAL_Driver/Src/stm32f4xx_hal_gpio.o
 .debug_rnglists
                0x0000060f      0x23c ./Drivers/STM32F4xx_HAL_Driver/Src/stm32f4xx_hal_i2c.o
 .debug_rnglists
                0x0000084b       0x19 ./Drivers/STM32F4xx_HAL_Driver/Src/stm32f4xx_hal_i2c_ex.o
 .debug_rnglists
                0x00000864      0x10a ./Drivers/STM32F4xx_HAL_Driver/Src/stm32f4xx_hal_ltdc.o
 .debug_rnglists
                0x0000096e       0x66 ./Drivers/STM32F4xx_HAL_Driver/Src/stm32f4xx_hal_rcc.o
 .debug_rnglists
                0x000009d4       0x43 ./Drivers/STM32F4xx_HAL_Driver/Src/stm32f4xx_hal_rcc_ex.o
 .debug_rnglists
                0x00000a17       0x63 ./Drivers/STM32F4xx_HAL_Driver/Src/stm32f4xx_hal_rng.o
 .debug_rnglists
                0x00000a7a      0x16f ./Drivers/STM32F4xx_HAL_Driver/Src/stm32f4xx_hal_spi.o
 .debug_rnglists
                0x00000be9      0x31a ./Drivers/STM32F4xx_HAL_Driver/Src/stm32f4xx_hal_tim.o
 .debug_rnglists
                0x00000f03      0x125 ./Drivers/STM32F4xx_HAL_Driver/Src/stm32f4xx_hal_tim_ex.o

.debug_macro    0x00000000    0x277cd
 .debug_macro   0x00000000      0x34e ./Core/Src/ApplicationCode.o
 .debug_macro   0x0000034e      0xab4 ./Core/Src/ApplicationCode.o
 .debug_macro   0x00000e02      0x2ad ./Core/Src/ApplicationCode.o
 .debug_macro   0x000010af       0x2e ./Core/Src/ApplicationCode.o
 .debug_macro   0x000010dd       0x28 ./Core/Src/ApplicationCode.o
 .debug_macro   0x00001105       0x22 ./Core/Src/ApplicationCode.o
 .debug_macro   0x00001127       0x8e ./Core/Src/ApplicationCode.o
 .debug_macro   0x000011b5       0x51 ./Core/Src/ApplicationCode.o
 .debug_macro   0x00001206      0x103 ./Core/Src/ApplicationCode.o
 .debug_macro   0x00001309       0x6a ./Core/Src/ApplicationCode.o
 .debug_macro   0x00001373      0x1df ./Core/Src/ApplicationCode.o
 .debug_macro   0x00001552       0x1c ./Core/Src/ApplicationCode.o
 .debug_macro   0x0000156e       0x22 ./Core/Src/ApplicationCode.o
 .debug_macro   0x00001590       0xfb ./Core/Src/ApplicationCode.o
 .debug_macro   0x0000168b     0x1011 ./Core/Src/ApplicationCode.o
 .debug_macro   0x0000269c      0x11f ./Core/Src/ApplicationCode.o
 .debug_macro   0x000027bb    0x17fd8 ./Core/Src/ApplicationCode.o
 .debug_macro   0x0001a793       0x6d ./Core/Src/ApplicationCode.o
 .debug_macro   0x0001a800     0x3711 ./Core/Src/ApplicationCode.o
 .debug_macro   0x0001df11      0x189 ./Core/Src/ApplicationCode.o
 .debug_macro   0x0001e09a       0x5c ./Core/Src/ApplicationCode.o
 .debug_macro   0x0001e0f6      0xcba ./Core/Src/ApplicationCode.o
 .debug_macro   0x0001edb0      0x9e9 ./Core/Src/ApplicationCode.o
 .debug_macro   0x0001f799      0x115 ./Core/Src/ApplicationCode.o
 .debug_macro   0x0001f8ae      0x156 ./Core/Src/ApplicationCode.o
 .debug_macro   0x0001fa04       0xa5 ./Core/Src/ApplicationCode.o
 .debug_macro   0x0001faa9      0x182 ./Core/Src/ApplicationCode.o
 .debug_macro   0x0001fc2b      0x287 ./Core/Src/ApplicationCode.o
 .debug_macro   0x0001feb2       0x5f ./Core/Src/ApplicationCode.o
 .debug_macro   0x0001ff11      0x236 ./Core/Src/ApplicationCode.o